 overflow_and_saturation_sfun

 Timestamp is 5be02864 (Mon Nov  5 12:24:20 2018)

 Preferred load address is 0000000180000000

 Start         Length     Name                   Class
 0001:00000000 0000f3b0H .text$mn                CODE
 0001:0000f3b0 00000012H .text$mn$00             CODE
 0001:0000f3c2 00000081H .text$x                 CODE
 0002:00000000 000004b0H .idata$5                DATA
 0002:000004b0 00000010H .00cfg                  DATA
 0002:000004c0 00000008H .CRT$XCA                DATA
 0002:000004c8 00000008H .CRT$XCZ                DATA
 0002:000004d0 00000008H .CRT$XIA                DATA
 0002:000004d8 00000008H .CRT$XIZ                DATA
 0002:000004e0 00000008H .CRT$XPA                DATA
 0002:000004e8 00000008H .CRT$XPZ                DATA
 0002:000004f0 00000008H .CRT$XTA                DATA
 0002:000004f8 00000008H .CRT$XTZ                DATA
 0002:00000500 00000844H .rdata                  DATA
 0002:00000d44 0000022cH .rdata$zzzdbg           DATA
 0002:00000f70 00000008H .rtc$IAA                DATA
 0002:00000f78 00000008H .rtc$IZZ                DATA
 0002:00000f80 00000008H .rtc$TAA                DATA
 0002:00000f88 00000008H .rtc$TZZ                DATA
 0002:00000f90 00000850H .xdata                  DATA
 0002:000017e0 00000064H .edata                  DATA
 0002:00001844 000000c8H .idata$2                DATA
 0002:0000190c 00000014H .idata$3                DATA
 0002:00001920 000004b0H .idata$4                DATA
 0002:00001dd0 00000df2H .idata$6                DATA
 0003:00000000 00001f60H .data                   DATA
 0003:00001f60 00000720H .bss                    DATA
 0004:00000000 00000a08H .pdata                  DATA
 0005:00000000 00000018H .gfids$y                DATA

  Address         Publics by Value              Rva+Base               Lib:Object

 0000:00000000       ___safe_se_handler_count   0000000000000000     <absolute>
 0000:00000000       __guard_fids_table         0000000000000000     <absolute>
 0000:00000000       __dynamic_value_reloc_table 0000000000000000     <absolute>
 0000:00000000       __guard_longjmp_count      0000000000000000     <absolute>
 0000:00000000       __guard_longjmp_table      0000000000000000     <absolute>
 0000:00000000       __guard_fids_count         0000000000000000     <absolute>
 0000:00000000       ___safe_se_handler_table   0000000000000000     <absolute>
 0000:00000000       __guard_iat_table          0000000000000000     <absolute>
 0000:00000000       __guard_iat_count          0000000000000000     <absolute>
 0000:00000100       __guard_flags              0000000000000100     <absolute>
 0000:00000000       __ImageBase                0000000180000000     <linker-defined>
 0001:00000000       overflow_and_saturation_initializer 0000000180001000 f   overflow_and_saturation_sfun.obj
 0001:00000010       overflow_and_saturation_terminator 0000000180001010 f   overflow_and_saturation_sfun.obj
 0001:00000020       load_overflow_and_saturation_optimization_info 0000000180001020 f   overflow_and_saturation_sfun.obj
 0001:000000d0       unload_overflow_and_saturation_optimization_info 00000001800010d0 f   overflow_and_saturation_sfun.obj
 0001:00000100       sf_overflow_and_saturation_method_dispatcher 0000000180001100 f   overflow_and_saturation_sfun.obj
 0001:00000150       sf_overflow_and_saturation_process_check_sum_call 0000000180001150 f   overflow_and_saturation_sfun.obj
 0001:00000640       sf_overflow_and_saturation_autoinheritance_info 0000000180001640 f   overflow_and_saturation_sfun.obj
 0001:00000820       sf_overflow_and_saturation_get_eml_resolved_functions_info 0000000180001820 f   overflow_and_saturation_sfun.obj
 0001:000009a0       sf_overflow_and_saturation_third_party_uses_info 00000001800019a0 f   overflow_and_saturation_sfun.obj
 0001:00000b70       sf_overflow_and_saturation_jit_fallback_info 0000000180001b70 f   overflow_and_saturation_sfun.obj
 0001:00000d40       sf_overflow_and_saturation_updateBuildInfo_args_info 0000000180001d40 f   overflow_and_saturation_sfun.obj
 0001:00000f10       overflow_and_saturation_debug_initialize 0000000180001f10 f   overflow_and_saturation_sfun.obj
 0001:00000f90       overflow_and_saturation_register_exported_symbols 0000000180001f90 f   overflow_and_saturation_sfun.obj
 0001:00000fa0       sf_c2_overflow_and_saturation_get_eml_resolved_functions_info 0000000180001fa0 f   c2_overflow_and_saturation.obj
 0001:00001020       sf_c2_overflow_and_saturation_get_check_sum 0000000180002020 f   c2_overflow_and_saturation.obj
 0001:000010f0       c2_overflow_and_saturation_method_dispatcher 00000001800020f0 f   c2_overflow_and_saturation.obj
 0001:00004920       sf_c2_overflow_and_saturation_get_post_codegen_info 0000000180005920 f   c2_overflow_and_saturation.obj
 0001:000049f0       sf_c2_overflow_and_saturation_get_autoinheritance_info 00000001800059f0 f   c2_overflow_and_saturation.obj
 0001:00005330       sf_c2_overflow_and_saturation_third_party_uses_info 0000000180006330 f   c2_overflow_and_saturation.obj
 0001:00005360       sf_c2_overflow_and_saturation_jit_fallback_info 0000000180006360 f   c2_overflow_and_saturation.obj
 0001:000054f0       sf_c2_overflow_and_saturation_updateBuildInfo_args_info 00000001800064f0 f   c2_overflow_and_saturation.obj
 0001:00006190       mexFunction                0000000180007190 f   overflow_and_saturation_sfun_registry.obj
 0001:00007560       _ssSetInputPortDirectFeedThroughFcn 0000000180008560 f   overflow_and_saturation_sfun_registry.obj
 0001:00007710       _ssGetInputPortSignalPtrsFcn 0000000180008710 f   overflow_and_saturation_sfun_registry.obj
 0001:00007b60       _ssGetInputPortSignalFcn   0000000180008b60 f   overflow_and_saturation_sfun_registry.obj
 0001:00007fb0       _ssSetInputPortReusableFcn 0000000180008fb0 f   overflow_and_saturation_sfun_registry.obj
 0001:00008090       _ssSetOutputPortReusableFcn 0000000180009090 f   overflow_and_saturation_sfun_registry.obj
 0001:00008170       _ssSetSymbolicDimsSupport  0000000180009170 f   overflow_and_saturation_sfun_registry.obj
 0001:000081e0       _ssRegisterSymbolicDimsExpr 00000001800091e0 f   overflow_and_saturation_sfun_registry.obj
 0001:00008260       _ssRegisterSymbolicDims    0000000180009260 f   overflow_and_saturation_sfun_registry.obj
 0001:00008300       _ssRegisterSymbolicDimsString 0000000180009300 f   overflow_and_saturation_sfun_registry.obj
 0001:00008380       _ssRegisterSymbolicDimsIntValue 0000000180009380 f   overflow_and_saturation_sfun_registry.obj
 0001:000083f0       _ssRegisterSymbolicDimsPlus 00000001800093f0 f   overflow_and_saturation_sfun_registry.obj
 0001:00008470       _ssRegisterSymbolicDimsMinus 0000000180009470 f   overflow_and_saturation_sfun_registry.obj
 0001:000084f0       _ssRegisterSymbolicDimsMultiply 00000001800094f0 f   overflow_and_saturation_sfun_registry.obj
 0001:00008570       _ssRegisterSymbolicDimsDivide 0000000180009570 f   overflow_and_saturation_sfun_registry.obj
 0001:000085f0       _ssGetNumSymbolicDims      00000001800095f0 f   overflow_and_saturation_sfun_registry.obj
 0001:00008660       _ssGetSymbolicDim          0000000180009660 f   overflow_and_saturation_sfun_registry.obj
 0001:000086e0       _ssSetInputPortSymbolicDimsId 00000001800096e0 f   overflow_and_saturation_sfun_registry.obj
 0001:00008750       _ssGetCompInputPortSymbolicDimsId 0000000180009750 f   overflow_and_saturation_sfun_registry.obj
 0001:000087c0       _ssSetCompInputPortSymbolicDimsId 00000001800097c0 f   overflow_and_saturation_sfun_registry.obj
 0001:00008830       _ssSetOutputPortSymbolicDimsId 0000000180009830 f   overflow_and_saturation_sfun_registry.obj
 0001:000088a0       _ssGetCompOutputPortSymbolicDimsId 00000001800098a0 f   overflow_and_saturation_sfun_registry.obj
 0001:00008910       _ssSetCompOutputPortSymbolicDimsId 0000000180009910 f   overflow_and_saturation_sfun_registry.obj
 0001:00008980       _ssSetCompDWorkSymbolicDimsId 0000000180009980 f   overflow_and_saturation_sfun_registry.obj
 0001:000089f0       ssGetIsZeroCrossControlDisabled 00000001800099f0 f   overflow_and_saturation_sfun_registry.obj
 0001:00008a60       ssSetIsInputPortUsedForContZcSignal 0000000180009a60 f   overflow_and_saturation_sfun_registry.obj
 0001:00008ad0       ssSetZcSignalIsZcElementDisc 0000000180009ad0 f   overflow_and_saturation_sfun_registry.obj
 0001:00008b80       ssSetZcSignalName          0000000180009b80 f   overflow_and_saturation_sfun_registry.obj
 0001:00008bf0       ssSetZcSignalWidth         0000000180009bf0 f   overflow_and_saturation_sfun_registry.obj
 0001:00008c60       ssSetZcSignalZcEventType   0000000180009c60 f   overflow_and_saturation_sfun_registry.obj
 0001:00008cd0       ssSetZcSignalType          0000000180009cd0 f   overflow_and_saturation_sfun_registry.obj
 0001:00008d40       ssSetZcSignalZcTol         0000000180009d40 f   overflow_and_saturation_sfun_registry.obj
 0001:00008db0       ssSetZcSignalNeedsEventNotification 0000000180009db0 f   overflow_and_saturation_sfun_registry.obj
 0001:00008e20       ssCreateAndAddZcSignalInfo 0000000180009e20 f   overflow_and_saturation_sfun_registry.obj
 0001:00008e90       ssCloneAndAddZcSignalInfo  0000000180009e90 f   overflow_and_saturation_sfun_registry.obj
 0001:00008f00       ssGetNumZcSignals          0000000180009f00 f   overflow_and_saturation_sfun_registry.obj
 0001:00008f70       ssGetZcSignalVector        0000000180009f70 f   overflow_and_saturation_sfun_registry.obj
 0001:00008fe0       ssGetZcSignalName          0000000180009fe0 f   overflow_and_saturation_sfun_registry.obj
 0001:00009050       ssGetZcSignalWidth         000000018000a050 f   overflow_and_saturation_sfun_registry.obj
 0001:000090c0       ssGetZcSignalZcEventType   000000018000a0c0 f   overflow_and_saturation_sfun_registry.obj
 0001:00009130       ssGetZcSignalZcEvents      000000018000a130 f   overflow_and_saturation_sfun_registry.obj
 0001:000091a0       ssGetZcSignalType          000000018000a1a0 f   overflow_and_saturation_sfun_registry.obj
 0001:00009210       ssGetZcSignalZcTol         000000018000a210 f   overflow_and_saturation_sfun_registry.obj
 0001:00009290       ssGetZcSignalNeedsEventNotification 000000018000a290 f   overflow_and_saturation_sfun_registry.obj
 0001:00009300       ssGetZcSignalIsZcElementDisc 000000018000a300 f   overflow_and_saturation_sfun_registry.obj
 0001:000093a0       ssGetIsInputPortElementContinuous 000000018000a3a0 f   overflow_and_saturation_sfun_registry.obj
 0001:00009440       ssGetDTypeIdFromMxArray    000000018000a440 f   overflow_and_saturation_sfun_registry.obj
 0001:00009560       ssWriteRTWStr              000000018000a560 f   overflow_and_saturation_sfun_registry.obj
 0001:000095c0       ssWriteRTWNameValuePair    000000018000a5c0 f   overflow_and_saturation_sfun_registry.obj
 0001:00009ac0       ssWriteRTWParamSettings    000000018000aac0 f   overflow_and_saturation_sfun_registry.obj
 0001:0000a1b0       ssWriteRTWParameters       000000018000b1b0 f   overflow_and_saturation_sfun_registry.obj
 0001:0000a770       ssWriteRTWWorkVect         000000018000b770 f   overflow_and_saturation_sfun_registry.obj
 0001:0000ac60       ssWriteRTWMxVectParam      000000018000bc60 f   overflow_and_saturation_sfun_registry.obj
 0001:0000ace0       ssWriteRTWMx2dMatParam     000000018000bce0 f   overflow_and_saturation_sfun_registry.obj
 0001:0000ad70       _ssSetInputPortMatrixDimensions 000000018000bd70 f   overflow_and_saturation_sfun_registry.obj
 0001:0000ae90       _ssSetOutputPortMatrixDimensions 000000018000be90 f   overflow_and_saturation_sfun_registry.obj
 0001:0000afb0       _ssSetInputPortVectorDimension 000000018000bfb0 f   overflow_and_saturation_sfun_registry.obj
 0001:0000b060       _ssSetOutputPortVectorDimension 000000018000c060 f   overflow_and_saturation_sfun_registry.obj
 0001:0000b110       ssIsRunTimeParamTunable    000000018000c110 f   overflow_and_saturation_sfun_registry.obj
 0001:0000b180       ssGetSFuncBlockHandle      000000018000c180 f   overflow_and_saturation_sfun_registry.obj
 0001:0000b1f0       _ssGetCurrentInputPortWidth 000000018000c1f0 f   overflow_and_saturation_sfun_registry.obj
 0001:0000b310       _ssGetCurrentOutputPortWidth 000000018000c310 f   overflow_and_saturation_sfun_registry.obj
 0001:0000b430       _ssGetCallSystemNumFcnCallDestinations 000000018000c430 f   overflow_and_saturation_sfun_registry.obj
 0001:0000b4a0       ssGetParameterTuningCompliance 000000018000c4a0 f   overflow_and_saturation_sfun_registry.obj
 0001:0000b510       ssWarning                  000000018000c510 f   overflow_and_saturation_sfun_registry.obj
 0001:0000b600       _ssGetAbsTol               000000018000c600 f   overflow_and_saturation_sfun_registry.obj
 0001:0000b670       _ssSetStateAbsTol          000000018000c670 f   overflow_and_saturation_sfun_registry.obj
 0001:0000b750       sf_process_check_sum_call  000000018000c750 f   overflow_and_saturation_sfun_registry.obj
 0001:0000b7a0       sf_process_autoinheritance_call 000000018000c7a0 f   overflow_and_saturation_sfun_registry.obj
 0001:0000b9d0       sf_process_get_third_party_uses_info_call 000000018000c9d0 f   overflow_and_saturation_sfun_registry.obj
 0001:0000bc00       sf_process_get_jit_fallback_info_call 000000018000cc00 f   overflow_and_saturation_sfun_registry.obj
 0001:0000be30       sf_process_get_updateBuildInfo_args_info_call 000000018000ce30 f   overflow_and_saturation_sfun_registry.obj
 0001:0000c060       sf_process_get_eml_resolved_functions_info_call 000000018000d060 f   overflow_and_saturation_sfun_registry.obj
 0001:0000c260       sf_mex_unlock_call         000000018000d260 f   overflow_and_saturation_sfun_registry.obj
 0001:0000c500       sf_machine_global_initializer_called 000000018000d500 f   overflow_and_saturation_sfun_registry.obj
 0001:0000c530       sf_machine_global_method_dispatcher 000000018000d530 f   overflow_and_saturation_sfun_registry.obj
 0001:0000c590       sf_machine_global_terminator 000000018000d590 f   overflow_and_saturation_sfun_registry.obj
 0001:0000c5e0       sf_register_machine_exported_symbols 000000018000d5e0 f   overflow_and_saturation_sfun_registry.obj
 0001:0000c600       callCustomFcn              000000018000d600 f   overflow_and_saturation_sfun_registry.obj
 0001:0000c610       sf_machine_global_initializer 000000018000d610 f   overflow_and_saturation_sfun_registry.obj
 0001:0000c690       mdlGetSimState             000000018000d690 f   overflow_and_saturation_sfun_registry.obj
 0001:0000c6d0       mdlSetSimState             000000018000d6d0 f   overflow_and_saturation_sfun_registry.obj
 0001:0000cf40       ProcessMexSfunctionEveryCall 000000018000df40 f   overflow_and_saturation_sfun_registry.obj
 0001:0000dc40       __local_stdio_printf_options 000000018000ec40 f i overflow_and_saturation_sfun_registry.obj
 0001:0000dc50       _vsnprintf_l               000000018000ec50 f i overflow_and_saturation_sfun_registry.obj
 0001:0000dcd0       _vsprintf_l                000000018000ecd0 f i overflow_and_saturation_sfun_registry.obj
 0001:0000dd20       sprintf                    000000018000ed20 f i overflow_and_saturation_sfun_registry.obj
 0001:0000dd70       sf_load_rtw_optimization_info 000000018000ed70 f   sf_runtime:sf_runtime.dll
 0001:0000dd76       sf_debug_initialize_machine 000000018000ed76 f   sf_runtime:sf_runtime.dll
 0001:0000dd7c       sf_debug_set_machine_event_thresholds 000000018000ed7c f   sf_runtime:sf_runtime.dll
 0001:0000dd82       sf_debug_set_machine_data_thresholds 000000018000ed82 f   sf_runtime:sf_runtime.dll
 0001:0000dd88       sf_init_ChartRunTimeInfo   000000018000ed88 f   sf_runtime:sf_runtime.dll
 0001:0000dd8e       sf_free_ChartRunTimeInfo   000000018000ed8e f   sf_runtime:sf_runtime.dll
 0001:0000dd94       sf_get_chart_instance_ptr  000000018000ed94 f   sf_runtime:sf_runtime.dll
 0001:0000dd9a       sf_rtw_info_uint_prop      000000018000ed9a f   sf_runtime:sf_runtime.dll
 0001:0000dda0       sf_update_buildInfo        000000018000eda0 f   sf_runtime:sf_runtime.dll
 0001:0000dda6       sf_is_chart_inlinable      000000018000eda6 f   sf_runtime:sf_runtime.dll
 0001:0000ddac       sf_mark_chart_reusable_outputs 000000018000edac f   sf_runtime:sf_runtime.dll
 0001:0000ddb2       sf_mark_chart_expressionable_inputs 000000018000edb2 f   sf_runtime:sf_runtime.dll
 0001:0000ddb8       sim_mode_is_rtw_gen        000000018000edb8 f   sf_runtime:sf_runtime.dll
 0001:0000ddbe       sim_mode_is_external       000000018000edbe f   sf_runtime:sf_runtime.dll
 0001:0000ddc4       sim_mode_is_modelref_sim   000000018000edc4 f   sf_runtime:sf_runtime.dll
 0001:0000ddca       sf_clear_rtw_identifier    000000018000edca f   sf_runtime:sf_runtime.dll
 0001:0000ddd0       sf_set_rtw_dwork_info      000000018000edd0 f   sf_runtime:sf_runtime.dll
 0001:0000ddd6       sf_get_time                000000018000edd6 f   sf_runtime:sf_runtime.dll
 0001:0000dddc       sf_is_first_init_cond      000000018000eddc f   sf_runtime:sf_runtime.dll
 0001:0000dde2       sf_set_chart_accesses_machine_info 000000018000ede2 f   sf_runtime:sf_runtime.dll
 0001:0000dde8       sf_register_codegen_names_for_scoped_functions_defined_by_chart 000000018000ede8 f   sf_runtime:sf_runtime.dll
 0001:0000ddee       sf_mex_call                000000018000edee f   sf_runtime:sf_runtime.dll
 0001:0000ddf4       sf_mex_call_debug          000000018000edf4 f   sf_runtime:sf_runtime.dll
 0001:0000ddfa       sf_mex_error_message       000000018000edfa f   sf_runtime:sf_runtime.dll
 0001:0000de00       sf_mex_check_fi            000000018000ee00 f   sf_runtime:sf_runtime.dll
 0001:0000de06       sf_mex_create              000000018000ee06 f   sf_runtime:sf_runtime.dll
 0001:0000de0c       sf_mex_createcellmatrix    000000018000ee0c f   sf_runtime:sf_runtime.dll
 0001:0000de12       sf_mex_setcell             000000018000ee12 f   sf_runtime:sf_runtime.dll
 0001:0000de18       sf_mex_getcell             000000018000ee18 f   sf_runtime:sf_runtime.dll
 0001:0000de1e       sf_mex_assign              000000018000ee1e f   sf_runtime:sf_runtime.dll
 0001:0000de24       sf_mex_dup                 000000018000ee24 f   sf_runtime:sf_runtime.dll
 0001:0000de2a       sf_mex_destroy             000000018000ee2a f   sf_runtime:sf_runtime.dll
 0001:0000de30       sf_mex_import              000000018000ee30 f   sf_runtime:sf_runtime.dll
 0001:0000de36       sf_mex_decode_encoded_mx_struct_array 000000018000ee36 f   sf_runtime:sf_runtime.dll
 0001:0000de3c       ssGetInputPortSignal_wrapper 000000018000ee3c f   sf_runtime:sf_runtime.dll
 0001:0000de42       ssGetOutputPortSignal_wrapper 000000018000ee42 f   sf_runtime:sf_runtime.dll
 0001:0000de48       sf_debug_initialize_chart  000000018000ee48 f   sf_runtime:sf_runtime.dll
 0001:0000de4e       sf_debug_call              000000018000ee4e f   sf_runtime:sf_runtime.dll
 0001:0000de54       eml_debug_line_call        000000018000ee54 f   sf_runtime:sf_runtime.dll
 0001:0000de5a       cv_eml_eval                000000018000ee5a f   sf_runtime:sf_runtime.dll
 0001:0000de60       cv_eml_init_script         000000018000ee60 f   sf_runtime:sf_runtime.dll
 0001:0000de66       cv_eml_init_fcn            000000018000ee66 f   sf_runtime:sf_runtime.dll
 0001:0000de6c       sf_debug_reset_current_state_configuration 000000018000ee6c f   sf_runtime:sf_runtime.dll
 0001:0000de72       sf_debug_check_for_state_inconsistency 000000018000ee72 f   sf_runtime:sf_runtime.dll
 0001:0000de78       sf_debug_set_chart_data_props 000000018000ee78 f   sf_runtime:sf_runtime.dll
 0001:0000de7e       sf_debug_set_chart_data_compiled_props 000000018000ee7e f   sf_runtime:sf_runtime.dll
 0001:0000de84       sf_debug_check_fi_license  000000018000ee84 f   sf_runtime:sf_runtime.dll
 0001:0000de8a       sf_debug_symbol_scope_push 000000018000ee8a f   sf_runtime:sf_runtime.dll
 0001:0000de90       sf_debug_symbol_scope_push_eml 000000018000ee90 f   sf_runtime:sf_runtime.dll
 0001:0000de96       sf_debug_symbol_scope_pop  000000018000ee96 f   sf_runtime:sf_runtime.dll
 0001:0000de9c       sf_debug_symbol_scope_add_eml 000000018000ee9c f   sf_runtime:sf_runtime.dll
 0001:0000dea2       sf_debug_symbol_scope_add_eml_importable 000000018000eea2 f   sf_runtime:sf_runtime.dll
 0001:0000dea8       sf_debug_set_instance_data_value_ptr 000000018000eea8 f   sf_runtime:sf_runtime.dll
 0001:0000deae       sf_debug_set_chart_disable_implicit_casting 000000018000eeae f   sf_runtime:sf_runtime.dll
 0001:0000deb4       sf_debug_set_chart_event_thresholds 000000018000eeb4 f   sf_runtime:sf_runtime.dll
 0001:0000deba       sf_debug_set_chart_state_info 000000018000eeba f   sf_runtime:sf_runtime.dll
 0001:0000dec0       sf_debug_set_chart_decomposition 000000018000eec0 f   sf_runtime:sf_runtime.dll
 0001:0000dec6       sf_debug_set_chart_substate_count 000000018000eec6 f   sf_runtime:sf_runtime.dll
 0001:0000decc       sf_debug_data_range_wrapper 000000018000eecc f   sf_runtime:sf_runtime.dll
 0001:0000ded2       sf_debug_cv_init_trans     000000018000eed2 f   sf_runtime:sf_runtime.dll
 0001:0000ded8       sf_debug_cv_init_chart     000000018000eed8 f   sf_runtime:sf_runtime.dll
 0001:0000dede       sf_debug_cv_init_state     000000018000eede f   sf_runtime:sf_runtime.dll
 0001:0000dee4       sf_get_ChartInfoStruct_CodeGen 000000018000eee4 f   sf_runtime:sf_runtime.dll
 0001:0000deea       sf_get_isEnhancedMooreMachine 000000018000eeea f   sf_runtime:sf_runtime.dll
 0001:0000def0       sf_set_compiledInfo        000000018000eef0 f   sf_runtime:sf_runtime.dll
 0001:0000def6       callMdlMethodAndReportError 000000018000eef6 f   sf_runtime:sf_runtime.dll
 0001:0000defc       call_sf_machine_global_method_dispatcher 000000018000eefc f   sf_runtime:sf_runtime.dll
 0001:0000df02       sf_mex_error_direct_call   000000018000ef02 f   sf_runtime:sf_runtime.dll
 0001:0000df08       sf_clear_error_manager_info 000000018000ef08 f   sf_runtime:sf_runtime.dll
 0001:0000df0e       sf_debug_create_debug_instance_struct 000000018000ef0e f   sf_runtime:sf_runtime.dll
 0001:0000df14       sf_debug_terminate         000000018000ef14 f   sf_runtime:sf_runtime.dll
 0001:0000df1a       sf_debug_api               000000018000ef1a f   sf_runtime:sf_runtime.dll
 0001:0000df20       mxIsChar                   000000018000ef20 f   libmx:libmx.dll
 0001:0000df26       mxGetPr                    000000018000ef26 f   libmx:libmx.dll
 0001:0000df2c       mxGetScalar                000000018000ef2c f   libmx:libmx.dll
 0001:0000df32       mxDestroyArray             000000018000ef32 f   libmx:libmx.dll
 0001:0000df38       mxCreateDoubleMatrix_730   000000018000ef38 f   libmx:libmx.dll
 0001:0000df3e       mxGetString_730            000000018000ef3e f   libmx:libmx.dll
 0001:0000df44       mxDuplicateArray           000000018000ef44 f   libmx:libmx.dll
 0001:0000df4a       mxSetField_730             000000018000ef4a f   libmx:libmx.dll
 0001:0000df50       mxCreateDoubleScalar       000000018000ef50 f   libmx:libmx.dll
 0001:0000df56       mxCreateString             000000018000ef56 f   libmx:libmx.dll
 0001:0000df5c       mxCreateCellMatrix_730     000000018000ef5c f   libmx:libmx.dll
 0001:0000df62       mxCreateCellArray_730      000000018000ef62 f   libmx:libmx.dll
 0001:0000df68       mxCreateStructMatrix_730   000000018000ef68 f   libmx:libmx.dll
 0001:0000df6e       mxCreateStructArray_730    000000018000ef6e f   libmx:libmx.dll
 0001:0000df74       mxCalloc                   000000018000ef74 f   libmx:libmx.dll
 0001:0000df7a       mxGetM                     000000018000ef7a f   libmx:libmx.dll
 0001:0000df80       mxGetClassID               000000018000ef80 f   libmx:libmx.dll
 0001:0000df86       mxIsNumeric                000000018000ef86 f   libmx:libmx.dll
 0001:0000df8c       mxIsComplex                000000018000ef8c f   libmx:libmx.dll
 0001:0000df92       mxGetN                     000000018000ef92 f   libmx:libmx.dll
 0001:0000df98       mexMakeArrayPersistent     000000018000ef98 f   libmex:libmex.dll
 0001:0000df9e       mexErrMsgTxt               000000018000ef9e f   libmex:libmex.dll
 0001:0000dfa4       mexWarnMsgTxt              000000018000efa4 f   libmex:libmex.dll
 0001:0000dfaa       mexCallMATLABWithObject    000000018000efaa f   libmex:libmex.dll
 0001:0000dfb0       mexLock                    000000018000efb0 f   libmex:libmex.dll
 0001:0000dfb6       mexUnlock                  000000018000efb6 f   libmex:libmex.dll
 0001:0000dfbc       mexIsLocked                000000018000efbc f   libmex:libmex.dll
 0001:0000dfc2       utMalloc                   000000018000efc2 f   libut:libut.dll
 0001:0000dfc8       utFree                     000000018000efc8 f   libut:libut.dll
 0001:0000dfd0       __raise_securityfailure    000000018000efd0 f   MSVCRT:gs_report.obj
 0001:0000e004       __report_gsfailure         000000018000f004 f   MSVCRT:gs_report.obj
 0001:0000e0d8       __report_rangecheckfailure 000000018000f0d8 f   MSVCRT:gs_report.obj
 0001:0000e0ec       __report_securityfailure   000000018000f0ec f   MSVCRT:gs_report.obj
 0001:0000e188       __report_securityfailureEx 000000018000f188 f   MSVCRT:gs_report.obj
 0001:0000e37c       __GSHandlerCheck           000000018000f37c f   MSVCRT:_gshandler_.obj
 0001:0000e39c       __GSHandlerCheckCommon     000000018000f39c f   MSVCRT:_gshandler_.obj
 0001:0000e410       __security_check_cookie    000000018000f410 f   MSVCRT:_amdsecgs_.obj
 0001:0000e780       _CRT_INIT                  000000018000f780 f   MSVCRT:dll_dllmain.obj
 0001:0000e788       _DllMainCRTStartup         000000018000f788 f   MSVCRT:dll_dllmain.obj
 0001:0000e7c8       ??$__crt_fast_decode_pointer@PEAP6AXXZ@@YAPEAP6AXXZQEAP6AXXZ@Z 000000018000f7c8 f i MSVCRT:utility.obj
 0001:0000e7e0       ??$__crt_fast_encode_pointer@PEAP6AXXZ@@YAPEAP6AXXZQEAP6AXXZ@Z 000000018000f7e0 f i MSVCRT:utility.obj
 0001:0000e800       ?__crt_rotate_pointer_value@@YA_K_KH@Z 000000018000f800 f i MSVCRT:utility.obj
 0001:0000e80c       ?configure_argv@__scrt_narrow_argv_policy@@SAHXZ 000000018000f80c f i MSVCRT:utility.obj
 0001:0000e89c       NtCurrentTeb               000000018000f89c f i MSVCRT:utility.obj
 0001:0000e8a8       __scrt_acquire_startup_lock 000000018000f8a8 f   MSVCRT:utility.obj
 0001:0000e8e4       __scrt_dllmain_after_initialize_c 000000018000f8e4 f   MSVCRT:utility.obj
 0001:0000e918       __scrt_dllmain_before_initialize_c 000000018000f918 f   MSVCRT:utility.obj
 0001:0000e930       __scrt_dllmain_crt_thread_attach 000000018000f930 f   MSVCRT:utility.obj
 0001:0000e958       __scrt_dllmain_crt_thread_detach 000000018000f958 f   MSVCRT:utility.obj
 0001:0000e970       __scrt_dllmain_exception_filter 000000018000f970 f   MSVCRT:utility.obj
 0001:0000e9d4       __scrt_dllmain_uninitialize_c 000000018000f9d4 f   MSVCRT:utility.obj
 0001:0000ea04       __scrt_dllmain_uninitialize_critical 000000018000fa04 f   MSVCRT:utility.obj
 0001:0000ea18       __scrt_initialize_crt      000000018000fa18 f   MSVCRT:utility.obj
 0001:0000ea64       __scrt_initialize_onexit_tables 000000018000fa64 f   MSVCRT:utility.obj
 0001:0000eb30       __scrt_is_nonwritable_in_current_image 000000018000fb30 f   MSVCRT:utility.obj
 0001:0000ebcc       __scrt_release_startup_lock 000000018000fbcc f   MSVCRT:utility.obj
 0001:0000ebf0       __scrt_uninitialize_crt    000000018000fbf0 f   MSVCRT:utility.obj
 0001:0000ec1c       _onexit                    000000018000fc1c f   MSVCRT:utility.obj
 0001:0000ec6c       at_quick_exit              000000018000fc6c f   MSVCRT:utility.obj
 0001:0000eca4       atexit                     000000018000fca4 f   MSVCRT:utility.obj
 0001:0000ecbc       __security_init_cookie     000000018000fcbc f   MSVCRT:gs_support.obj
 0001:0000ed68       DllMain                    000000018000fd68 f   MSVCRT:dll_dllmain_stub.obj
 0001:0000ed8c       ?__scrt_initialize_type_info@@YAXXZ 000000018000fd8c f   MSVCRT:tncleanup.obj
 0001:0000ed9c       ?__scrt_uninitialize_type_info@@YAXXZ 000000018000fd9c f   MSVCRT:tncleanup.obj
 0001:0000eda8       __local_stdio_scanf_options 000000018000fda8 f i MSVCRT:default_local_stdio_options.obj
 0001:0000edb0       __scrt_initialize_default_local_stdio_options 000000018000fdb0 f   MSVCRT:default_local_stdio_options.obj
 0001:0000edcc       __scrt_get_dyn_tls_init_callback 000000018000fdcc f   MSVCRT:dyn_tls_init.obj
 0001:0000edd4       __crt_debugger_hook        000000018000fdd4 f   MSVCRT:utility_desktop.obj
 0001:0000eddc       __scrt_fastfail            000000018000fddc f   MSVCRT:utility_desktop.obj
 0001:0000ef24       __scrt_get_show_window_mode 000000018000ff24 f   MSVCRT:utility_desktop.obj
 0001:0000ef60       __scrt_initialize_winrt    000000018000ff60 f   MSVCRT:utility_desktop.obj
 0001:0000ef64       __scrt_is_managed_app      000000018000ff64 f   MSVCRT:utility_desktop.obj
 0001:0000efb8       __scrt_set_unhandled_exception_filter 000000018000ffb8 f   MSVCRT:utility_desktop.obj
 0001:0000efc8       __scrt_unhandled_exception_filter 000000018000ffc8 f   MSVCRT:utility_desktop.obj
 0001:0000f000       _RTC_Initialize            0000000180010000 f   MSVCRT:_initsect_.obj
 0001:0000f04c       _RTC_Terminate             000000018001004c f   MSVCRT:_initsect_.obj
 0001:0000f098       _guard_check_icall         0000000180010098 f i MSVCRT:checkcfg.obj
 0001:0000f0a0       __isa_available_init       00000001800100a0 f   MSVCRT:_cpu_disp_.obj
 0001:0000f268       _get_startup_argv_mode     0000000180010268 f   MSVCRT:argv_mode.obj
 0001:0000f270       __scrt_is_ucrt_dll_in_use  0000000180010270 f   MSVCRT:ucrt_detection.obj
 0001:0000f27c       _guard_check_icall_nop     000000018001027c f i MSVCRT:guard_support.obj
 0001:0000f280       _guard_icall_checks_enforced 0000000180010280 f i MSVCRT:guard_support.obj
 0001:0000f2a0       RtlCaptureContext          00000001800102a0 f   kernel32:KERNEL32.dll
 0001:0000f2a6       RtlLookupFunctionEntry     00000001800102a6 f   kernel32:KERNEL32.dll
 0001:0000f2ac       RtlVirtualUnwind           00000001800102ac f   kernel32:KERNEL32.dll
 0001:0000f2b2       UnhandledExceptionFilter   00000001800102b2 f   kernel32:KERNEL32.dll
 0001:0000f2b8       SetUnhandledExceptionFilter 00000001800102b8 f   kernel32:KERNEL32.dll
 0001:0000f2be       GetCurrentProcess          00000001800102be f   kernel32:KERNEL32.dll
 0001:0000f2c4       TerminateProcess           00000001800102c4 f   kernel32:KERNEL32.dll
 0001:0000f2ca       IsProcessorFeaturePresent  00000001800102ca f   kernel32:KERNEL32.dll
 0001:0000f2d0       QueryPerformanceCounter    00000001800102d0 f   kernel32:KERNEL32.dll
 0001:0000f2d6       GetCurrentProcessId        00000001800102d6 f   kernel32:KERNEL32.dll
 0001:0000f2dc       GetCurrentThreadId         00000001800102dc f   kernel32:KERNEL32.dll
 0001:0000f2e2       GetSystemTimeAsFileTime    00000001800102e2 f   kernel32:KERNEL32.dll
 0001:0000f2e8       DisableThreadLibraryCalls  00000001800102e8 f   kernel32:KERNEL32.dll
 0001:0000f2ee       InitializeSListHead        00000001800102ee f   kernel32:KERNEL32.dll
 0001:0000f2f4       IsDebuggerPresent          00000001800102f4 f   kernel32:KERNEL32.dll
 0001:0000f2fa       GetStartupInfoW            00000001800102fa f   kernel32:KERNEL32.dll
 0001:0000f300       GetModuleHandleW           0000000180010300 f   kernel32:KERNEL32.dll
 0001:0000f306       memset                     0000000180010306 f   vcruntime:VCRUNTIME140.dll
 0001:0000f30c       memcpy                     000000018001030c f   vcruntime:VCRUNTIME140.dll
 0001:0000f312       __C_specific_handler       0000000180010312 f   vcruntime:VCRUNTIME140.dll
 0001:0000f318       __std_type_info_destroy_list 0000000180010318 f   vcruntime:VCRUNTIME140.dll
 0001:0000f31e       strcmp                     000000018001031e f   ucrt:api-ms-win-crt-string-l1-1-0.dll
 0001:0000f324       strlen                     0000000180010324 f   ucrt:api-ms-win-crt-string-l1-1-0.dll
 0001:0000f32a       free                       000000018001032a f   ucrt:api-ms-win-crt-heap-l1-1-0.dll
 0001:0000f330       malloc                     0000000180010330 f   ucrt:api-ms-win-crt-heap-l1-1-0.dll
 0001:0000f336       __stdio_common_vsprintf    0000000180010336 f   ucrt:api-ms-win-crt-stdio-l1-1-0.dll
 0001:0000f33c       strcat                     000000018001033c f   ucrt:api-ms-win-crt-string-l1-1-0.dll
 0001:0000f342       _initterm                  0000000180010342 f   ucrt:api-ms-win-crt-runtime-l1-1-0.dll
 0001:0000f348       _initterm_e                0000000180010348 f   ucrt:api-ms-win-crt-runtime-l1-1-0.dll
 0001:0000f34e       _seh_filter_dll            000000018001034e f   ucrt:api-ms-win-crt-runtime-l1-1-0.dll
 0001:0000f354       _configure_narrow_argv     0000000180010354 f   ucrt:api-ms-win-crt-runtime-l1-1-0.dll
 0001:0000f35a       _initialize_narrow_environment 000000018001035a f   ucrt:api-ms-win-crt-runtime-l1-1-0.dll
 0001:0000f360       _initialize_onexit_table   0000000180010360 f   ucrt:api-ms-win-crt-runtime-l1-1-0.dll
 0001:0000f366       _register_onexit_function  0000000180010366 f   ucrt:api-ms-win-crt-runtime-l1-1-0.dll
 0001:0000f36c       _execute_onexit_table      000000018001036c f   ucrt:api-ms-win-crt-runtime-l1-1-0.dll
 0001:0000f372       _crt_atexit                0000000180010372 f   ucrt:api-ms-win-crt-runtime-l1-1-0.dll
 0001:0000f378       _crt_at_quick_exit         0000000180010378 f   ucrt:api-ms-win-crt-runtime-l1-1-0.dll
 0001:0000f37e       _cexit                     000000018001037e f   ucrt:api-ms-win-crt-runtime-l1-1-0.dll
 0001:0000f384       terminate                  0000000180010384 f   ucrt:api-ms-win-crt-runtime-l1-1-0.dll
 0001:0000f38c       __acrt_initialize          000000018001038c f   MSVCRT:ucrt_stubs.obj
 0001:0000f38c       __scrt_stub_for_acrt_initialize 000000018001038c f   MSVCRT:ucrt_stubs.obj
 0001:0000f38c       __vcrt_initialize          000000018001038c f   MSVCRT:ucrt_stubs.obj
 0001:0000f390       __scrt_stub_for_acrt_thread_attach 0000000180010390 f   MSVCRT:ucrt_stubs.obj
 0001:0000f390       __vcrt_thread_attach       0000000180010390 f   MSVCRT:ucrt_stubs.obj
 0001:0000f390       __acrt_thread_attach       0000000180010390 f   MSVCRT:ucrt_stubs.obj
 0001:0000f394       __scrt_stub_for_acrt_thread_detach 0000000180010394 f   MSVCRT:ucrt_stubs.obj
 0001:0000f394       __acrt_thread_detach       0000000180010394 f   MSVCRT:ucrt_stubs.obj
 0001:0000f394       __vcrt_thread_detach       0000000180010394 f   MSVCRT:ucrt_stubs.obj
 0001:0000f398       __acrt_uninitialize        0000000180010398 f   MSVCRT:ucrt_stubs.obj
 0001:0000f398       __vcrt_uninitialize        0000000180010398 f   MSVCRT:ucrt_stubs.obj
 0001:0000f398       __scrt_stub_for_acrt_uninitialize 0000000180010398 f   MSVCRT:ucrt_stubs.obj
 0001:0000f39c       __vcrt_uninitialize_critical 000000018001039c f   MSVCRT:ucrt_stubs.obj
 0001:0000f39c       __scrt_stub_for_acrt_uninitialize_critical 000000018001039c f   MSVCRT:ucrt_stubs.obj
 0001:0000f39c       __acrt_uninitialize_critical 000000018001039c f   MSVCRT:ucrt_stubs.obj
 0001:0000f3a0       __scrt_stub_for_is_c_termination_complete 00000001800103a0 f   MSVCRT:ucrt_stubs.obj
 0001:0000f3a0       _is_c_termination_complete 00000001800103a0 f   MSVCRT:ucrt_stubs.obj
 0001:0000f3c0       _guard_dispatch_icall_nop  00000001800103c0 f   MSVCRT:_guard_dispatch_.obj
 0002:00000000       __imp_TerminateProcess     0000000180011000     kernel32:KERNEL32.dll
 0002:00000008       __imp_RtlCaptureContext    0000000180011008     kernel32:KERNEL32.dll
 0002:00000010       __imp_IsProcessorFeaturePresent 0000000180011010     kernel32:KERNEL32.dll
 0002:00000018       __imp_RtlLookupFunctionEntry 0000000180011018     kernel32:KERNEL32.dll
 0002:00000020       __imp_QueryPerformanceCounter 0000000180011020     kernel32:KERNEL32.dll
 0002:00000028       __imp_GetCurrentProcessId  0000000180011028     kernel32:KERNEL32.dll
 0002:00000030       __imp_GetCurrentThreadId   0000000180011030     kernel32:KERNEL32.dll
 0002:00000038       __imp_GetSystemTimeAsFileTime 0000000180011038     kernel32:KERNEL32.dll
 0002:00000040       __imp_DisableThreadLibraryCalls 0000000180011040     kernel32:KERNEL32.dll
 0002:00000048       __imp_InitializeSListHead  0000000180011048     kernel32:KERNEL32.dll
 0002:00000050       __imp_IsDebuggerPresent    0000000180011050     kernel32:KERNEL32.dll
 0002:00000058       __imp_GetStartupInfoW      0000000180011058     kernel32:KERNEL32.dll
 0002:00000060       __imp_GetModuleHandleW     0000000180011060     kernel32:KERNEL32.dll
 0002:00000068       __imp_SetUnhandledExceptionFilter 0000000180011068     kernel32:KERNEL32.dll
 0002:00000070       __imp_UnhandledExceptionFilter 0000000180011070     kernel32:KERNEL32.dll
 0002:00000078       __imp_RtlVirtualUnwind     0000000180011078     kernel32:KERNEL32.dll
 0002:00000080       __imp_GetCurrentProcess    0000000180011080     kernel32:KERNEL32.dll
 0002:00000088       \177KERNEL32_NULL_THUNK_DATA 0000000180011088     kernel32:KERNEL32.dll
 0002:00000090       __imp_memset               0000000180011090     vcruntime:VCRUNTIME140.dll
 0002:00000098       __imp_memcpy               0000000180011098     vcruntime:VCRUNTIME140.dll
 0002:000000a0       __imp___std_type_info_destroy_list 00000001800110a0     vcruntime:VCRUNTIME140.dll
 0002:000000a8       __imp___C_specific_handler 00000001800110a8     vcruntime:VCRUNTIME140.dll
 0002:000000b0       \177VCRUNTIME140_NULL_THUNK_DATA 00000001800110b0     vcruntime:VCRUNTIME140.dll
 0002:000000b8       __imp_malloc               00000001800110b8     ucrt:api-ms-win-crt-heap-l1-1-0.dll
 0002:000000c0       __imp_free                 00000001800110c0     ucrt:api-ms-win-crt-heap-l1-1-0.dll
 0002:000000c8       \177api-ms-win-crt-heap-l1-1-0_NULL_THUNK_DATA 00000001800110c8     ucrt:api-ms-win-crt-heap-l1-1-0.dll
 0002:000000d0       __imp__seh_filter_dll      00000001800110d0     ucrt:api-ms-win-crt-runtime-l1-1-0.dll
 0002:000000d8       __imp__configure_narrow_argv 00000001800110d8     ucrt:api-ms-win-crt-runtime-l1-1-0.dll
 0002:000000e0       __imp__initialize_narrow_environment 00000001800110e0     ucrt:api-ms-win-crt-runtime-l1-1-0.dll
 0002:000000e8       __imp__initialize_onexit_table 00000001800110e8     ucrt:api-ms-win-crt-runtime-l1-1-0.dll
 0002:000000f0       __imp__initterm_e          00000001800110f0     ucrt:api-ms-win-crt-runtime-l1-1-0.dll
 0002:000000f8       __imp__execute_onexit_table 00000001800110f8     ucrt:api-ms-win-crt-runtime-l1-1-0.dll
 0002:00000100       __imp__crt_atexit          0000000180011100     ucrt:api-ms-win-crt-runtime-l1-1-0.dll
 0002:00000108       __imp__crt_at_quick_exit   0000000180011108     ucrt:api-ms-win-crt-runtime-l1-1-0.dll
 0002:00000110       __imp__cexit               0000000180011110     ucrt:api-ms-win-crt-runtime-l1-1-0.dll
 0002:00000118       __imp_terminate            0000000180011118     ucrt:api-ms-win-crt-runtime-l1-1-0.dll
 0002:00000120       __imp__initterm            0000000180011120     ucrt:api-ms-win-crt-runtime-l1-1-0.dll
 0002:00000128       __imp__register_onexit_function 0000000180011128     ucrt:api-ms-win-crt-runtime-l1-1-0.dll
 0002:00000130       \177api-ms-win-crt-runtime-l1-1-0_NULL_THUNK_DATA 0000000180011130     ucrt:api-ms-win-crt-runtime-l1-1-0.dll
 0002:00000138       __imp___stdio_common_vsprintf 0000000180011138     ucrt:api-ms-win-crt-stdio-l1-1-0.dll
 0002:00000140       \177api-ms-win-crt-stdio-l1-1-0_NULL_THUNK_DATA 0000000180011140     ucrt:api-ms-win-crt-stdio-l1-1-0.dll
 0002:00000148       __imp_strcat               0000000180011148     ucrt:api-ms-win-crt-string-l1-1-0.dll
 0002:00000150       __imp_strlen               0000000180011150     ucrt:api-ms-win-crt-string-l1-1-0.dll
 0002:00000158       __imp_strcmp               0000000180011158     ucrt:api-ms-win-crt-string-l1-1-0.dll
 0002:00000160       \177api-ms-win-crt-string-l1-1-0_NULL_THUNK_DATA 0000000180011160     ucrt:api-ms-win-crt-string-l1-1-0.dll
 0002:00000168       __imp_mexIsLocked          0000000180011168     libmex:libmex.dll
 0002:00000170       __imp_mexUnlock            0000000180011170     libmex:libmex.dll
 0002:00000178       __imp_mexLock              0000000180011178     libmex:libmex.dll
 0002:00000180       __imp_mexCallMATLABWithObject 0000000180011180     libmex:libmex.dll
 0002:00000188       __imp_mexWarnMsgTxt        0000000180011188     libmex:libmex.dll
 0002:00000190       __imp_mexErrMsgTxt         0000000180011190     libmex:libmex.dll
 0002:00000198       __imp_mexMakeArrayPersistent 0000000180011198     libmex:libmex.dll
 0002:000001a0       \177libmex_NULL_THUNK_DATA 00000001800111a0     libmex:libmex.dll
 0002:000001a8       __imp_mxGetN               00000001800111a8     libmx:libmx.dll
 0002:000001b0       __imp_mxIsComplex          00000001800111b0     libmx:libmx.dll
 0002:000001b8       __imp_mxIsNumeric          00000001800111b8     libmx:libmx.dll
 0002:000001c0       __imp_mxGetClassID         00000001800111c0     libmx:libmx.dll
 0002:000001c8       __imp_mxGetM               00000001800111c8     libmx:libmx.dll
 0002:000001d0       __imp_mxCalloc             00000001800111d0     libmx:libmx.dll
 0002:000001d8       __imp_mxCreateStructArray_730 00000001800111d8     libmx:libmx.dll
 0002:000001e0       __imp_mxCreateStructMatrix_730 00000001800111e0     libmx:libmx.dll
 0002:000001e8       __imp_mxCreateCellArray_730 00000001800111e8     libmx:libmx.dll
 0002:000001f0       __imp_mxCreateCellMatrix_730 00000001800111f0     libmx:libmx.dll
 0002:000001f8       __imp_mxCreateString       00000001800111f8     libmx:libmx.dll
 0002:00000200       __imp_mxCreateDoubleScalar 0000000180011200     libmx:libmx.dll
 0002:00000208       __imp_mxSetField_730       0000000180011208     libmx:libmx.dll
 0002:00000210       __imp_mxDuplicateArray     0000000180011210     libmx:libmx.dll
 0002:00000218       __imp_mxGetString_730      0000000180011218     libmx:libmx.dll
 0002:00000220       __imp_mxCreateDoubleMatrix_730 0000000180011220     libmx:libmx.dll
 0002:00000228       __imp_mxDestroyArray       0000000180011228     libmx:libmx.dll
 0002:00000230       __imp_mxGetScalar          0000000180011230     libmx:libmx.dll
 0002:00000238       __imp_mxGetPr              0000000180011238     libmx:libmx.dll
 0002:00000240       __imp_mxIsChar             0000000180011240     libmx:libmx.dll
 0002:00000248       \177libmx_NULL_THUNK_DATA  0000000180011248     libmx:libmx.dll
 0002:00000250       __imp_utMalloc             0000000180011250     libut:libut.dll
 0002:00000258       __imp_utFree               0000000180011258     libut:libut.dll
 0002:00000260       \177libut_NULL_THUNK_DATA  0000000180011260     libut:libut.dll
 0002:00000268       __imp_sf_debug_create_debug_instance_struct 0000000180011268     sf_runtime:sf_runtime.dll
 0002:00000270       __imp_sf_clear_error_manager_info 0000000180011270     sf_runtime:sf_runtime.dll
 0002:00000278       __imp_sf_mex_error_direct_call 0000000180011278     sf_runtime:sf_runtime.dll
 0002:00000280       __imp_call_sf_machine_global_method_dispatcher 0000000180011280     sf_runtime:sf_runtime.dll
 0002:00000288       __imp_callMdlMethodAndReportError 0000000180011288     sf_runtime:sf_runtime.dll
 0002:00000290       __imp_sf_set_compiledInfo  0000000180011290     sf_runtime:sf_runtime.dll
 0002:00000298       __imp_sf_get_isEnhancedMooreMachine 0000000180011298     sf_runtime:sf_runtime.dll
 0002:000002a0       __imp_sf_get_ChartInfoStruct_CodeGen 00000001800112a0     sf_runtime:sf_runtime.dll
 0002:000002a8       __imp_sf_debug_cv_init_state 00000001800112a8     sf_runtime:sf_runtime.dll
 0002:000002b0       __imp_sf_debug_cv_init_chart 00000001800112b0     sf_runtime:sf_runtime.dll
 0002:000002b8       __imp_sf_debug_cv_init_trans 00000001800112b8     sf_runtime:sf_runtime.dll
 0002:000002c0       __imp_sf_debug_data_range_wrapper 00000001800112c0     sf_runtime:sf_runtime.dll
 0002:000002c8       __imp_sf_debug_terminate   00000001800112c8     sf_runtime:sf_runtime.dll
 0002:000002d0       __imp_sf_debug_set_chart_decomposition 00000001800112d0     sf_runtime:sf_runtime.dll
 0002:000002d8       __imp_sf_debug_set_chart_state_info 00000001800112d8     sf_runtime:sf_runtime.dll
 0002:000002e0       __imp_sf_debug_set_chart_event_thresholds 00000001800112e0     sf_runtime:sf_runtime.dll
 0002:000002e8       __imp_sf_debug_set_chart_disable_implicit_casting 00000001800112e8     sf_runtime:sf_runtime.dll
 0002:000002f0       __imp_sf_debug_set_instance_data_value_ptr 00000001800112f0     sf_runtime:sf_runtime.dll
 0002:000002f8       __imp_sf_debug_symbol_scope_add_eml_importable 00000001800112f8     sf_runtime:sf_runtime.dll
 0002:00000300       __imp_sf_debug_symbol_scope_add_eml 0000000180011300     sf_runtime:sf_runtime.dll
 0002:00000308       __imp_sf_debug_symbol_scope_pop 0000000180011308     sf_runtime:sf_runtime.dll
 0002:00000310       __imp_sf_debug_symbol_scope_push_eml 0000000180011310     sf_runtime:sf_runtime.dll
 0002:00000318       __imp_sf_debug_symbol_scope_push 0000000180011318     sf_runtime:sf_runtime.dll
 0002:00000320       __imp_sf_debug_check_fi_license 0000000180011320     sf_runtime:sf_runtime.dll
 0002:00000328       __imp_sf_debug_set_chart_data_compiled_props 0000000180011328     sf_runtime:sf_runtime.dll
 0002:00000330       __imp_sf_debug_api         0000000180011330     sf_runtime:sf_runtime.dll
 0002:00000338       __imp_sf_debug_set_chart_substate_count 0000000180011338     sf_runtime:sf_runtime.dll
 0002:00000340       __imp_sf_debug_set_chart_data_props 0000000180011340     sf_runtime:sf_runtime.dll
 0002:00000348       __imp_sf_debug_check_for_state_inconsistency 0000000180011348     sf_runtime:sf_runtime.dll
 0002:00000350       __imp_sf_debug_reset_current_state_configuration 0000000180011350     sf_runtime:sf_runtime.dll
 0002:00000358       __imp_cv_eml_init_fcn      0000000180011358     sf_runtime:sf_runtime.dll
 0002:00000360       __imp_cv_eml_init_script   0000000180011360     sf_runtime:sf_runtime.dll
 0002:00000368       __imp_cv_eml_eval          0000000180011368     sf_runtime:sf_runtime.dll
 0002:00000370       __imp_eml_debug_line_call  0000000180011370     sf_runtime:sf_runtime.dll
 0002:00000378       __imp_sf_debug_call        0000000180011378     sf_runtime:sf_runtime.dll
 0002:00000380       __imp_sf_debug_initialize_chart 0000000180011380     sf_runtime:sf_runtime.dll
 0002:00000388       __imp_ssGetOutputPortSignal_wrapper 0000000180011388     sf_runtime:sf_runtime.dll
 0002:00000390       __imp_ssGetInputPortSignal_wrapper 0000000180011390     sf_runtime:sf_runtime.dll
 0002:00000398       __imp_sf_mex_decode_encoded_mx_struct_array 0000000180011398     sf_runtime:sf_runtime.dll
 0002:000003a0       __imp_sf_mex_import        00000001800113a0     sf_runtime:sf_runtime.dll
 0002:000003a8       __imp_sf_mex_destroy       00000001800113a8     sf_runtime:sf_runtime.dll
 0002:000003b0       __imp_sf_mex_dup           00000001800113b0     sf_runtime:sf_runtime.dll
 0002:000003b8       __imp_sf_mex_assign        00000001800113b8     sf_runtime:sf_runtime.dll
 0002:000003c0       __imp_sf_mex_getcell       00000001800113c0     sf_runtime:sf_runtime.dll
 0002:000003c8       __imp_sf_mex_setcell       00000001800113c8     sf_runtime:sf_runtime.dll
 0002:000003d0       __imp_sf_mex_createcellmatrix 00000001800113d0     sf_runtime:sf_runtime.dll
 0002:000003d8       __imp_sf_mex_create        00000001800113d8     sf_runtime:sf_runtime.dll
 0002:000003e0       __imp_sf_mex_check_fi      00000001800113e0     sf_runtime:sf_runtime.dll
 0002:000003e8       __imp_sf_mex_error_message 00000001800113e8     sf_runtime:sf_runtime.dll
 0002:000003f0       __imp_sf_mex_call_debug    00000001800113f0     sf_runtime:sf_runtime.dll
 0002:000003f8       __imp_sf_mex_call          00000001800113f8     sf_runtime:sf_runtime.dll
 0002:00000400       __imp_sf_register_codegen_names_for_scoped_functions_defined_by_chart 0000000180011400     sf_runtime:sf_runtime.dll
 0002:00000408       __imp_sf_set_chart_accesses_machine_info 0000000180011408     sf_runtime:sf_runtime.dll
 0002:00000410       __imp_sf_is_first_init_cond 0000000180011410     sf_runtime:sf_runtime.dll
 0002:00000418       __imp_sf_get_time          0000000180011418     sf_runtime:sf_runtime.dll
 0002:00000420       __imp_sf_set_rtw_dwork_info 0000000180011420     sf_runtime:sf_runtime.dll
 0002:00000428       __imp_sf_clear_rtw_identifier 0000000180011428     sf_runtime:sf_runtime.dll
 0002:00000430       __imp_sim_mode_is_modelref_sim 0000000180011430     sf_runtime:sf_runtime.dll
 0002:00000438       __imp_sim_mode_is_external 0000000180011438     sf_runtime:sf_runtime.dll
 0002:00000440       __imp_sim_mode_is_rtw_gen  0000000180011440     sf_runtime:sf_runtime.dll
 0002:00000448       __imp_sf_mark_chart_expressionable_inputs 0000000180011448     sf_runtime:sf_runtime.dll
 0002:00000450       __imp_sf_mark_chart_reusable_outputs 0000000180011450     sf_runtime:sf_runtime.dll
 0002:00000458       __imp_sf_is_chart_inlinable 0000000180011458     sf_runtime:sf_runtime.dll
 0002:00000460       __imp_sf_update_buildInfo  0000000180011460     sf_runtime:sf_runtime.dll
 0002:00000468       __imp_sf_rtw_info_uint_prop 0000000180011468     sf_runtime:sf_runtime.dll
 0002:00000470       __imp_sf_get_chart_instance_ptr 0000000180011470     sf_runtime:sf_runtime.dll
 0002:00000478       __imp_sf_free_ChartRunTimeInfo 0000000180011478     sf_runtime:sf_runtime.dll
 0002:00000480       __imp_sf_init_ChartRunTimeInfo 0000000180011480     sf_runtime:sf_runtime.dll
 0002:00000488       __imp_sf_debug_set_machine_data_thresholds 0000000180011488     sf_runtime:sf_runtime.dll
 0002:00000490       __imp_sf_debug_set_machine_event_thresholds 0000000180011490     sf_runtime:sf_runtime.dll
 0002:00000498       __imp_sf_debug_initialize_machine 0000000180011498     sf_runtime:sf_runtime.dll
 0002:000004a0       __imp_sf_load_rtw_optimization_info 00000001800114a0     sf_runtime:sf_runtime.dll
 0002:000004a8       \177sf_runtime_NULL_THUNK_DATA 00000001800114a8     sf_runtime:sf_runtime.dll
 0002:000004b0       __guard_check_icall_fptr   00000001800114b0     MSVCRT:guard_support.obj
 0002:000004b8       __guard_dispatch_icall_fptr 00000001800114b8     MSVCRT:guard_support.obj
 0002:000004c0       __xc_a                     00000001800114c0     MSVCRT:initializers.obj
 0002:000004c8       __xc_z                     00000001800114c8     MSVCRT:initializers.obj
 0002:000004d0       __xi_a                     00000001800114d0     MSVCRT:initializers.obj
 0002:000004d8       __xi_z                     00000001800114d8     MSVCRT:initializers.obj
 0002:000004e0       __xp_a                     00000001800114e0     MSVCRT:initializers.obj
 0002:000004e8       __xp_z                     00000001800114e8     MSVCRT:initializers.obj
 0002:000004f0       __xt_a                     00000001800114f0     MSVCRT:initializers.obj
 0002:000004f8       __xt_z                     00000001800114f8     MSVCRT:initializers.obj
 0002:00000500       __real@41bc987757000000    0000000180011500     overflow_and_saturation_sfun.obj
 0002:00000508       __real@41c189776d000000    0000000180011508     overflow_and_saturation_sfun.obj
 0002:00000510       __real@41d0218c6b400000    0000000180011510     overflow_and_saturation_sfun.obj
 0002:00000518       __real@41d524ad43c00000    0000000180011518     overflow_and_saturation_sfun.obj
 0002:00000520       __real@41d9524c0e400000    0000000180011520     overflow_and_saturation_sfun.obj
 0002:00000528       __real@41da6e802d800000    0000000180011528     overflow_and_saturation_sfun.obj
 0002:00000530       __real@41dfe7243e800000    0000000180011530     overflow_and_saturation_sfun.obj
 0002:00000538       __real@41e69fc653400000    0000000180011538     overflow_and_saturation_sfun.obj
 0002:00000540       __real@41e718f4fd800000    0000000180011540     overflow_and_saturation_sfun.obj
 0002:00000548       __real@41e887850f200000    0000000180011548     overflow_and_saturation_sfun.obj
 0002:00000550       __real@41e914704c600000    0000000180011550     overflow_and_saturation_sfun.obj
 0002:00000558       __real@41e98e0335200000    0000000180011558     overflow_and_saturation_sfun.obj
 0002:00000560       __real@3e10000000000000    0000000180011560     c2_overflow_and_saturation.obj
 0002:00000568       __real@3ff0000000000000    0000000180011568     c2_overflow_and_saturation.obj
 0002:00000570       __real@4000000000000000    0000000180011570     c2_overflow_and_saturation.obj
 0002:00000578       __real@4010000000000000    0000000180011578     c2_overflow_and_saturation.obj
 0002:00000580       __real@4026000000000000    0000000180011580     c2_overflow_and_saturation.obj
 0002:00000588       __real@403e000000000000    0000000180011588     c2_overflow_and_saturation.obj
 0002:00000590       __real@4040000000000000    0000000180011590     c2_overflow_and_saturation.obj
 0002:00000598       __real@40efffe000000000    0000000180011598     c2_overflow_and_saturation.obj
 0002:000005a0       __real@41a2aa10d6000000    00000001800115a0     c2_overflow_and_saturation.obj
 0002:000005a8       __real@41b9fa02ab000000    00000001800115a8     c2_overflow_and_saturation.obj
 0002:000005b0       __real@41e243195d800000    00000001800115b0     c2_overflow_and_saturation.obj
 0002:000005b8       __real@41e46b8e5c000000    00000001800115b8     c2_overflow_and_saturation.obj
 0002:000005c0       __real@c03e000000000000    00000001800115c0     c2_overflow_and_saturation.obj
 0002:000005d0       DYNAMIC_DIMENSION_DEF      00000001800115d0     overflow_and_saturation_sfun_registry.obj
 0002:000005f0       _ssBadLevel2InputAccessMsg 00000001800115f0     overflow_and_saturation_sfun_registry.obj
 0002:00000780       _ssBadLevel2ReusableInputAccessMsg 0000000180011780     overflow_and_saturation_sfun_registry.obj
 0002:00000880       _ssBadLevel2DirectFeedMsg  0000000180011880     overflow_and_saturation_sfun_registry.obj
 0002:000009c0       _ssBadLevel2DirectFeedSolutionMsg 00000001800119c0     overflow_and_saturation_sfun_registry.obj
 0002:00000a30       _ssBadLevel2ZeroDirectFeedMsg 0000000180011a30     overflow_and_saturation_sfun_registry.obj
 0002:00000b70       _ssBadLevel2ZeroDirectFeedMsg2 0000000180011b70     overflow_and_saturation_sfun_registry.obj
 0002:00000c58       __real@0000000000000000    0000000180011c58     overflow_and_saturation_sfun_registry.obj
 0002:00000c60       __real@41602cbca0000000    0000000180011c60     overflow_and_saturation_sfun_registry.obj
 0002:00000c68       __real@bff0000000000000    0000000180011c68     overflow_and_saturation_sfun_registry.obj
 0002:00000c80       _pRawDllMain               0000000180011c80     MSVCRT:dll_dllmain.obj
 0002:00000c80       _pDefaultRawDllMain        0000000180011c80     MSVCRT:dll_dllmain.obj
 0002:00000cb0       _load_config_used          0000000180011cb0     MSVCRT:loadcfg.obj
 0002:00000f70       __rtc_iaa                  0000000180011f70     MSVCRT:_initsect_.obj
 0002:00000f78       __rtc_izz                  0000000180011f78     MSVCRT:_initsect_.obj
 0002:00000f80       __rtc_taa                  0000000180011f80     MSVCRT:_initsect_.obj
 0002:00000f88       __rtc_tzz                  0000000180011f88     MSVCRT:_initsect_.obj
 0002:00001844       __IMPORT_DESCRIPTOR_sf_runtime 0000000180012844     sf_runtime:sf_runtime.dll
 0002:00001858       __IMPORT_DESCRIPTOR_libmx  0000000180012858     libmx:libmx.dll
 0002:0000186c       __IMPORT_DESCRIPTOR_libmex 000000018001286c     libmex:libmex.dll
 0002:00001880       __IMPORT_DESCRIPTOR_libut  0000000180012880     libut:libut.dll
 0002:00001894       __IMPORT_DESCRIPTOR_KERNEL32 0000000180012894     kernel32:KERNEL32.dll
 0002:000018a8       __IMPORT_DESCRIPTOR_VCRUNTIME140 00000001800128a8     vcruntime:VCRUNTIME140.dll
 0002:000018bc       __IMPORT_DESCRIPTOR_api-ms-win-crt-string-l1-1-0 00000001800128bc     ucrt:api-ms-win-crt-string-l1-1-0.dll
 0002:000018d0       __IMPORT_DESCRIPTOR_api-ms-win-crt-heap-l1-1-0 00000001800128d0     ucrt:api-ms-win-crt-heap-l1-1-0.dll
 0002:000018e4       __IMPORT_DESCRIPTOR_api-ms-win-crt-stdio-l1-1-0 00000001800128e4     ucrt:api-ms-win-crt-stdio-l1-1-0.dll
 0002:000018f8       __IMPORT_DESCRIPTOR_api-ms-win-crt-runtime-l1-1-0 00000001800128f8     ucrt:api-ms-win-crt-runtime-l1-1-0.dll
 0002:0000190c       __NULL_IMPORT_DESCRIPTOR   000000018001290c     sf_runtime:sf_runtime.dll
 0003:00001f10       DYNAMIC_DIMENSION          0000000180015f10     overflow_and_saturation_sfun_registry.obj
 0003:00001f20       __security_cookie          0000000180015f20     MSVCRT:gs_cookie.obj
 0003:00001f28       __security_cookie_complement 0000000180015f28     MSVCRT:gs_cookie.obj
 0003:00001f30       _fltused                   0000000180015f30     MSVCRT:dllsupp.obj
 0003:00001f34       __scrt_native_dllmain_reason 0000000180015f34     MSVCRT:utility.obj
 0003:00001f38       __isa_available            0000000180015f38     MSVCRT:_cpu_disp_.obj
 0003:00001f3c       __isa_enabled              0000000180015f3c     MSVCRT:_cpu_disp_.obj
 0003:00001f40       __memcpy_nt_iters          0000000180015f40     MSVCRT:_cpu_disp_.obj
 0003:00001f50       __scrt_ucrt_dll_is_in_use  0000000180015f50     MSVCRT:ucrt_stubs.obj
 0003:00001fa0       sfGlobalDebugInstanceStruct 0000000180015fa0     overflow_and_saturation_sfun_registry.obj
 0003:000025f8       __scrt_current_native_startup_state 00000001800165f8     MSVCRT:utility.obj
 0003:00002600       __scrt_native_startup_lock 0000000180016600     MSVCRT:utility.obj
 0003:00002640       ?__type_info_root_node@@3U__type_info_node@@A 0000000180016640     MSVCRT:tncleanup.obj
 0003:00002650       ?_OptionsStorage@?1??__local_stdio_printf_options@@9@4_KA 0000000180016650     MSVCRT:default_local_stdio_options.obj
 0003:00002658       ?_OptionsStorage@?1??__local_stdio_scanf_options@@9@4_KA 0000000180016658     MSVCRT:default_local_stdio_options.obj
 0003:00002660       __scrt_debugger_hook_flag  0000000180016660     MSVCRT:utility_desktop.obj
 0003:00002664       __favor                    0000000180016664     MSVCRT:_cpu_disp_.obj
 0003:00002668       ?_OptionsStorage@?1??__local_stdio_printf_options@@9@9 0000000180016668     <common>
 0003:00002670       _overflow_and_saturationMachineNumber_ 0000000180016670     <common>
 0003:00002678       __dyn_tls_init_callback    0000000180016678     <common>

 entry point at        0001:0000e788

 Static symbols

 0000:00000000       .debug$S                   0000000180000000     sf_runtime:sf_runtime.dll
 0000:00000000       .debug$S                   0000000180000000     overflow_and_saturation_sfun.exp
 0000:00000000       .debug$S                   0000000180000000     sf_runtime:sf_runtime.dll
 0000:00000000       .debug$S                   0000000180000000     sf_runtime:sf_runtime.dll
 0000:00000000       .debug$S                   0000000180000000     sf_runtime:sf_runtime.dll
 0000:00000000       .debug$S                   0000000180000000     sf_runtime:sf_runtime.dll
 0000:00000000       .debug$S                   0000000180000000     sf_runtime:sf_runtime.dll
 0000:00000000       .debug$S                   0000000180000000     ucrt:api-ms-win-crt-heap-l1-1-0.dll
 0000:00000000       .debug$S                   0000000180000000     ucrt:api-ms-win-crt-heap-l1-1-0.dll
 0000:00000000       .debug$S                   0000000180000000     ucrt:api-ms-win-crt-runtime-l1-1-0.dll
 0000:00000000       .debug$S                   0000000180000000     ucrt:api-ms-win-crt-runtime-l1-1-0.dll
 0000:00000000       .debug$S                   0000000180000000     ucrt:api-ms-win-crt-runtime-l1-1-0.dll
 0000:00000000       .debug$S                   0000000180000000     ucrt:api-ms-win-crt-runtime-l1-1-0.dll
 0000:00000000       .debug$S                   0000000180000000     ucrt:api-ms-win-crt-runtime-l1-1-0.dll
 0000:00000000       .debug$S                   0000000180000000     ucrt:api-ms-win-crt-runtime-l1-1-0.dll
 0000:00000000       .debug$S                   0000000180000000     ucrt:api-ms-win-crt-runtime-l1-1-0.dll
 0000:00000000       .debug$S                   0000000180000000     ucrt:api-ms-win-crt-runtime-l1-1-0.dll
 0000:00000000       .debug$S                   0000000180000000     ucrt:api-ms-win-crt-runtime-l1-1-0.dll
 0000:00000000       .debug$S                   0000000180000000     ucrt:api-ms-win-crt-runtime-l1-1-0.dll
 0000:00000000       .debug$S                   0000000180000000     ucrt:api-ms-win-crt-runtime-l1-1-0.dll
 0000:00000000       .debug$S                   0000000180000000     ucrt:api-ms-win-crt-runtime-l1-1-0.dll
 0000:00000000       .debug$S                   0000000180000000     ucrt:api-ms-win-crt-stdio-l1-1-0.dll
 0000:00000000       .debug$S                   0000000180000000     sf_runtime:sf_runtime.dll
 0000:00000000       .debug$S                   0000000180000000     ucrt:api-ms-win-crt-string-l1-1-0.dll
 0000:00000000       .debug$S                   0000000180000000     ucrt:api-ms-win-crt-string-l1-1-0.dll
 0000:00000000       .debug$S                   0000000180000000     ucrt:api-ms-win-crt-string-l1-1-0.dll
 0000:00000000       .debug$S                   0000000180000000     sf_runtime:sf_runtime.dll
 0000:00000000       .debug$S                   0000000180000000     vcruntime:VCRUNTIME140.dll
 0000:00000000       .debug$S                   0000000180000000     vcruntime:VCRUNTIME140.dll
 0000:00000000       .debug$S                   0000000180000000     vcruntime:VCRUNTIME140.dll
 0000:00000000       .debug$S                   0000000180000000     vcruntime:VCRUNTIME140.dll
 0000:00000000       .debug$S                   0000000180000000     sf_runtime:sf_runtime.dll
 0000:00000000       .debug$S                   0000000180000000     kernel32:KERNEL32.dll
 0000:00000000       .debug$S                   0000000180000000     kernel32:KERNEL32.dll
 0000:00000000       .debug$S                   0000000180000000     kernel32:KERNEL32.dll
 0000:00000000       .debug$S                   0000000180000000     kernel32:KERNEL32.dll
 0000:00000000       .debug$S                   0000000180000000     kernel32:KERNEL32.dll
 0000:00000000       .debug$S                   0000000180000000     kernel32:KERNEL32.dll
 0000:00000000       .debug$S                   0000000180000000     kernel32:KERNEL32.dll
 0000:00000000       .debug$S                   0000000180000000     kernel32:KERNEL32.dll
 0000:00000000       .debug$S                   0000000180000000     kernel32:KERNEL32.dll
 0000:00000000       .debug$S                   0000000180000000     kernel32:KERNEL32.dll
 0000:00000000       .debug$S                   0000000180000000     kernel32:KERNEL32.dll
 0000:00000000       .debug$S                   0000000180000000     kernel32:KERNEL32.dll
 0000:00000000       .debug$S                   0000000180000000     kernel32:KERNEL32.dll
 0000:00000000       .debug$S                   0000000180000000     kernel32:KERNEL32.dll
 0000:00000000       .debug$S                   0000000180000000     kernel32:KERNEL32.dll
 0000:00000000       .debug$S                   0000000180000000     kernel32:KERNEL32.dll
 0000:00000000       .debug$S                   0000000180000000     kernel32:KERNEL32.dll
 0000:00000000       .debug$S                   0000000180000000     sf_runtime:sf_runtime.dll
 0000:00000000       .debug$S                   0000000180000000     sf_runtime:sf_runtime.dll
 0000:00000000       .debug$S                   0000000180000000     sf_runtime:sf_runtime.dll
 0000:00000000       .debug$S                   0000000180000000     sf_runtime:sf_runtime.dll
 0000:00000000       .debug$S                   0000000180000000     sf_runtime:sf_runtime.dll
 0000:00000000       .debug$S                   0000000180000000     sf_runtime:sf_runtime.dll
 0000:00000000       .debug$S                   0000000180000000     sf_runtime:sf_runtime.dll
 0000:00000000       .debug$S                   0000000180000000     sf_runtime:sf_runtime.dll
 0000:00000000       .debug$S                   0000000180000000     sf_runtime:sf_runtime.dll
 0000:00000000       .debug$S                   0000000180000000     sf_runtime:sf_runtime.dll
 0000:00000000       .debug$S                   0000000180000000     sf_runtime:sf_runtime.dll
 0000:00000000       .debug$S                   0000000180000000     sf_runtime:sf_runtime.dll
 0000:00000000       .debug$S                   0000000180000000     sf_runtime:sf_runtime.dll
 0000:00000000       .debug$S                   0000000180000000     sf_runtime:sf_runtime.dll
 0000:00000000       .debug$S                   0000000180000000     sf_runtime:sf_runtime.dll
 0000:00000000       .debug$S                   0000000180000000     sf_runtime:sf_runtime.dll
 0000:00000000       .debug$S                   0000000180000000     sf_runtime:sf_runtime.dll
 0000:00000000       .debug$S                   0000000180000000     sf_runtime:sf_runtime.dll
 0000:00000000       .debug$S                   0000000180000000     sf_runtime:sf_runtime.dll
 0000:00000000       .debug$S                   0000000180000000     sf_runtime:sf_runtime.dll
 0000:00000000       .debug$S                   0000000180000000     sf_runtime:sf_runtime.dll
 0000:00000000       .debug$S                   0000000180000000     sf_runtime:sf_runtime.dll
 0000:00000000       .debug$S                   0000000180000000     sf_runtime:sf_runtime.dll
 0000:00000000       .debug$S                   0000000180000000     sf_runtime:sf_runtime.dll
 0000:00000000       .debug$S                   0000000180000000     sf_runtime:sf_runtime.dll
 0000:00000000       .debug$S                   0000000180000000     sf_runtime:sf_runtime.dll
 0000:00000000       .debug$S                   0000000180000000     sf_runtime:sf_runtime.dll
 0000:00000000       .debug$S                   0000000180000000     sf_runtime:sf_runtime.dll
 0000:00000000       .debug$S                   0000000180000000     sf_runtime:sf_runtime.dll
 0000:00000000       .debug$S                   0000000180000000     sf_runtime:sf_runtime.dll
 0000:00000000       .debug$S                   0000000180000000     sf_runtime:sf_runtime.dll
 0000:00000000       .debug$S                   0000000180000000     sf_runtime:sf_runtime.dll
 0000:00000000       .debug$S                   0000000180000000     sf_runtime:sf_runtime.dll
 0000:00000000       .debug$S                   0000000180000000     sf_runtime:sf_runtime.dll
 0000:00000000       .debug$S                   0000000180000000     sf_runtime:sf_runtime.dll
 0000:00000000       .debug$S                   0000000180000000     sf_runtime:sf_runtime.dll
 0000:00000000       .debug$S                   0000000180000000     sf_runtime:sf_runtime.dll
 0000:00000000       .debug$S                   0000000180000000     sf_runtime:sf_runtime.dll
 0000:00000000       .debug$S                   0000000180000000     sf_runtime:sf_runtime.dll
 0000:00000000       .debug$S                   0000000180000000     sf_runtime:sf_runtime.dll
 0000:00000000       .debug$S                   0000000180000000     sf_runtime:sf_runtime.dll
 0000:00000000       .debug$S                   0000000180000000     sf_runtime:sf_runtime.dll
 0000:00000000       .debug$S                   0000000180000000     sf_runtime:sf_runtime.dll
 0000:00000000       .debug$S                   0000000180000000     sf_runtime:sf_runtime.dll
 0000:00000000       .debug$S                   0000000180000000     sf_runtime:sf_runtime.dll
 0000:00000000       .debug$S                   0000000180000000     sf_runtime:sf_runtime.dll
 0000:00000000       .debug$S                   0000000180000000     sf_runtime:sf_runtime.dll
 0000:00000000       .debug$S                   0000000180000000     sf_runtime:sf_runtime.dll
 0000:00000000       .debug$S                   0000000180000000     sf_runtime:sf_runtime.dll
 0000:00000000       .debug$S                   0000000180000000     sf_runtime:sf_runtime.dll
 0000:00000000       .debug$S                   0000000180000000     sf_runtime:sf_runtime.dll
 0000:00000000       .debug$S                   0000000180000000     sf_runtime:sf_runtime.dll
 0000:00000000       .debug$S                   0000000180000000     sf_runtime:sf_runtime.dll
 0000:00000000       .debug$S                   0000000180000000     sf_runtime:sf_runtime.dll
 0000:00000000       .debug$S                   0000000180000000     sf_runtime:sf_runtime.dll
 0000:00000000       .debug$S                   0000000180000000     sf_runtime:sf_runtime.dll
 0000:00000000       .debug$S                   0000000180000000     sf_runtime:sf_runtime.dll
 0000:00000000       .debug$S                   0000000180000000     sf_runtime:sf_runtime.dll
 0000:00000000       .debug$S                   0000000180000000     sf_runtime:sf_runtime.dll
 0000:00000000       .debug$S                   0000000180000000     sf_runtime:sf_runtime.dll
 0000:00000000       .debug$S                   0000000180000000     sf_runtime:sf_runtime.dll
 0000:00000000       .debug$S                   0000000180000000     sf_runtime:sf_runtime.dll
 0000:00000000       .debug$S                   0000000180000000     libut:libut.dll
 0000:00000000       .debug$S                   0000000180000000     sf_runtime:sf_runtime.dll
 0000:00000000       .debug$S                   0000000180000000     libmx:libmx.dll
 0000:00000000       .debug$S                   0000000180000000     libmx:libmx.dll
 0000:00000000       .debug$S                   0000000180000000     libmx:libmx.dll
 0000:00000000       .debug$S                   0000000180000000     libmx:libmx.dll
 0000:00000000       .debug$S                   0000000180000000     libmx:libmx.dll
 0000:00000000       .debug$S                   0000000180000000     libmx:libmx.dll
 0000:00000000       .debug$S                   0000000180000000     libmx:libmx.dll
 0000:00000000       .debug$S                   0000000180000000     libmx:libmx.dll
 0000:00000000       .debug$S                   0000000180000000     libmx:libmx.dll
 0000:00000000       .debug$S                   0000000180000000     libmx:libmx.dll
 0000:00000000       .debug$S                   0000000180000000     libmx:libmx.dll
 0000:00000000       .debug$S                   0000000180000000     libmx:libmx.dll
 0000:00000000       .debug$S                   0000000180000000     libmx:libmx.dll
 0000:00000000       .debug$S                   0000000180000000     libmx:libmx.dll
 0000:00000000       .debug$S                   0000000180000000     libmx:libmx.dll
 0000:00000000       .debug$S                   0000000180000000     libmx:libmx.dll
 0000:00000000       .debug$S                   0000000180000000     libmx:libmx.dll
 0000:00000000       .debug$S                   0000000180000000     libmx:libmx.dll
 0000:00000000       .debug$S                   0000000180000000     libmx:libmx.dll
 0000:00000000       .debug$S                   0000000180000000     libmx:libmx.dll
 0000:00000000       .debug$S                   0000000180000000     libmex:libmex.dll
 0000:00000000       .debug$S                   0000000180000000     libmex:libmex.dll
 0000:00000000       .debug$S                   0000000180000000     libmex:libmex.dll
 0000:00000000       .debug$S                   0000000180000000     libmex:libmex.dll
 0000:00000000       .debug$S                   0000000180000000     libmex:libmex.dll
 0000:00000000       .debug$S                   0000000180000000     libmex:libmex.dll
 0000:00000000       .debug$S                   0000000180000000     libmex:libmex.dll
 0000:00000000       .debug$S                   0000000180000000     libut:libut.dll
 0001:00001160       chart_debug_initialization 0000000180002160 f   c2_overflow_and_saturation.obj
 0001:000018a0       chart_debug_initialize_data_addresses 00000001800028a0 f   c2_overflow_and_saturation.obj
 0001:000019e0       initialize_c2_overflow_and_saturation 00000001800029e0 f   c2_overflow_and_saturation.obj
 0001:00002150       initialize_params_c2_overflow_and_saturation 0000000180003150 f   c2_overflow_and_saturation.obj
 0001:00002160       enable_c2_overflow_and_saturation 0000000180003160 f   c2_overflow_and_saturation.obj
 0001:00002190       disable_c2_overflow_and_saturation 0000000180003190 f   c2_overflow_and_saturation.obj
 0001:000021c0       c2_update_debugger_state_c2_overflow_and_saturation 00000001800031c0 f   c2_overflow_and_saturation.obj
 0001:000021d0       get_sim_state_c2_overflow_and_saturation 00000001800031d0 f   c2_overflow_and_saturation.obj
 0001:000024a0       set_sim_state_c2_overflow_and_saturation 00000001800034a0 f   c2_overflow_and_saturation.obj
 0001:00002570       finalize_c2_overflow_and_saturation 0000000180003570 f   c2_overflow_and_saturation.obj
 0001:000025b0       sf_gateway_c2_overflow_and_saturation 00000001800035b0 f   c2_overflow_and_saturation.obj
 0001:00003e40       mdl_start_c2_overflow_and_saturation 0000000180004e40 f   c2_overflow_and_saturation.obj
 0001:00003e50       initSimStructsc2_overflow_and_saturation 0000000180004e50 f   c2_overflow_and_saturation.obj
 0001:00003e60       init_script_number_translation 0000000180004e60 f   c2_overflow_and_saturation.obj
 0001:00003e80       c2_sf_marshallOut          0000000180004e80 f   c2_overflow_and_saturation.obj
 0001:000040e0       c2_emlrt_marshallIn        00000001800050e0 f   c2_overflow_and_saturation.obj
 0001:00004150       c2_b_emlrt_marshallIn      0000000180005150 f   c2_overflow_and_saturation.obj
 0001:000042a0       c2_sf_marshallIn           00000001800052a0 f   c2_overflow_and_saturation.obj
 0001:00004350       c2_b_sf_marshallOut        0000000180005350 f   c2_overflow_and_saturation.obj
 0001:000045b0       c2_c_sf_marshallOut        00000001800055b0 f   c2_overflow_and_saturation.obj
 0001:00004660       c2_c_emlrt_marshallIn      0000000180005660 f   c2_overflow_and_saturation.obj
 0001:000046f0       c2_b_sf_marshallIn         00000001800056f0 f   c2_overflow_and_saturation.obj
 0001:000047a0       c2_e_emlrt_marshallIn      00000001800057a0 f   c2_overflow_and_saturation.obj
 0001:00004810       c2_f_emlrt_marshallIn      0000000180005810 f   c2_overflow_and_saturation.obj
 0001:000048a0       init_dsm_address_info      00000001800058a0 f   c2_overflow_and_saturation.obj
 0001:000048b0       init_simulink_io_address   00000001800058b0 f   c2_overflow_and_saturation.obj
 0001:00005520       sf_get_sim_state_info_c2_overflow_and_saturation 0000000180006520 f   c2_overflow_and_saturation.obj
 0001:000055f0       sf_get_instance_specialization 00000001800065f0 f   c2_overflow_and_saturation.obj
 0001:00005600       sf_opaque_initialize_c2_overflow_and_saturation 0000000180006600 f   c2_overflow_and_saturation.obj
 0001:00005640       sf_opaque_enable_c2_overflow_and_saturation 0000000180006640 f   c2_overflow_and_saturation.obj
 0001:00005660       sf_opaque_disable_c2_overflow_and_saturation 0000000180006660 f   c2_overflow_and_saturation.obj
 0001:00005680       sf_opaque_gateway_c2_overflow_and_saturation 0000000180006680 f   c2_overflow_and_saturation.obj
 0001:000056a0       sf_opaque_get_sim_state_c2_overflow_and_saturation 00000001800066a0 f   c2_overflow_and_saturation.obj
 0001:000056d0       sf_opaque_set_sim_state_c2_overflow_and_saturation 00000001800066d0 f   c2_overflow_and_saturation.obj
 0001:00005700       sf_opaque_terminate_c2_overflow_and_saturation 0000000180006700 f   c2_overflow_and_saturation.obj
 0001:000057a0       mdlProcessParameters_c2_overflow_and_saturation 00000001800067a0 f   c2_overflow_and_saturation.obj
 0001:00005860       mdlSetWorkWidths_c2_overflow_and_saturation 0000000180006860 f   c2_overflow_and_saturation.obj
 0001:00005f00       mdlRTW_c2_overflow_and_saturation 0000000180006f00 f   c2_overflow_and_saturation.obj
 0001:00005f40       mdlStart_c2_overflow_and_saturation 0000000180006f40 f   c2_overflow_and_saturation.obj
 0001:00007488       $LN120                     0000000180008488     overflow_and_saturation_sfun_registry.obj
 0001:00009504       $LN17                      000000018000a504     overflow_and_saturation_sfun_registry.obj
 0001:00009a8c       $LN26                      000000018000aa8c     overflow_and_saturation_sfun_registry.obj
 0001:0000a174       $LN23                      000000018000b174     overflow_and_saturation_sfun_registry.obj
 0001:0000a744       $LN26                      000000018000b744     overflow_and_saturation_sfun_registry.obj
 0001:0000c350       sf_debug_api_wrapper       000000018000d350 f   overflow_and_saturation_sfun_registry.obj
 0001:0000c3a0       ProcessMexSfunctionCmdLineCall 000000018000d3a0 f   overflow_and_saturation_sfun_registry.obj
 0001:0000c710       mdlSetWorkWidths           000000018000d710 f   overflow_and_saturation_sfun_registry.obj
 0001:0000c740       mdlProcessParameters       000000018000d740 f   overflow_and_saturation_sfun_registry.obj
 0001:0000c770       mdl_start_processing       000000018000d770 f   overflow_and_saturation_sfun_registry.obj
 0001:0000c820       mdl_terminate_processing   000000018000d820 f   overflow_and_saturation_sfun_registry.obj
 0001:0000c8b0       mdlStart                   000000018000d8b0 f   overflow_and_saturation_sfun_registry.obj
 0001:0000c8e0       mdlTerminate               000000018000d8e0 f   overflow_and_saturation_sfun_registry.obj
 0001:0000c910       mdlInitializeSizes         000000018000d910 f   overflow_and_saturation_sfun_registry.obj
 0001:0000c940       mdlInitializeSampleTimes   000000018000d940 f   overflow_and_saturation_sfun_registry.obj
 0001:0000c970       mdl_outputs_continuous_legacy 000000018000d970 f   overflow_and_saturation_sfun_registry.obj
 0001:0000ca70       mdl_outputs_processing     000000018000da70 f   overflow_and_saturation_sfun_registry.obj
 0001:0000cb90       mdl_zeroCrossings_processing 000000018000db90 f   overflow_and_saturation_sfun_registry.obj
 0001:0000cbd0       mdlZeroCrossings           000000018000dbd0 f   overflow_and_saturation_sfun_registry.obj
 0001:0000cc00       mdl_derivatives_processing 000000018000dc00 f   overflow_and_saturation_sfun_registry.obj
 0001:0000cc50       mdlDerivatives             000000018000dc50 f   overflow_and_saturation_sfun_registry.obj
 0001:0000cc80       mdl_initialize_conditions_processing 000000018000dc80 f   overflow_and_saturation_sfun_registry.obj
 0001:0000ccd0       mdlInitializeConditions    000000018000dcd0 f   overflow_and_saturation_sfun_registry.obj
 0001:0000cd00       mdl_ext_mode_exec_processing 000000018000dd00 f   overflow_and_saturation_sfun_registry.obj
 0001:0000cd40       mdlExtModeExec             000000018000dd40 f   overflow_and_saturation_sfun_registry.obj
 0001:0000cd70       mdlRTW                     000000018000dd70 f   overflow_and_saturation_sfun_registry.obj
 0001:0000cdb0       mdl_enable_processing      000000018000ddb0 f   overflow_and_saturation_sfun_registry.obj
 0001:0000cdf0       mdlEnable                  000000018000ddf0 f   overflow_and_saturation_sfun_registry.obj
 0001:0000ce20       mdl_disable_processing     000000018000de20 f   overflow_and_saturation_sfun_registry.obj
 0001:0000ce60       mdlDisable                 000000018000de60 f   overflow_and_saturation_sfun_registry.obj
 0001:0000ce90       mdlOutputs                 000000018000de90 f   overflow_and_saturation_sfun_registry.obj
 0001:0000cec0       mdl_update_processing      000000018000dec0 f   overflow_and_saturation_sfun_registry.obj
 0001:0000cf10       mdlUpdate                  000000018000df10 f   overflow_and_saturation_sfun_registry.obj
[...]
 0004:000001f8       $pdata$sf_opaque_gateway_c2_overflow_and_saturation 00000001800171f8     c2_overflow_and_saturation.obj
 0004:00000204       $pdata$sf_opaque_get_sim_state_c2_overflow_and_saturation 0000000180017204     c2_overflow_and_saturation.obj
 0004:00000210       $pdata$sf_opaque_set_sim_state_c2_overflow_and_saturation 0000000180017210     c2_overflow_and_saturation.obj
 0004:0000021c       $pdata$sf_opaque_terminate_c2_overflow_and_saturation 000000018001721c     c2_overflow_and_saturation.obj
 0004:00000228       $pdata$mdlProcessParameters_c2_overflow_and_saturation 0000000180017228     c2_overflow_and_saturation.obj
 0004:00000234       $pdata$mdlSetWorkWidths_c2_overflow_and_saturation 0000000180017234     c2_overflow_and_saturation.obj
 0004:00000240       $pdata$mdlRTW_c2_overflow_and_saturation 0000000180017240     c2_overflow_and_saturation.obj
 0004:0000024c       $pdata$mdlStart_c2_overflow_and_saturation 000000018001724c     c2_overflow_and_saturation.obj
 0004:00000258       $pdata$mexFunction         0000000180017258     overflow_and_saturation_sfun_registry.obj
 0004:00000264       $pdata$_ssSetInputPortDirectFeedThroughFcn 0000000180017264     overflow_and_saturation_sfun_registry.obj
 0004:00000270       $pdata$_ssGetInputPortSignalPtrsFcn 0000000180017270     overflow_and_saturation_sfun_registry.obj
 0004:0000027c       $pdata$_ssGetInputPortSignalFcn 000000018001727c     overflow_and_saturation_sfun_registry.obj
 0004:00000288       $pdata$_ssSetInputPortReusableFcn 0000000180017288     overflow_and_saturation_sfun_registry.obj
 0004:00000294       $pdata$_ssSetOutputPortReusableFcn 0000000180017294     overflow_and_saturation_sfun_registry.obj
 0004:000002a0       $pdata$_ssSetSymbolicDimsSupport 00000001800172a0     overflow_and_saturation_sfun_registry.obj
 0004:000002ac       $pdata$_ssRegisterSymbolicDimsExpr 00000001800172ac     overflow_and_saturation_sfun_registry.obj
 0004:000002b8       $pdata$_ssRegisterSymbolicDims 00000001800172b8     overflow_and_saturation_sfun_registry.obj
 0004:000002c4       $pdata$_ssRegisterSymbolicDimsString 00000001800172c4     overflow_and_saturation_sfun_registry.obj
 0004:000002d0       $pdata$_ssRegisterSymbolicDimsIntValue 00000001800172d0     overflow_and_saturation_sfun_registry.obj
 0004:000002dc       $pdata$_ssRegisterSymbolicDimsPlus 00000001800172dc     overflow_and_saturation_sfun_registry.obj
 0004:000002e8       $pdata$_ssRegisterSymbolicDimsMinus 00000001800172e8     overflow_and_saturation_sfun_registry.obj
 0004:000002f4       $pdata$_ssRegisterSymbolicDimsMultiply 00000001800172f4     overflow_and_saturation_sfun_registry.obj
 0004:00000300       $pdata$_ssRegisterSymbolicDimsDivide 0000000180017300     overflow_and_saturation_sfun_registry.obj
 0004:0000030c       $pdata$_ssGetNumSymbolicDims 000000018001730c     overflow_and_saturation_sfun_registry.obj
 0004:00000318       $pdata$_ssGetSymbolicDim   0000000180017318     overflow_and_saturation_sfun_registry.obj
 0004:00000324       $pdata$_ssSetInputPortSymbolicDimsId 0000000180017324     overflow_and_saturation_sfun_registry.obj
 0004:00000330       $pdata$_ssGetCompInputPortSymbolicDimsId 0000000180017330     overflow_and_saturation_sfun_registry.obj
 0004:0000033c       $pdata$_ssSetCompInputPortSymbolicDimsId 000000018001733c     overflow_and_saturation_sfun_registry.obj
 0004:00000348       $pdata$_ssSetOutputPortSymbolicDimsId 0000000180017348     overflow_and_saturation_sfun_registry.obj
 0004:00000354       $pdata$_ssGetCompOutputPortSymbolicDimsId 0000000180017354     overflow_and_saturation_sfun_registry.obj
 0004:00000360       $pdata$_ssSetCompOutputPortSymbolicDimsId 0000000180017360     overflow_and_saturation_sfun_registry.obj
 0004:0000036c       $pdata$_ssSetCompDWorkSymbolicDimsId 000000018001736c     overflow_and_saturation_sfun_registry.obj
 0004:00000378       $pdata$ssGetIsZeroCrossControlDisabled 0000000180017378     overflow_and_saturation_sfun_registry.obj
 0004:00000384       $pdata$ssSetIsInputPortUsedForContZcSignal 0000000180017384     overflow_and_saturation_sfun_registry.obj
 0004:00000390       $pdata$ssSetZcSignalIsZcElementDisc 0000000180017390     overflow_and_saturation_sfun_registry.obj
 0004:0000039c       $pdata$ssSetZcSignalName   000000018001739c     overflow_and_saturation_sfun_registry.obj
 0004:000003a8       $pdata$ssSetZcSignalWidth  00000001800173a8     overflow_and_saturation_sfun_registry.obj
 0004:000003b4       $pdata$ssSetZcSignalZcEventType 00000001800173b4     overflow_and_saturation_sfun_registry.obj
 0004:000003c0       $pdata$ssSetZcSignalType   00000001800173c0     overflow_and_saturation_sfun_registry.obj
 0004:000003cc       $pdata$ssSetZcSignalZcTol  00000001800173cc     overflow_and_saturation_sfun_registry.obj
 0004:000003d8       $pdata$ssSetZcSignalNeedsEventNotification 00000001800173d8     overflow_and_saturation_sfun_registry.obj
 0004:000003e4       $pdata$ssCreateAndAddZcSignalInfo 00000001800173e4     overflow_and_saturation_sfun_registry.obj
 0004:000003f0       $pdata$ssCloneAndAddZcSignalInfo 00000001800173f0     overflow_and_saturation_sfun_registry.obj
 0004:000003fc       $pdata$ssGetNumZcSignals   00000001800173fc     overflow_and_saturation_sfun_registry.obj
 0004:00000408       $pdata$ssGetZcSignalVector 0000000180017408     overflow_and_saturation_sfun_registry.obj
 0004:00000414       $pdata$ssGetZcSignalName   0000000180017414     overflow_and_saturation_sfun_registry.obj
 0004:00000420       $pdata$ssGetZcSignalWidth  0000000180017420     overflow_and_saturation_sfun_registry.obj
 0004:0000042c       $pdata$ssGetZcSignalZcEventType 000000018001742c     overflow_and_saturation_sfun_registry.obj
 0004:00000438       $pdata$ssGetZcSignalZcEvents 0000000180017438     overflow_and_saturation_sfun_registry.obj
 0004:00000444       $pdata$ssGetZcSignalType   0000000180017444     overflow_and_saturation_sfun_registry.obj
 0004:00000450       $pdata$ssGetZcSignalZcTol  0000000180017450     overflow_and_saturation_sfun_registry.obj
 0004:0000045c       $pdata$ssGetZcSignalNeedsEventNotification 000000018001745c     overflow_and_saturation_sfun_registry.obj
 0004:00000468       $pdata$ssGetZcSignalIsZcElementDisc 0000000180017468     overflow_and_saturation_sfun_registry.obj
 0004:00000474       $pdata$ssGetIsInputPortElementContinuous 0000000180017474     overflow_and_saturation_sfun_registry.obj
 0004:00000480       $pdata$ssGetDTypeIdFromMxArray 0000000180017480     overflow_and_saturation_sfun_registry.obj
 0004:0000048c       $pdata$ssWriteRTWStr       000000018001748c     overflow_and_saturation_sfun_registry.obj
 0004:00000498       $pdata$ssWriteRTWNameValuePair 0000000180017498     overflow_and_saturation_sfun_registry.obj
 0004:000004a4       $pdata$ssWriteRTWParamSettings 00000001800174a4     overflow_and_saturation_sfun_registry.obj
 0004:000004b0       $pdata$ssWriteRTWParameters 00000001800174b0     overflow_and_saturation_sfun_registry.obj
 0004:000004bc       $pdata$ssWriteRTWWorkVect  00000001800174bc     overflow_and_saturation_sfun_registry.obj
 0004:000004c8       $pdata$ssWriteRTWMxVectParam 00000001800174c8     overflow_and_saturation_sfun_registry.obj
 0004:000004d4       $pdata$ssWriteRTWMx2dMatParam 00000001800174d4     overflow_and_saturation_sfun_registry.obj
 0004:000004e0       $pdata$_ssSetInputPortMatrixDimensions 00000001800174e0     overflow_and_saturation_sfun_registry.obj
 0004:000004ec       $pdata$_ssSetOutputPortMatrixDimensions 00000001800174ec     overflow_and_saturation_sfun_registry.obj
 0004:000004f8       $pdata$_ssSetInputPortVectorDimension 00000001800174f8     overflow_and_saturation_sfun_registry.obj
 0004:00000504       $pdata$_ssSetOutputPortVectorDimension 0000000180017504     overflow_and_saturation_sfun_registry.obj
 0004:00000510       $pdata$ssIsRunTimeParamTunable 0000000180017510     overflow_and_saturation_sfun_registry.obj
 0004:0000051c       $pdata$ssGetSFuncBlockHandle 000000018001751c     overflow_and_saturation_sfun_registry.obj
 0004:00000528       $pdata$_ssGetCurrentInputPortWidth 0000000180017528     overflow_and_saturation_sfun_registry.obj
 0004:00000534       $pdata$_ssGetCurrentOutputPortWidth 0000000180017534     overflow_and_saturation_sfun_registry.obj
 0004:00000540       $pdata$_ssGetCallSystemNumFcnCallDestinations 0000000180017540     overflow_and_saturation_sfun_registry.obj
 0004:0000054c       $pdata$ssGetParameterTuningCompliance 000000018001754c     overflow_and_saturation_sfun_registry.obj
 0004:00000558       $pdata$ssWarning           0000000180017558     overflow_and_saturation_sfun_registry.obj
 0004:00000564       $pdata$_ssGetAbsTol        0000000180017564     overflow_and_saturation_sfun_registry.obj
 0004:00000570       $pdata$sf_process_check_sum_call 0000000180017570     overflow_and_saturation_sfun_registry.obj
 0004:0000057c       $pdata$sf_process_autoinheritance_call 000000018001757c     overflow_and_saturation_sfun_registry.obj
 0004:00000588       $pdata$sf_process_get_third_party_uses_info_call 0000000180017588     overflow_and_saturation_sfun_registry.obj
 0004:00000594       $pdata$sf_process_get_jit_fallback_info_call 0000000180017594     overflow_and_saturation_sfun_registry.obj
 0004:000005a0       $pdata$sf_process_get_updateBuildInfo_args_info_call 00000001800175a0     overflow_and_saturation_sfun_registry.obj
 0004:000005ac       $pdata$sf_process_get_eml_resolved_functions_info_call 00000001800175ac     overflow_and_saturation_sfun_registry.obj
 0004:000005b8       $pdata$sf_mex_unlock_call  00000001800175b8     overflow_and_saturation_sfun_registry.obj
 0004:000005c4       $pdata$sf_debug_api_wrapper 00000001800175c4     overflow_and_saturation_sfun_registry.obj
 0004:000005d0       $pdata$ProcessMexSfunctionCmdLineCall 00000001800175d0     overflow_and_saturation_sfun_registry.obj
 0004:000005dc       $pdata$sf_machine_global_initializer_called 00000001800175dc     overflow_and_saturation_sfun_registry.obj
 0004:000005e8       $pdata$sf_machine_global_method_dispatcher 00000001800175e8     overflow_and_saturation_sfun_registry.obj
 0004:000005f4       $pdata$sf_machine_global_terminator 00000001800175f4     overflow_and_saturation_sfun_registry.obj
 0004:00000600       $pdata$sf_register_machine_exported_symbols 0000000180017600     overflow_and_saturation_sfun_registry.obj
 0004:0000060c       $pdata$sf_machine_global_initializer 000000018001760c     overflow_and_saturation_sfun_registry.obj
 0004:00000618       $pdata$mdlGetSimState      0000000180017618     overflow_and_saturation_sfun_registry.obj
 0004:00000624       $pdata$mdlSetSimState      0000000180017624     overflow_and_saturation_sfun_registry.obj
 0004:00000630       $pdata$mdlSetWorkWidths    0000000180017630     overflow_and_saturation_sfun_registry.obj
 0004:0000063c       $pdata$mdlProcessParameters 000000018001763c     overflow_and_saturation_sfun_registry.obj
 0004:00000648       $pdata$mdl_start_processing 0000000180017648     overflow_and_saturation_sfun_registry.obj
 0004:00000654       $pdata$mdl_terminate_processing 0000000180017654     overflow_and_saturation_sfun_registry.obj
 0004:00000660       $pdata$mdlStart            0000000180017660     overflow_and_saturation_sfun_registry.obj
 0004:0000066c       $pdata$mdlTerminate        000000018001766c     overflow_and_saturation_sfun_registry.obj
 0004:00000678       $pdata$mdlInitializeSizes  0000000180017678     overflow_and_saturation_sfun_registry.obj
 0004:00000684       $pdata$mdlInitializeSampleTimes 0000000180017684     overflow_and_saturation_sfun_registry.obj
 0004:00000690       $pdata$mdl_outputs_continuous_legacy 0000000180017690     overflow_and_saturation_sfun_registry.obj
 0004:0000069c       $pdata$mdl_outputs_processing 000000018001769c     overflow_and_saturation_sfun_registry.obj
 0004:000006a8       $pdata$mdl_zeroCrossings_processing 00000001800176a8     overflow_and_saturation_sfun_registry.obj
 0004:000006b4       $pdata$mdlZeroCrossings    00000001800176b4     overflow_and_saturation_sfun_registry.obj
 0004:000006c0       $pdata$mdl_derivatives_processing 00000001800176c0     overflow_and_saturation_sfun_registry.obj
 0004:000006cc       $pdata$mdlDerivatives      00000001800176cc     overflow_and_saturation_sfun_registry.obj
 0004:000006d8       $pdata$mdl_initialize_conditions_processing 00000001800176d8     overflow_and_saturation_sfun_registry.obj
 0004:000006e4       $pdata$mdlInitializeConditions 00000001800176e4     overflow_and_saturation_sfun_registry.obj
 0004:000006f0       $pdata$mdl_ext_mode_exec_processing 00000001800176f0     overflow_and_saturation_sfun_registry.obj
 0004:000006fc       $pdata$mdlExtModeExec      00000001800176fc     overflow_and_saturation_sfun_registry.obj
 0004:00000708       $pdata$mdlRTW              0000000180017708     overflow_and_saturation_sfun_registry.obj
 0004:00000714       $pdata$mdl_enable_processing 0000000180017714     overflow_and_saturation_sfun_registry.obj
 0004:00000720       $pdata$mdlEnable           0000000180017720     overflow_and_saturation_sfun_registry.obj
 0004:0000072c       $pdata$mdl_disable_processing 000000018001772c     overflow_and_saturation_sfun_registry.obj
 0004:00000738       $pdata$mdlDisable          0000000180017738     overflow_and_saturation_sfun_registry.obj
 0004:00000744       $pdata$mdlOutputs          0000000180017744     overflow_and_saturation_sfun_registry.obj
 0004:00000750       $pdata$mdl_update_processing 0000000180017750     overflow_and_saturation_sfun_registry.obj
 0004:0000075c       $pdata$mdlUpdate           000000018001775c     overflow_and_saturation_sfun_registry.obj
 0004:00000768       $pdata$ProcessMexSfunctionEveryCall 0000000180017768     overflow_and_saturation_sfun_registry.obj
 0004:00000774       $pdata$_RegNumInputPortsCB 0000000180017774     overflow_and_saturation_sfun_registry.obj
 0004:00000780       $pdata$_RegNumOutputPortsCB 0000000180017780     overflow_and_saturation_sfun_registry.obj
 0004:0000078c       $pdata$_CreateSimStruct    000000018001778c     overflow_and_saturation_sfun_registry.obj
 0004:00000798       $pdata$_ssFatalError       0000000180017798     overflow_and_saturation_sfun_registry.obj
 0004:000007a4       $pdata$_ProcessMexSfunctionCmdLineCall 00000001800177a4     overflow_and_saturation_sfun_registry.obj
 0004:000007b0       $pdata$_vsnprintf_l        00000001800177b0     overflow_and_saturation_sfun_registry.obj
 0004:000007bc       $pdata$_vsprintf_l         00000001800177bc     overflow_and_saturation_sfun_registry.obj
 0004:000007c8       $pdata$sprintf             00000001800177c8     overflow_and_saturation_sfun_registry.obj
 0004:000007d4       $pdata$__raise_securityfailure 00000001800177d4     MSVCRT:gs_report.obj
 0004:000007e0       $pdata$__report_gsfailure  00000001800177e0     MSVCRT:gs_report.obj
 0004:000007ec       $pdata$__report_rangecheckfailure 00000001800177ec     MSVCRT:gs_report.obj
 0004:000007f8       $pdata$__report_securityfailure 00000001800177f8     MSVCRT:gs_report.obj
 0004:00000804       $pdata$__report_securityfailureEx 0000000180017804     MSVCRT:gs_report.obj
 0004:00000810       $pdata$capture_current_context 0000000180017810     MSVCRT:gs_report.obj
 0004:0000081c       $pdata$capture_previous_context 000000018001781c     MSVCRT:gs_report.obj
 0004:00000828       $pdata$__GSHandlerCheck    0000000180017828     MSVCRT:_gshandler_.obj
 0004:00000834       $pdata$__GSHandlerCheckCommon 0000000180017834     MSVCRT:_gshandler_.obj
 0004:0000084c       $pdata$?dllmain_crt_dispatch@@YAHQEAUHINSTANCE__@@KQEAX@Z 000000018001784c     MSVCRT:dll_dllmain.obj
 0004:00000858       $pdata$?dllmain_crt_process_attach@@YAHQEAUHINSTANCE__@@QEAX@Z 0000000180017858     MSVCRT:dll_dllmain.obj
 0004:00000864       $pdata$?dllmain_crt_process_detach@@YAH_N@Z 0000000180017864     MSVCRT:dll_dllmain.obj
 0004:00000870       $pdata$?dllmain_dispatch@@YAHQEAUHINSTANCE__@@KQEAX@Z 0000000180017870     MSVCRT:dll_dllmain.obj
 0004:0000087c       $pdata$?dllmain_raw@@YAHQEAUHINSTANCE__@@KQEAX@Z 000000018001787c     MSVCRT:dll_dllmain.obj
 0004:00000888       $pdata$_DllMainCRTStartup  0000000180017888     MSVCRT:dll_dllmain.obj
 0004:00000894       $pdata$?configure_argv@__scrt_narrow_argv_policy@@SAHXZ 0000000180017894     MSVCRT:utility.obj
 0004:000008a0       $pdata$__scrt_acquire_startup_lock 00000001800178a0     MSVCRT:utility.obj
 0004:000008ac       $pdata$__scrt_dllmain_after_initialize_c 00000001800178ac     MSVCRT:utility.obj
 0004:000008b8       $pdata$__scrt_dllmain_before_initialize_c 00000001800178b8     MSVCRT:utility.obj
 0004:000008c4       $pdata$__scrt_dllmain_crt_thread_attach 00000001800178c4     MSVCRT:utility.obj
 0004:000008d0       $pdata$__scrt_dllmain_crt_thread_detach 00000001800178d0     MSVCRT:utility.obj
 0004:000008dc       $pdata$__scrt_dllmain_exception_filter 00000001800178dc     MSVCRT:utility.obj
 0004:000008e8       $pdata$__scrt_dllmain_uninitialize_c 00000001800178e8     MSVCRT:utility.obj
 0004:000008f4       $pdata$__scrt_dllmain_uninitialize_critical 00000001800178f4     MSVCRT:utility.obj
 0004:00000900       $pdata$__scrt_initialize_crt 0000000180017900     MSVCRT:utility.obj
 0004:0000090c       $pdata$__scrt_initialize_onexit_tables 000000018001790c     MSVCRT:utility.obj
 0004:00000918       $pdata$__scrt_is_nonwritable_in_current_image 0000000180017918     MSVCRT:utility.obj
 0004:00000924       $pdata$__scrt_release_startup_lock 0000000180017924     MSVCRT:utility.obj
 0004:00000930       $pdata$__scrt_uninitialize_crt 0000000180017930     MSVCRT:utility.obj
 0004:0000093c       $pdata$_onexit             000000018001793c     MSVCRT:utility.obj
 0004:00000948       $pdata$atexit              0000000180017948     MSVCRT:utility.obj
 0004:00000954       $pdata$__security_init_cookie 0000000180017954     MSVCRT:gs_support.obj
 0004:00000960       $pdata$DllMain             0000000180017960     MSVCRT:dll_dllmain_stub.obj
 0004:0000096c       $pdata$__scrt_initialize_default_local_stdio_options 000000018001796c     MSVCRT:default_local_stdio_options.obj
 0004:00000978       $pdata$__scrt_fastfail     0000000180017978     MSVCRT:utility_desktop.obj
 0004:00000984       $pdata$__scrt_get_show_window_mode 0000000180017984     MSVCRT:utility_desktop.obj
 0004:00000990       $pdata$__scrt_is_managed_app 0000000180017990     MSVCRT:utility_desktop.obj
 0004:0000099c       $pdata$__scrt_unhandled_exception_filter 000000018001799c     MSVCRT:utility_desktop.obj
 0004:000009a8       $pdata$_RTC_Initialize     00000001800179a8     MSVCRT:_initsect_.obj
 0004:000009b4       $pdata$_RTC_Terminate      00000001800179b4     MSVCRT:_initsect_.obj
 0004:000009c0       $pdata$__isa_available_init 00000001800179c0     MSVCRT:_cpu_disp_.obj
 0004:000009d8       $pdata$?fin$0@?0??dllmain_crt_process_attach@@YAHQEAUHINSTANCE__@@QEAX@Z@4HA 00000001800179d8     MSVCRT:dll_dllmain.obj
 0004:000009e4       $pdata$?fin$0@?0??dllmain_crt_process_detach@@YAH_N@Z@4HA 00000001800179e4     MSVCRT:dll_dllmain.obj
 0004:000009f0       $pdata$?filt$0@?0??dllmain_dispatch@@YAHQEAUHINSTANCE__@@KQEAX@Z@4HA 00000001800179f0     MSVCRT:dll_dllmain.obj
 0004:000009fc       $pdata$__scrt_is_nonwritable_in_current_image$filt$0 00000001800179fc     MSVCRT:utility.obj
 0005:00000000       __guard_fids_?dllmain_crt_process_attach@@YAHQEAUHINSTANCE__@@QEAX@Z 0000000180018000     MSVCRT:dll_dllmain.obj
 0005:00000008       __guard_fids_?dllmain_dispatch@@YAHQEAUHINSTANCE__@@KQEAX@Z 0000000180018008     MSVCRT:dll_dllmain.obj
 0005:0000000c       __guard_fids___scrt_set_unhandled_exception_filter 000000018001800c     MSVCRT:utility_desktop.obj
 0005:00000010       __guard_fids__             0000000180018010     MSVCRT:guard_support.obj
 0005:00000014       __guard_fids__guard_icall_checks_enforced 0000000180018014     MSVCRT:guard_support.obj
