 TapFilter_sfun

 Timestamp is 5bcc2a15 (Sun Oct 21 09:26:13 2018)

 Preferred load address is 0000000180000000

 Start         Length     Name                   Class
 0001:00000000 0000e6f0H .text$mn                CODE
 0001:0000e6f0 00000012H .text$mn$00             CODE
 0001:0000e702 00000081H .text$x                 CODE
 0002:00000000 000004a0H .idata$5                DATA
 0002:000004a0 00000010H .00cfg                  DATA
 0002:000004b0 00000008H .CRT$XCA                DATA
 0002:000004b8 00000008H .CRT$XCZ                DATA
 0002:000004c0 00000008H .CRT$XIA                DATA
 0002:000004c8 00000008H .CRT$XIZ                DATA
 0002:000004d0 00000008H .CRT$XPA                DATA
 0002:000004d8 00000008H .CRT$XPZ                DATA
 0002:000004e0 00000008H .CRT$XTA                DATA
 0002:000004e8 00000008H .CRT$XTZ                DATA
 0002:000004f0 000001a4H .rdata                  DATA
 0002:00000694 0000022cH .rdata$zzzdbg           DATA
 0002:000008c0 00000008H .rtc$IAA                DATA
 0002:000008c8 00000008H .rtc$IZZ                DATA
 0002:000008d0 00000008H .rtc$TAA                DATA
 0002:000008d8 00000008H .rtc$TZZ                DATA
 0002:000008e0 00000860H .xdata                  DATA
 0002:00001140 00000054H .edata                  DATA
 0002:00001194 000000dcH .idata$2                DATA
 0002:00001270 00000018H .idata$3                DATA
 0002:00001288 000004a0H .idata$4                DATA
 0002:00001728 00000ddcH .idata$6                DATA
 0003:00000000 000029f0H .data                   DATA
 0003:000029f0 00001630H .bss                    DATA
 0004:00000000 00000a14H .pdata                  DATA
 0005:00000000 00000018H .gfids$y                DATA

  Address         Publics by Value              Rva+Base               Lib:Object

 0000:00000000       __dynamic_value_reloc_table 0000000000000000     <absolute>
 0000:00000000       ___safe_se_handler_table   0000000000000000     <absolute>
 0000:00000000       __guard_longjmp_count      0000000000000000     <absolute>
 0000:00000000       __guard_longjmp_table      0000000000000000     <absolute>
 0000:00000000       __guard_fids_count         0000000000000000     <absolute>
 0000:00000000       ___safe_se_handler_count   0000000000000000     <absolute>
 0000:00000000       __guard_iat_table          0000000000000000     <absolute>
 0000:00000000       __guard_iat_count          0000000000000000     <absolute>
 0000:00000000       __guard_fids_table         0000000000000000     <absolute>
 0000:00000100       __guard_flags              0000000000000100     <absolute>
 0000:00000000       __ImageBase                0000000180000000     <linker-defined>
 0001:00000000       TapFilter_initializer      0000000180001000 f   TapFilter_sfun.obj
 0001:00000010       TapFilter_terminator       0000000180001010 f   TapFilter_sfun.obj
 0001:00000020       load_TapFilter_optimization_info 0000000180001020 f   TapFilter_sfun.obj
 0001:000000d0       unload_TapFilter_optimization_info 00000001800010d0 f   TapFilter_sfun.obj
 0001:00000100       sf_TapFilter_method_dispatcher 0000000180001100 f   TapFilter_sfun.obj
 0001:00000150       sf_TapFilter_process_check_sum_call 0000000180001150 f   TapFilter_sfun.obj
 0001:00000640       sf_TapFilter_autoinheritance_info 0000000180001640 f   TapFilter_sfun.obj
 0001:00000820       sf_TapFilter_get_eml_resolved_functions_info 0000000180001820 f   TapFilter_sfun.obj
 0001:000009a0       sf_TapFilter_third_party_uses_info 00000001800019a0 f   TapFilter_sfun.obj
 0001:00000b70       sf_TapFilter_jit_fallback_info 0000000180001b70 f   TapFilter_sfun.obj
 0001:00000d40       sf_TapFilter_updateBuildInfo_args_info 0000000180001d40 f   TapFilter_sfun.obj
 0001:00000f10       TapFilter_debug_initialize 0000000180001f10 f   TapFilter_sfun.obj
 0001:00000f90       TapFilter_register_exported_symbols 0000000180001f90 f   TapFilter_sfun.obj
 0001:00000fa0       sf_c2_TapFilter_get_eml_resolved_functions_info 0000000180001fa0 f   c2_TapFilter.obj
 0001:00001020       sf_c2_TapFilter_get_check_sum 0000000180002020 f   c2_TapFilter.obj
 0001:000010f0       c2_TapFilter_method_dispatcher 00000001800020f0 f   c2_TapFilter.obj
 0001:00002920       sf_c2_TapFilter_get_post_codegen_info 0000000180003920 f   c2_TapFilter.obj
 0001:000029f0       sf_c2_TapFilter_get_autoinheritance_info 00000001800039f0 f   c2_TapFilter.obj
 0001:00002f80       sf_c2_TapFilter_third_party_uses_info 0000000180003f80 f   c2_TapFilter.obj
 0001:00002fb0       sf_c2_TapFilter_jit_fallback_info 0000000180003fb0 f   c2_TapFilter.obj
 0001:00003140       sf_c2_TapFilter_updateBuildInfo_args_info 0000000180004140 f   c2_TapFilter.obj
 0001:00003de0       mexFunction                0000000180004de0 f   TapFilter_sfun_registry.obj
 0001:000063a0       _ssSetInputPortDirectFeedThroughFcn 00000001800073a0 f   TapFilter_sfun_registry.obj
 0001:00006510       _ssGetInputPortSignalPtrsFcn 0000000180007510 f   TapFilter_sfun_registry.obj
 0001:000068a0       _ssGetInputPortSignalFcn   00000001800078a0 f   TapFilter_sfun_registry.obj
 0001:00006c30       _ssSetInputPortReusableFcn 0000000180007c30 f   TapFilter_sfun_registry.obj
 0001:00006d30       _ssSetOutputPortReusableFcn 0000000180007d30 f   TapFilter_sfun_registry.obj
 0001:00006e30       _ssSetSymbolicDimsSupport  0000000180007e30 f   TapFilter_sfun_registry.obj
 0001:00006ea0       _ssRegisterSymbolicDimsExpr 0000000180007ea0 f   TapFilter_sfun_registry.obj
 0001:00006f20       _ssRegisterSymbolicDims    0000000180007f20 f   TapFilter_sfun_registry.obj
 0001:00006fc0       _ssRegisterSymbolicDimsString 0000000180007fc0 f   TapFilter_sfun_registry.obj
 0001:00007040       _ssRegisterSymbolicDimsIntValue 0000000180008040 f   TapFilter_sfun_registry.obj
 0001:000070b0       _ssRegisterSymbolicDimsPlus 00000001800080b0 f   TapFilter_sfun_registry.obj
 0001:00007130       _ssRegisterSymbolicDimsMinus 0000000180008130 f   TapFilter_sfun_registry.obj
 0001:000071b0       _ssRegisterSymbolicDimsMultiply 00000001800081b0 f   TapFilter_sfun_registry.obj
 0001:00007230       _ssRegisterSymbolicDimsDivide 0000000180008230 f   TapFilter_sfun_registry.obj
 0001:000072b0       _ssGetNumSymbolicDims      00000001800082b0 f   TapFilter_sfun_registry.obj
 0001:00007320       _ssGetSymbolicDim          0000000180008320 f   TapFilter_sfun_registry.obj
 0001:000073a0       _ssSetInputPortSymbolicDimsId 00000001800083a0 f   TapFilter_sfun_registry.obj
 0001:00007410       _ssGetCompInputPortSymbolicDimsId 0000000180008410 f   TapFilter_sfun_registry.obj
 0001:00007480       _ssSetCompInputPortSymbolicDimsId 0000000180008480 f   TapFilter_sfun_registry.obj
 0001:000074f0       _ssSetOutputPortSymbolicDimsId 00000001800084f0 f   TapFilter_sfun_registry.obj
 0001:00007560       _ssGetCompOutputPortSymbolicDimsId 0000000180008560 f   TapFilter_sfun_registry.obj
 0001:000075d0       _ssSetCompOutputPortSymbolicDimsId 00000001800085d0 f   TapFilter_sfun_registry.obj
 0001:00007640       _ssSetCompDWorkSymbolicDimsId 0000000180008640 f   TapFilter_sfun_registry.obj
 0001:000076b0       ssGetIsZeroCrossControlDisabled 00000001800086b0 f   TapFilter_sfun_registry.obj
 0001:00007720       ssSetIsInputPortUsedForContZcSignal 0000000180008720 f   TapFilter_sfun_registry.obj
 0001:00007790       ssSetZcSignalIsZcElementDisc 0000000180008790 f   TapFilter_sfun_registry.obj
 0001:00007840       ssSetZcSignalName          0000000180008840 f   TapFilter_sfun_registry.obj
 0001:000078b0       ssSetZcSignalWidth         00000001800088b0 f   TapFilter_sfun_registry.obj
 0001:00007920       ssSetZcSignalZcEventType   0000000180008920 f   TapFilter_sfun_registry.obj
 0001:00007990       ssSetZcSignalType          0000000180008990 f   TapFilter_sfun_registry.obj
 0001:00007a00       ssSetZcSignalZcTol         0000000180008a00 f   TapFilter_sfun_registry.obj
 0001:00007a70       ssSetZcSignalNeedsEventNotification 0000000180008a70 f   TapFilter_sfun_registry.obj
 0001:00007ae0       ssCreateAndAddZcSignalInfo 0000000180008ae0 f   TapFilter_sfun_registry.obj
 0001:00007b50       ssCloneAndAddZcSignalInfo  0000000180008b50 f   TapFilter_sfun_registry.obj
 0001:00007bc0       ssGetNumZcSignals          0000000180008bc0 f   TapFilter_sfun_registry.obj
 0001:00007c30       ssGetZcSignalVector        0000000180008c30 f   TapFilter_sfun_registry.obj
 0001:00007ca0       ssGetZcSignalName          0000000180008ca0 f   TapFilter_sfun_registry.obj
 0001:00007d10       ssGetZcSignalWidth         0000000180008d10 f   TapFilter_sfun_registry.obj
 0001:00007d80       ssGetZcSignalZcEventType   0000000180008d80 f   TapFilter_sfun_registry.obj
 0001:00007df0       ssGetZcSignalZcEvents      0000000180008df0 f   TapFilter_sfun_registry.obj
 0001:00007e60       ssGetZcSignalType          0000000180008e60 f   TapFilter_sfun_registry.obj
 0001:00007ed0       ssGetZcSignalZcTol         0000000180008ed0 f   TapFilter_sfun_registry.obj
 0001:00007f50       ssGetZcSignalNeedsEventNotification 0000000180008f50 f   TapFilter_sfun_registry.obj
 0001:00007fc0       ssGetZcSignalIsZcElementDisc 0000000180008fc0 f   TapFilter_sfun_registry.obj
 0001:00008060       ssGetIsInputPortElementContinuous 0000000180009060 f   TapFilter_sfun_registry.obj
 0001:00008100       _ssSetIWorkValueFcn        0000000180009100 f   TapFilter_sfun_registry.obj
 0001:00008180       _ssGetIWorkValueFcn        0000000180009180 f   TapFilter_sfun_registry.obj
 0001:000081f0       _ssSetRWorkValueFcn        00000001800091f0 f   TapFilter_sfun_registry.obj
 0001:00008270       _ssGetRWorkValueFcn        0000000180009270 f   TapFilter_sfun_registry.obj
 0001:000082e0       _ssSetPWorkValueFcn        00000001800092e0 f   TapFilter_sfun_registry.obj
 0001:00008360       _ssGetPWorkValueFcn        0000000180009360 f   TapFilter_sfun_registry.obj
 0001:000083d0       ssGetDTypeIdFromMxArray    00000001800093d0 f   TapFilter_sfun_registry.obj
 0001:000084f0       ssWriteRTWStr              00000001800094f0 f   TapFilter_sfun_registry.obj
 0001:00008550       ssWriteRTWNameValuePair    0000000180009550 f   TapFilter_sfun_registry.obj
 0001:00008a50       ssWriteRTWParamSettings    0000000180009a50 f   TapFilter_sfun_registry.obj
 0001:00009140       ssWriteRTWParameters       000000018000a140 f   TapFilter_sfun_registry.obj
 0001:00009700       ssWriteRTWWorkVect         000000018000a700 f   TapFilter_sfun_registry.obj
 0001:00009c60       ssWriteRTWMxVectParam      000000018000ac60 f   TapFilter_sfun_registry.obj
 0001:00009ce0       ssWriteRTWMx2dMatParam     000000018000ace0 f   TapFilter_sfun_registry.obj
 0001:00009d70       _ssSetInputPortMatrixDimensions 000000018000ad70 f   TapFilter_sfun_registry.obj
 0001:00009e90       _ssSetOutputPortMatrixDimensions 000000018000ae90 f   TapFilter_sfun_registry.obj
 0001:00009fb0       _ssSetInputPortVectorDimension 000000018000afb0 f   TapFilter_sfun_registry.obj
 0001:0000a060       _ssSetOutputPortVectorDimension 000000018000b060 f   TapFilter_sfun_registry.obj
 0001:0000a110       ssIsRunTimeParamTunable    000000018000b110 f   TapFilter_sfun_registry.obj
 0001:0000a180       ssGetSFuncBlockHandle      000000018000b180 f   TapFilter_sfun_registry.obj
 0001:0000a1f0       _ssGetCurrentInputPortWidth 000000018000b1f0 f   TapFilter_sfun_registry.obj
 0001:0000a310       _ssGetCurrentOutputPortWidth 000000018000b310 f   TapFilter_sfun_registry.obj
 0001:0000a430       _ssGetCallSystemNumFcnCallDestinations 000000018000b430 f   TapFilter_sfun_registry.obj
 0001:0000a4a0       ssGetParameterTuningCompliance 000000018000b4a0 f   TapFilter_sfun_registry.obj
 0001:0000a510       ssWarning                  000000018000b510 f   TapFilter_sfun_registry.obj
 0001:0000a600       _ssGetAbsTol               000000018000b600 f   TapFilter_sfun_registry.obj
 0001:0000a670       _ssSetStateAbsTol          000000018000b670 f   TapFilter_sfun_registry.obj
 0001:0000a750       sf_process_check_sum_call  000000018000b750 f   TapFilter_sfun_registry.obj
 0001:0000a7a0       sf_process_autoinheritance_call 000000018000b7a0 f   TapFilter_sfun_registry.obj
 0001:0000a9d0       sf_process_get_third_party_uses_info_call 000000018000b9d0 f   TapFilter_sfun_registry.obj
 0001:0000ac00       sf_process_get_jit_fallback_info_call 000000018000bc00 f   TapFilter_sfun_registry.obj
 0001:0000ae30       sf_process_get_updateBuildInfo_args_info_call 000000018000be30 f   TapFilter_sfun_registry.obj
 0001:0000b060       sf_process_get_eml_resolved_functions_info_call 000000018000c060 f   TapFilter_sfun_registry.obj
 0001:0000b260       sf_mex_unlock_call         000000018000c260 f   TapFilter_sfun_registry.obj
 0001:0000b500       sf_machine_global_initializer_called 000000018000c500 f   TapFilter_sfun_registry.obj
 0001:0000b530       sf_machine_global_method_dispatcher 000000018000c530 f   TapFilter_sfun_registry.obj
 0001:0000b590       sf_machine_global_terminator 000000018000c590 f   TapFilter_sfun_registry.obj
 0001:0000b5e0       sf_register_machine_exported_symbols 000000018000c5e0 f   TapFilter_sfun_registry.obj
 0001:0000b600       callCustomFcn              000000018000c600 f   TapFilter_sfun_registry.obj
 0001:0000b610       sf_machine_global_initializer 000000018000c610 f   TapFilter_sfun_registry.obj
 0001:0000b690       mdlGetSimState             000000018000c690 f   TapFilter_sfun_registry.obj
 0001:0000b6d0       mdlSetSimState             000000018000c6d0 f   TapFilter_sfun_registry.obj
 0001:0000bf40       ProcessMexSfunctionEveryCall 000000018000cf40 f   TapFilter_sfun_registry.obj
 0001:0000cfa0       __local_stdio_printf_options 000000018000dfa0 f i TapFilter_sfun_registry.obj
 0001:0000cfb0       _vsnprintf_l               000000018000dfb0 f i TapFilter_sfun_registry.obj
 0001:0000d030       _vsprintf_l                000000018000e030 f i TapFilter_sfun_registry.obj
 0001:0000d080       sprintf                    000000018000e080 f i TapFilter_sfun_registry.obj
 0001:0000d0d0       sf_load_rtw_optimization_info 000000018000e0d0 f   sf_runtime:sf_runtime.dll
 0001:0000d0d6       sf_debug_initialize_machine 000000018000e0d6 f   sf_runtime:sf_runtime.dll
 0001:0000d0dc       sf_debug_set_machine_event_thresholds 000000018000e0dc f   sf_runtime:sf_runtime.dll
 0001:0000d0e2       sf_debug_set_machine_data_thresholds 000000018000e0e2 f   sf_runtime:sf_runtime.dll
 0001:0000d0e8       sf_init_ChartRunTimeInfo   000000018000e0e8 f   sf_runtime:sf_runtime.dll
 0001:0000d0ee       sf_free_ChartRunTimeInfo   000000018000e0ee f   sf_runtime:sf_runtime.dll
 0001:0000d0f4       sfrtGetEmlrtCtx            000000018000e0f4 f   sf_runtime:sf_runtime.dll
 0001:0000d0fa       sf_get_chart_instance_ptr  000000018000e0fa f   sf_runtime:sf_runtime.dll
 0001:0000d100       sf_rtw_info_uint_prop      000000018000e100 f   sf_runtime:sf_runtime.dll
 0001:0000d106       sf_update_buildInfo        000000018000e106 f   sf_runtime:sf_runtime.dll
 0001:0000d10c       sf_is_chart_inlinable      000000018000e10c f   sf_runtime:sf_runtime.dll
 0001:0000d112       sf_mark_chart_reusable_outputs 000000018000e112 f   sf_runtime:sf_runtime.dll
 0001:0000d118       sf_mark_chart_expressionable_inputs 000000018000e118 f   sf_runtime:sf_runtime.dll
 0001:0000d11e       sim_mode_is_rtw_gen        000000018000e11e f   sf_runtime:sf_runtime.dll
 0001:0000d124       sim_mode_is_external       000000018000e124 f   sf_runtime:sf_runtime.dll
 0001:0000d12a       sim_mode_is_modelref_sim   000000018000e12a f   sf_runtime:sf_runtime.dll
 0001:0000d130       sf_clear_rtw_identifier    000000018000e130 f   sf_runtime:sf_runtime.dll
 0001:0000d136       sf_set_rtw_dwork_info      000000018000e136 f   sf_runtime:sf_runtime.dll
 0001:0000d13c       sf_get_time                000000018000e13c f   sf_runtime:sf_runtime.dll
 0001:0000d142       sf_is_first_init_cond      000000018000e142 f   sf_runtime:sf_runtime.dll
 0001:0000d148       sf_set_chart_accesses_machine_info 000000018000e148 f   sf_runtime:sf_runtime.dll
 0001:0000d14e       sf_register_codegen_names_for_scoped_functions_defined_by_chart 000000018000e14e f   sf_runtime:sf_runtime.dll
 0001:0000d154       sf_mex_error_message       000000018000e154 f   sf_runtime:sf_runtime.dll
 0001:0000d15a       sf_mex_create              000000018000e15a f   sf_runtime:sf_runtime.dll
 0001:0000d160       sf_mex_createcellmatrix    000000018000e160 f   sf_runtime:sf_runtime.dll
 0001:0000d166       sf_mex_setcell             000000018000e166 f   sf_runtime:sf_runtime.dll
 0001:0000d16c       sf_mex_getcell             000000018000e16c f   sf_runtime:sf_runtime.dll
 0001:0000d172       sf_mex_assign              000000018000e172 f   sf_runtime:sf_runtime.dll
 0001:0000d178       sf_mex_dup                 000000018000e178 f   sf_runtime:sf_runtime.dll
 0001:0000d17e       sf_mex_destroy             000000018000e17e f   sf_runtime:sf_runtime.dll
 0001:0000d184       sf_mex_import              000000018000e184 f   sf_runtime:sf_runtime.dll
 0001:0000d18a       sf_mex_decode_encoded_mx_struct_array 000000018000e18a f   sf_runtime:sf_runtime.dll
 0001:0000d190       ssGetInputPortSignal_wrapper 000000018000e190 f   sf_runtime:sf_runtime.dll
 0001:0000d196       ssGetOutputPortSignal_wrapper 000000018000e196 f   sf_runtime:sf_runtime.dll
 0001:0000d19c       sf_debug_initialize_chart  000000018000e19c f   sf_runtime:sf_runtime.dll
 0001:0000d1a2       sf_debug_call              000000018000e1a2 f   sf_runtime:sf_runtime.dll
 0001:0000d1a8       eml_debug_line_call        000000018000e1a8 f   sf_runtime:sf_runtime.dll
 0001:0000d1ae       cv_eml_eval                000000018000e1ae f   sf_runtime:sf_runtime.dll
 0001:0000d1b4       cv_eml_init_script         000000018000e1b4 f   sf_runtime:sf_runtime.dll
 0001:0000d1ba       cv_eml_init_fcn            000000018000e1ba f   sf_runtime:sf_runtime.dll
 0001:0000d1c0       sf_debug_reset_current_state_configuration 000000018000e1c0 f   sf_runtime:sf_runtime.dll
 0001:0000d1c6       sf_debug_check_for_state_inconsistency 000000018000e1c6 f   sf_runtime:sf_runtime.dll
 0001:0000d1cc       sf_debug_set_chart_data_props 000000018000e1cc f   sf_runtime:sf_runtime.dll
 0001:0000d1d2       sf_debug_set_chart_data_compiled_props 000000018000e1d2 f   sf_runtime:sf_runtime.dll
 0001:0000d1d8       sf_debug_symbol_scope_push 000000018000e1d8 f   sf_runtime:sf_runtime.dll
 0001:0000d1de       sf_debug_symbol_scope_push_eml 000000018000e1de f   sf_runtime:sf_runtime.dll
 0001:0000d1e4       sf_debug_symbol_scope_pop  000000018000e1e4 f   sf_runtime:sf_runtime.dll
 0001:0000d1ea       sf_debug_symbol_scope_add_eml 000000018000e1ea f   sf_runtime:sf_runtime.dll
 0001:0000d1f0       sf_debug_symbol_scope_add_eml_importable 000000018000e1f0 f   sf_runtime:sf_runtime.dll
 0001:0000d1f6       sf_debug_set_instance_data_value_ptr 000000018000e1f6 f   sf_runtime:sf_runtime.dll
 0001:0000d1fc       sf_debug_set_chart_disable_implicit_casting 000000018000e1fc f   sf_runtime:sf_runtime.dll
 0001:0000d202       sf_debug_set_chart_event_thresholds 000000018000e202 f   sf_runtime:sf_runtime.dll
 0001:0000d208       sf_debug_set_chart_state_info 000000018000e208 f   sf_runtime:sf_runtime.dll
 0001:0000d20e       sf_debug_set_chart_decomposition 000000018000e20e f   sf_runtime:sf_runtime.dll
 0001:0000d214       sf_debug_set_chart_substate_count 000000018000e214 f   sf_runtime:sf_runtime.dll
 0001:0000d21a       sf_debug_data_range_wrapper 000000018000e21a f   sf_runtime:sf_runtime.dll
 0001:0000d220       sf_debug_cv_init_trans     000000018000e220 f   sf_runtime:sf_runtime.dll
 0001:0000d226       sf_debug_cv_init_chart     000000018000e226 f   sf_runtime:sf_runtime.dll
 0001:0000d22c       sf_debug_cv_init_state     000000018000e22c f   sf_runtime:sf_runtime.dll
 0001:0000d232       sf_get_ChartInfoStruct_CodeGen 000000018000e232 f   sf_runtime:sf_runtime.dll
 0001:0000d238       sf_get_hasSeparateUpdateOutputs 000000018000e238 f   sf_runtime:sf_runtime.dll
 0001:0000d23e       callMdlMethodAndReportError 000000018000e23e f   sf_runtime:sf_runtime.dll
 0001:0000d244       call_sf_machine_global_method_dispatcher 000000018000e244 f   sf_runtime:sf_runtime.dll
 0001:0000d24a       getRuntimeInstanceInfoAsVoid 000000018000e24a f   sf_runtime:sf_runtime.dll
 0001:0000d250       sf_mex_error_direct_call   000000018000e250 f   sf_runtime:sf_runtime.dll
 0001:0000d256       sf_clear_error_manager_info 000000018000e256 f   sf_runtime:sf_runtime.dll
 0001:0000d25c       sf_debug_create_debug_instance_struct 000000018000e25c f   sf_runtime:sf_runtime.dll
 0001:0000d262       sf_debug_terminate         000000018000e262 f   sf_runtime:sf_runtime.dll
 0001:0000d268       sf_debug_api               000000018000e268 f   sf_runtime:sf_runtime.dll
 0001:0000d26e       mxIsChar                   000000018000e26e f   libmx:libmx.dll
 0001:0000d274       mxGetPr                    000000018000e274 f   libmx:libmx.dll
 0001:0000d27a       mxGetScalar                000000018000e27a f   libmx:libmx.dll
 0001:0000d280       mxDestroyArray             000000018000e280 f   libmx:libmx.dll
 0001:0000d286       mxCreateDoubleMatrix_730   000000018000e286 f   libmx:libmx.dll
 0001:0000d28c       mxGetString_730            000000018000e28c f   libmx:libmx.dll
 0001:0000d292       mxDuplicateArray           000000018000e292 f   libmx:libmx.dll
 0001:0000d298       mxSetField_730             000000018000e298 f   libmx:libmx.dll
 0001:0000d29e       mxCreateDoubleScalar       000000018000e29e f   libmx:libmx.dll
 0001:0000d2a4       mxCreateString             000000018000e2a4 f   libmx:libmx.dll
 0001:0000d2aa       mxCreateCellMatrix_730     000000018000e2aa f   libmx:libmx.dll
 0001:0000d2b0       mxCreateCellArray_730      000000018000e2b0 f   libmx:libmx.dll
 0001:0000d2b6       mxCreateStructMatrix_730   000000018000e2b6 f   libmx:libmx.dll
 0001:0000d2bc       mxCreateStructArray_730    000000018000e2bc f   libmx:libmx.dll
 0001:0000d2c2       mxCalloc                   000000018000e2c2 f   libmx:libmx.dll
 0001:0000d2c8       mxGetM                     000000018000e2c8 f   libmx:libmx.dll
 0001:0000d2ce       mxGetClassID               000000018000e2ce f   libmx:libmx.dll
 0001:0000d2d4       mxIsNumeric                000000018000e2d4 f   libmx:libmx.dll
 0001:0000d2da       mxIsComplex                000000018000e2da f   libmx:libmx.dll
 0001:0000d2e0       mxGetN                     000000018000e2e0 f   libmx:libmx.dll
 0001:0000d2e6       mexMakeArrayPersistent     000000018000e2e6 f   libmex:libmex.dll
 0001:0000d2ec       mexErrMsgTxt               000000018000e2ec f   libmex:libmex.dll
 0001:0000d2f2       mexWarnMsgTxt              000000018000e2f2 f   libmex:libmex.dll
 0001:0000d2f8       mexCallMATLABWithObject    000000018000e2f8 f   libmex:libmex.dll
 0001:0000d2fe       mexLock                    000000018000e2fe f   libmex:libmex.dll
 0001:0000d304       mexUnlock                  000000018000e304 f   libmex:libmex.dll
 0001:0000d30a       mexIsLocked                000000018000e30a f   libmex:libmex.dll
 0001:0000d310       utMalloc                   000000018000e310 f   libut:libut.dll
 0001:0000d316       utFree                     000000018000e316 f   libut:libut.dll
 0001:0000d31c       muDoubleScalarAbs          000000018000e31c f   libmwmathutil:libmwmathutil.dll
 0001:0000d324       __raise_securityfailure    000000018000e324 f   MSVCRT:gs_report.obj
 0001:0000d358       __report_gsfailure         000000018000e358 f   MSVCRT:gs_report.obj
 0001:0000d42c       __report_rangecheckfailure 000000018000e42c f   MSVCRT:gs_report.obj
 0001:0000d440       __report_securityfailure   000000018000e440 f   MSVCRT:gs_report.obj
 0001:0000d4dc       __report_securityfailureEx 000000018000e4dc f   MSVCRT:gs_report.obj
 0001:0000d6d0       __GSHandlerCheck           000000018000e6d0 f   MSVCRT:_gshandler_.obj
 0001:0000d6f0       __GSHandlerCheckCommon     000000018000e6f0 f   MSVCRT:_gshandler_.obj
 0001:0000d760       __security_check_cookie    000000018000e760 f   MSVCRT:_amdsecgs_.obj
 0001:0000dad0       _CRT_INIT                  000000018000ead0 f   MSVCRT:dll_dllmain.obj
 0001:0000dad8       _DllMainCRTStartup         000000018000ead8 f   MSVCRT:dll_dllmain.obj
 0001:0000db18       ??$__crt_fast_decode_pointer@PEAP6AXXZ@@YAPEAP6AXXZQEAP6AXXZ@Z 000000018000eb18 f i MSVCRT:utility.obj
 0001:0000db30       ??$__crt_fast_encode_pointer@PEAP6AXXZ@@YAPEAP6AXXZQEAP6AXXZ@Z 000000018000eb30 f i MSVCRT:utility.obj
 0001:0000db50       ?__crt_rotate_pointer_value@@YA_K_KH@Z 000000018000eb50 f i MSVCRT:utility.obj
 0001:0000db5c       ?configure_argv@__scrt_narrow_argv_policy@@SAHXZ 000000018000eb5c f i MSVCRT:utility.obj
 0001:0000dbec       NtCurrentTeb               000000018000ebec f i MSVCRT:utility.obj
 0001:0000dbf8       __scrt_acquire_startup_lock 000000018000ebf8 f   MSVCRT:utility.obj
 0001:0000dc34       __scrt_dllmain_after_initialize_c 000000018000ec34 f   MSVCRT:utility.obj
 0001:0000dc68       __scrt_dllmain_before_initialize_c 000000018000ec68 f   MSVCRT:utility.obj
 0001:0000dc80       __scrt_dllmain_crt_thread_attach 000000018000ec80 f   MSVCRT:utility.obj
 0001:0000dca8       __scrt_dllmain_crt_thread_detach 000000018000eca8 f   MSVCRT:utility.obj
 0001:0000dcc0       __scrt_dllmain_exception_filter 000000018000ecc0 f   MSVCRT:utility.obj
 0001:0000dd24       __scrt_dllmain_uninitialize_c 000000018000ed24 f   MSVCRT:utility.obj
 0001:0000dd54       __scrt_dllmain_uninitialize_critical 000000018000ed54 f   MSVCRT:utility.obj
 0001:0000dd68       __scrt_initialize_crt      000000018000ed68 f   MSVCRT:utility.obj
 0001:0000ddb4       __scrt_initialize_onexit_tables 000000018000edb4 f   MSVCRT:utility.obj
 0001:0000de80       __scrt_is_nonwritable_in_current_image 000000018000ee80 f   MSVCRT:utility.obj
 0001:0000df1c       __scrt_release_startup_lock 000000018000ef1c f   MSVCRT:utility.obj
 0001:0000df40       __scrt_uninitialize_crt    000000018000ef40 f   MSVCRT:utility.obj
 0001:0000df6c       _onexit                    000000018000ef6c f   MSVCRT:utility.obj
 0001:0000dfbc       at_quick_exit              000000018000efbc f   MSVCRT:utility.obj
 0001:0000dff4       atexit                     000000018000eff4 f   MSVCRT:utility.obj
 0001:0000e00c       __security_init_cookie     000000018000f00c f   MSVCRT:gs_support.obj
 0001:0000e0b8       DllMain                    000000018000f0b8 f   MSVCRT:dll_dllmain_stub.obj
 0001:0000e0dc       ?__scrt_initialize_type_info@@YAXXZ 000000018000f0dc f   MSVCRT:tncleanup.obj
 0001:0000e0ec       ?__scrt_uninitialize_type_info@@YAXXZ 000000018000f0ec f   MSVCRT:tncleanup.obj
 0001:0000e0f8       __local_stdio_scanf_options 000000018000f0f8 f i MSVCRT:default_local_stdio_options.obj
 0001:0000e100       __scrt_initialize_default_local_stdio_options 000000018000f100 f   MSVCRT:default_local_stdio_options.obj
 0001:0000e11c       __scrt_get_dyn_tls_init_callback 000000018000f11c f   MSVCRT:dyn_tls_init.obj
 0001:0000e124       __crt_debugger_hook        000000018000f124 f   MSVCRT:utility_desktop.obj
 0001:0000e12c       __scrt_fastfail            000000018000f12c f   MSVCRT:utility_desktop.obj
 0001:0000e274       __scrt_get_show_window_mode 000000018000f274 f   MSVCRT:utility_desktop.obj
 0001:0000e2b0       __scrt_initialize_winrt    000000018000f2b0 f   MSVCRT:utility_desktop.obj
 0001:0000e2b4       __scrt_is_managed_app      000000018000f2b4 f   MSVCRT:utility_desktop.obj
 0001:0000e308       __scrt_set_unhandled_exception_filter 000000018000f308 f   MSVCRT:utility_desktop.obj
 0001:0000e318       __scrt_unhandled_exception_filter 000000018000f318 f   MSVCRT:utility_desktop.obj
 0001:0000e350       _RTC_Initialize            000000018000f350 f   MSVCRT:_initsect_.obj
 0001:0000e39c       _RTC_Terminate             000000018000f39c f   MSVCRT:_initsect_.obj
 0001:0000e3e8       _guard_check_icall         000000018000f3e8 f i MSVCRT:checkcfg.obj
 0001:0000e3f0       __isa_available_init       000000018000f3f0 f   MSVCRT:_cpu_disp_.obj
 0001:0000e5b8       _get_startup_argv_mode     000000018000f5b8 f   MSVCRT:argv_mode.obj
 0001:0000e5c0       __scrt_is_ucrt_dll_in_use  000000018000f5c0 f   MSVCRT:ucrt_detection.obj
 0001:0000e5cc       _guard_check_icall_nop     000000018000f5cc f i MSVCRT:guard_support.obj
 0001:0000e5d0       _guard_icall_checks_enforced 000000018000f5d0 f i MSVCRT:guard_support.obj
 0001:0000e5f0       RtlCaptureContext          000000018000f5f0 f   kernel32:KERNEL32.dll
 0001:0000e5f6       RtlLookupFunctionEntry     000000018000f5f6 f   kernel32:KERNEL32.dll
 0001:0000e5fc       RtlVirtualUnwind           000000018000f5fc f   kernel32:KERNEL32.dll
 0001:0000e602       UnhandledExceptionFilter   000000018000f602 f   kernel32:KERNEL32.dll
 0001:0000e608       SetUnhandledExceptionFilter 000000018000f608 f   kernel32:KERNEL32.dll
 0001:0000e60e       GetCurrentProcess          000000018000f60e f   kernel32:KERNEL32.dll
 0001:0000e614       TerminateProcess           000000018000f614 f   kernel32:KERNEL32.dll
 0001:0000e61a       IsProcessorFeaturePresent  000000018000f61a f   kernel32:KERNEL32.dll
 0001:0000e620       QueryPerformanceCounter    000000018000f620 f   kernel32:KERNEL32.dll
 0001:0000e626       GetCurrentProcessId        000000018000f626 f   kernel32:KERNEL32.dll
 0001:0000e62c       GetCurrentThreadId         000000018000f62c f   kernel32:KERNEL32.dll
 0001:0000e632       GetSystemTimeAsFileTime    000000018000f632 f   kernel32:KERNEL32.dll
 0001:0000e638       DisableThreadLibraryCalls  000000018000f638 f   kernel32:KERNEL32.dll
 0001:0000e63e       InitializeSListHead        000000018000f63e f   kernel32:KERNEL32.dll
 0001:0000e644       IsDebuggerPresent          000000018000f644 f   kernel32:KERNEL32.dll
 0001:0000e64a       GetStartupInfoW            000000018000f64a f   kernel32:KERNEL32.dll
 0001:0000e650       GetModuleHandleW           000000018000f650 f   kernel32:KERNEL32.dll
 0001:0000e656       memset                     000000018000f656 f   vcruntime:VCRUNTIME140.dll
 0001:0000e65c       memcpy                     000000018000f65c f   vcruntime:VCRUNTIME140.dll
 0001:0000e662       __C_specific_handler       000000018000f662 f   vcruntime:VCRUNTIME140.dll
 0001:0000e668       __std_type_info_destroy_list 000000018000f668 f   vcruntime:VCRUNTIME140.dll
 0001:0000e66e       strcmp                     000000018000f66e f   ucrt:api-ms-win-crt-string-l1-1-0.dll
 0001:0000e674       free                       000000018000f674 f   ucrt:api-ms-win-crt-heap-l1-1-0.dll
 0001:0000e67a       malloc                     000000018000f67a f   ucrt:api-ms-win-crt-heap-l1-1-0.dll
 0001:0000e680       __stdio_common_vsprintf    000000018000f680 f   ucrt:api-ms-win-crt-stdio-l1-1-0.dll
 0001:0000e686       strlen                     000000018000f686 f   ucrt:api-ms-win-crt-string-l1-1-0.dll
 0001:0000e68c       _initterm                  000000018000f68c f   ucrt:api-ms-win-crt-runtime-l1-1-0.dll
 0001:0000e692       _initterm_e                000000018000f692 f   ucrt:api-ms-win-crt-runtime-l1-1-0.dll
 0001:0000e698       _seh_filter_dll            000000018000f698 f   ucrt:api-ms-win-crt-runtime-l1-1-0.dll
 0001:0000e69e       _configure_narrow_argv     000000018000f69e f   ucrt:api-ms-win-crt-runtime-l1-1-0.dll
 0001:0000e6a4       _initialize_narrow_environment 000000018000f6a4 f   ucrt:api-ms-win-crt-runtime-l1-1-0.dll
 0001:0000e6aa       _initialize_onexit_table   000000018000f6aa f   ucrt:api-ms-win-crt-runtime-l1-1-0.dll
 0001:0000e6b0       _register_onexit_function  000000018000f6b0 f   ucrt:api-ms-win-crt-runtime-l1-1-0.dll
 0001:0000e6b6       _execute_onexit_table      000000018000f6b6 f   ucrt:api-ms-win-crt-runtime-l1-1-0.dll
 0001:0000e6bc       _crt_atexit                000000018000f6bc f   ucrt:api-ms-win-crt-runtime-l1-1-0.dll
 0001:0000e6c2       _crt_at_quick_exit         000000018000f6c2 f   ucrt:api-ms-win-crt-runtime-l1-1-0.dll
 0001:0000e6c8       _cexit                     000000018000f6c8 f   ucrt:api-ms-win-crt-runtime-l1-1-0.dll
 0001:0000e6ce       terminate                  000000018000f6ce f   ucrt:api-ms-win-crt-runtime-l1-1-0.dll
 0001:0000e6d4       __vcrt_initialize          000000018000f6d4 f   MSVCRT:ucrt_stubs.obj
 0001:0000e6d4       __scrt_stub_for_acrt_initialize 000000018000f6d4 f   MSVCRT:ucrt_stubs.obj
 0001:0000e6d4       __acrt_initialize          000000018000f6d4 f   MSVCRT:ucrt_stubs.obj
 0001:0000e6d8       __scrt_stub_for_acrt_thread_attach 000000018000f6d8 f   MSVCRT:ucrt_stubs.obj
 0001:0000e6d8       __acrt_thread_attach       000000018000f6d8 f   MSVCRT:ucrt_stubs.obj
 0001:0000e6d8       __vcrt_thread_attach       000000018000f6d8 f   MSVCRT:ucrt_stubs.obj
 0001:0000e6dc       __scrt_stub_for_acrt_thread_detach 000000018000f6dc f   MSVCRT:ucrt_stubs.obj
 0001:0000e6dc       __vcrt_thread_detach       000000018000f6dc f   MSVCRT:ucrt_stubs.obj
 0001:0000e6dc       __acrt_thread_detach       000000018000f6dc f   MSVCRT:ucrt_stubs.obj
 0001:0000e6e0       __vcrt_uninitialize        000000018000f6e0 f   MSVCRT:ucrt_stubs.obj
 0001:0000e6e0       __scrt_stub_for_acrt_uninitialize 000000018000f6e0 f   MSVCRT:ucrt_stubs.obj
 0001:0000e6e0       __acrt_uninitialize        000000018000f6e0 f   MSVCRT:ucrt_stubs.obj
 0001:0000e6e4       __scrt_stub_for_acrt_uninitialize_critical 000000018000f6e4 f   MSVCRT:ucrt_stubs.obj
 0001:0000e6e4       __vcrt_uninitialize_critical 000000018000f6e4 f   MSVCRT:ucrt_stubs.obj
 0001:0000e6e4       __acrt_uninitialize_critical 000000018000f6e4 f   MSVCRT:ucrt_stubs.obj
 0001:0000e6e8       __scrt_stub_for_is_c_termination_complete 000000018000f6e8 f   MSVCRT:ucrt_stubs.obj
 0001:0000e6e8       _is_c_termination_complete 000000018000f6e8 f   MSVCRT:ucrt_stubs.obj
 0001:0000e700       _guard_dispatch_icall_nop  000000018000f700 f   MSVCRT:_guard_dispatch_.obj
 0002:00000000       __imp_GetModuleHandleW     0000000180010000     kernel32:KERNEL32.dll
 0002:00000008       __imp_RtlCaptureContext    0000000180010008     kernel32:KERNEL32.dll
 0002:00000010       __imp_TerminateProcess     0000000180010010     kernel32:KERNEL32.dll
 0002:00000018       __imp_RtlLookupFunctionEntry 0000000180010018     kernel32:KERNEL32.dll
 0002:00000020       __imp_IsProcessorFeaturePresent 0000000180010020     kernel32:KERNEL32.dll
 0002:00000028       __imp_QueryPerformanceCounter 0000000180010028     kernel32:KERNEL32.dll
 0002:00000030       __imp_GetCurrentProcessId  0000000180010030     kernel32:KERNEL32.dll
 0002:00000038       __imp_GetCurrentThreadId   0000000180010038     kernel32:KERNEL32.dll
 0002:00000040       __imp_GetSystemTimeAsFileTime 0000000180010040     kernel32:KERNEL32.dll
 0002:00000048       __imp_DisableThreadLibraryCalls 0000000180010048     kernel32:KERNEL32.dll
 0002:00000050       __imp_InitializeSListHead  0000000180010050     kernel32:KERNEL32.dll
 0002:00000058       __imp_IsDebuggerPresent    0000000180010058     kernel32:KERNEL32.dll
 0002:00000060       __imp_GetStartupInfoW      0000000180010060     kernel32:KERNEL32.dll
 0002:00000068       __imp_SetUnhandledExceptionFilter 0000000180010068     kernel32:KERNEL32.dll
 0002:00000070       __imp_GetCurrentProcess    0000000180010070     kernel32:KERNEL32.dll
 0002:00000078       __imp_RtlVirtualUnwind     0000000180010078     kernel32:KERNEL32.dll
 0002:00000080       __imp_UnhandledExceptionFilter 0000000180010080     kernel32:KERNEL32.dll
 0002:00000088       \177KERNEL32_NULL_THUNK_DATA 0000000180010088     kernel32:KERNEL32.dll
 0002:00000090       __imp_memcpy               0000000180010090     vcruntime:VCRUNTIME140.dll
 0002:00000098       __imp___C_specific_handler 0000000180010098     vcruntime:VCRUNTIME140.dll
 0002:000000a0       __imp___std_type_info_destroy_list 00000001800100a0     vcruntime:VCRUNTIME140.dll
 0002:000000a8       __imp_memset               00000001800100a8     vcruntime:VCRUNTIME140.dll
 0002:000000b0       \177VCRUNTIME140_NULL_THUNK_DATA 00000001800100b0     vcruntime:VCRUNTIME140.dll
 0002:000000b8       __imp_free                 00000001800100b8     ucrt:api-ms-win-crt-heap-l1-1-0.dll
 0002:000000c0       __imp_malloc               00000001800100c0     ucrt:api-ms-win-crt-heap-l1-1-0.dll
 0002:000000c8       \177api-ms-win-crt-heap-l1-1-0_NULL_THUNK_DATA 00000001800100c8     ucrt:api-ms-win-crt-heap-l1-1-0.dll
 0002:000000d0       __imp__seh_filter_dll      00000001800100d0     ucrt:api-ms-win-crt-runtime-l1-1-0.dll
 0002:000000d8       __imp__initterm_e          00000001800100d8     ucrt:api-ms-win-crt-runtime-l1-1-0.dll
 0002:000000e0       __imp__initialize_narrow_environment 00000001800100e0     ucrt:api-ms-win-crt-runtime-l1-1-0.dll
 0002:000000e8       __imp__initialize_onexit_table 00000001800100e8     ucrt:api-ms-win-crt-runtime-l1-1-0.dll
 0002:000000f0       __imp__register_onexit_function 00000001800100f0     ucrt:api-ms-win-crt-runtime-l1-1-0.dll
 0002:000000f8       __imp__execute_onexit_table 00000001800100f8     ucrt:api-ms-win-crt-runtime-l1-1-0.dll
 0002:00000100       __imp__crt_atexit          0000000180010100     ucrt:api-ms-win-crt-runtime-l1-1-0.dll
 0002:00000108       __imp__crt_at_quick_exit   0000000180010108     ucrt:api-ms-win-crt-runtime-l1-1-0.dll
 0002:00000110       __imp__cexit               0000000180010110     ucrt:api-ms-win-crt-runtime-l1-1-0.dll
 0002:00000118       __imp_terminate            0000000180010118     ucrt:api-ms-win-crt-runtime-l1-1-0.dll
 0002:00000120       __imp__initterm            0000000180010120     ucrt:api-ms-win-crt-runtime-l1-1-0.dll
 0002:00000128       __imp__configure_narrow_argv 0000000180010128     ucrt:api-ms-win-crt-runtime-l1-1-0.dll
 0002:00000130       \177api-ms-win-crt-runtime-l1-1-0_NULL_THUNK_DATA 0000000180010130     ucrt:api-ms-win-crt-runtime-l1-1-0.dll
 0002:00000138       __imp___stdio_common_vsprintf 0000000180010138     ucrt:api-ms-win-crt-stdio-l1-1-0.dll
 0002:00000140       \177api-ms-win-crt-stdio-l1-1-0_NULL_THUNK_DATA 0000000180010140     ucrt:api-ms-win-crt-stdio-l1-1-0.dll
 0002:00000148       __imp_strlen               0000000180010148     ucrt:api-ms-win-crt-string-l1-1-0.dll
 0002:00000150       __imp_strcmp               0000000180010150     ucrt:api-ms-win-crt-string-l1-1-0.dll
 0002:00000158       \177api-ms-win-crt-string-l1-1-0_NULL_THUNK_DATA 0000000180010158     ucrt:api-ms-win-crt-string-l1-1-0.dll
 0002:00000160       __imp_mexErrMsgTxt         0000000180010160     libmex:libmex.dll
 0002:00000168       __imp_mexWarnMsgTxt        0000000180010168     libmex:libmex.dll
 0002:00000170       __imp_mexIsLocked          0000000180010170     libmex:libmex.dll
 0002:00000178       __imp_mexUnlock            0000000180010178     libmex:libmex.dll
 0002:00000180       __imp_mexLock              0000000180010180     libmex:libmex.dll
 0002:00000188       __imp_mexCallMATLABWithObject 0000000180010188     libmex:libmex.dll
 0002:00000190       __imp_mexMakeArrayPersistent 0000000180010190     libmex:libmex.dll
 0002:00000198       \177libmex_NULL_THUNK_DATA 0000000180010198     libmex:libmex.dll
 0002:000001a0       __imp_muDoubleScalarAbs    00000001800101a0     libmwmathutil:libmwmathutil.dll
 0002:000001a8       \177libmwmathutil_NULL_THUNK_DATA 00000001800101a8     libmwmathutil:libmwmathutil.dll
 0002:000001b0       __imp_mxGetN               00000001800101b0     libmx:libmx.dll
 0002:000001b8       __imp_mxIsComplex          00000001800101b8     libmx:libmx.dll
 0002:000001c0       __imp_mxIsNumeric          00000001800101c0     libmx:libmx.dll
 0002:000001c8       __imp_mxGetClassID         00000001800101c8     libmx:libmx.dll
 0002:000001d0       __imp_mxGetM               00000001800101d0     libmx:libmx.dll
 0002:000001d8       __imp_mxCalloc             00000001800101d8     libmx:libmx.dll
 0002:000001e0       __imp_mxCreateStructArray_730 00000001800101e0     libmx:libmx.dll
 0002:000001e8       __imp_mxCreateStructMatrix_730 00000001800101e8     libmx:libmx.dll
 0002:000001f0       __imp_mxCreateCellArray_730 00000001800101f0     libmx:libmx.dll
 0002:000001f8       __imp_mxCreateCellMatrix_730 00000001800101f8     libmx:libmx.dll
 0002:00000200       __imp_mxCreateString       0000000180010200     libmx:libmx.dll
 0002:00000208       __imp_mxCreateDoubleScalar 0000000180010208     libmx:libmx.dll
 0002:00000210       __imp_mxSetField_730       0000000180010210     libmx:libmx.dll
 0002:00000218       __imp_mxDuplicateArray     0000000180010218     libmx:libmx.dll
 0002:00000220       __imp_mxGetString_730      0000000180010220     libmx:libmx.dll
 0002:00000228       __imp_mxIsChar             0000000180010228     libmx:libmx.dll
 0002:00000230       __imp_mxGetPr              0000000180010230     libmx:libmx.dll
 0002:00000238       __imp_mxGetScalar          0000000180010238     libmx:libmx.dll
 0002:00000240       __imp_mxDestroyArray       0000000180010240     libmx:libmx.dll
 0002:00000248       __imp_mxCreateDoubleMatrix_730 0000000180010248     libmx:libmx.dll
 0002:00000250       \177libmx_NULL_THUNK_DATA  0000000180010250     libmx:libmx.dll
 0002:00000258       __imp_utMalloc             0000000180010258     libut:libut.dll
 0002:00000260       __imp_utFree               0000000180010260     libut:libut.dll
 0002:00000268       \177libut_NULL_THUNK_DATA  0000000180010268     libut:libut.dll
 0002:00000270       __imp_sf_debug_create_debug_instance_struct 0000000180010270     sf_runtime:sf_runtime.dll
 0002:00000278       __imp_sf_clear_error_manager_info 0000000180010278     sf_runtime:sf_runtime.dll
 0002:00000280       __imp_sf_mex_error_direct_call 0000000180010280     sf_runtime:sf_runtime.dll
 0002:00000288       __imp_getRuntimeInstanceInfoAsVoid 0000000180010288     sf_runtime:sf_runtime.dll
 0002:00000290       __imp_call_sf_machine_global_method_dispatcher 0000000180010290     sf_runtime:sf_runtime.dll
 0002:00000298       __imp_callMdlMethodAndReportError 0000000180010298     sf_runtime:sf_runtime.dll
 0002:000002a0       __imp_sf_get_hasSeparateUpdateOutputs 00000001800102a0     sf_runtime:sf_runtime.dll
 0002:000002a8       __imp_sf_get_ChartInfoStruct_CodeGen 00000001800102a8     sf_runtime:sf_runtime.dll
 0002:000002b0       __imp_sf_debug_cv_init_state 00000001800102b0     sf_runtime:sf_runtime.dll
 0002:000002b8       __imp_sf_debug_cv_init_chart 00000001800102b8     sf_runtime:sf_runtime.dll
 0002:000002c0       __imp_sf_debug_terminate   00000001800102c0     sf_runtime:sf_runtime.dll
 0002:000002c8       __imp_sf_debug_data_range_wrapper 00000001800102c8     sf_runtime:sf_runtime.dll
 0002:000002d0       __imp_sf_debug_set_chart_substate_count 00000001800102d0     sf_runtime:sf_runtime.dll
 0002:000002d8       __imp_sf_debug_set_chart_decomposition 00000001800102d8     sf_runtime:sf_runtime.dll
 0002:000002e0       __imp_sf_debug_set_chart_state_info 00000001800102e0     sf_runtime:sf_runtime.dll
 0002:000002e8       __imp_sf_debug_set_chart_event_thresholds 00000001800102e8     sf_runtime:sf_runtime.dll
 0002:000002f0       __imp_sf_debug_set_chart_disable_implicit_casting 00000001800102f0     sf_runtime:sf_runtime.dll
 0002:000002f8       __imp_sf_debug_set_instance_data_value_ptr 00000001800102f8     sf_runtime:sf_runtime.dll
 0002:00000300       __imp_sf_debug_symbol_scope_add_eml_importable 0000000180010300     sf_runtime:sf_runtime.dll
 0002:00000308       __imp_sf_debug_symbol_scope_add_eml 0000000180010308     sf_runtime:sf_runtime.dll
 0002:00000310       __imp_sf_debug_symbol_scope_pop 0000000180010310     sf_runtime:sf_runtime.dll
 0002:00000318       __imp_sf_debug_api         0000000180010318     sf_runtime:sf_runtime.dll
 0002:00000320       __imp_sf_debug_cv_init_trans 0000000180010320     sf_runtime:sf_runtime.dll
 0002:00000328       __imp_sf_debug_symbol_scope_push_eml 0000000180010328     sf_runtime:sf_runtime.dll
 0002:00000330       __imp_sf_debug_symbol_scope_push 0000000180010330     sf_runtime:sf_runtime.dll
 0002:00000338       __imp_sf_debug_set_chart_data_compiled_props 0000000180010338     sf_runtime:sf_runtime.dll
 0002:00000340       __imp_sf_debug_set_chart_data_props 0000000180010340     sf_runtime:sf_runtime.dll
 0002:00000348       __imp_sf_debug_check_for_state_inconsistency 0000000180010348     sf_runtime:sf_runtime.dll
 0002:00000350       __imp_sf_debug_reset_current_state_configuration 0000000180010350     sf_runtime:sf_runtime.dll
 0002:00000358       __imp_cv_eml_init_fcn      0000000180010358     sf_runtime:sf_runtime.dll
 0002:00000360       __imp_cv_eml_init_script   0000000180010360     sf_runtime:sf_runtime.dll
 0002:00000368       __imp_cv_eml_eval          0000000180010368     sf_runtime:sf_runtime.dll
 0002:00000370       __imp_eml_debug_line_call  0000000180010370     sf_runtime:sf_runtime.dll
 0002:00000378       __imp_sf_debug_call        0000000180010378     sf_runtime:sf_runtime.dll
 0002:00000380       __imp_sf_debug_initialize_chart 0000000180010380     sf_runtime:sf_runtime.dll
 0002:00000388       __imp_ssGetOutputPortSignal_wrapper 0000000180010388     sf_runtime:sf_runtime.dll
 0002:00000390       __imp_ssGetInputPortSignal_wrapper 0000000180010390     sf_runtime:sf_runtime.dll
 0002:00000398       __imp_sf_mex_decode_encoded_mx_struct_array 0000000180010398     sf_runtime:sf_runtime.dll
 0002:000003a0       __imp_sf_mex_import        00000001800103a0     sf_runtime:sf_runtime.dll
 0002:000003a8       __imp_sf_mex_destroy       00000001800103a8     sf_runtime:sf_runtime.dll
 0002:000003b0       __imp_sf_mex_dup           00000001800103b0     sf_runtime:sf_runtime.dll
 0002:000003b8       __imp_sf_mex_assign        00000001800103b8     sf_runtime:sf_runtime.dll
 0002:000003c0       __imp_sf_mex_getcell       00000001800103c0     sf_runtime:sf_runtime.dll
 0002:000003c8       __imp_sf_mex_setcell       00000001800103c8     sf_runtime:sf_runtime.dll
 0002:000003d0       __imp_sf_mex_createcellmatrix 00000001800103d0     sf_runtime:sf_runtime.dll
 0002:000003d8       __imp_sf_mex_create        00000001800103d8     sf_runtime:sf_runtime.dll
 0002:000003e0       __imp_sf_mex_error_message 00000001800103e0     sf_runtime:sf_runtime.dll
 0002:000003e8       __imp_sf_register_codegen_names_for_scoped_functions_defined_by_chart 00000001800103e8     sf_runtime:sf_runtime.dll
 0002:000003f0       __imp_sf_set_chart_accesses_machine_info 00000001800103f0     sf_runtime:sf_runtime.dll
 0002:000003f8       __imp_sf_is_first_init_cond 00000001800103f8     sf_runtime:sf_runtime.dll
 0002:00000400       __imp_sf_get_time          0000000180010400     sf_runtime:sf_runtime.dll
 0002:00000408       __imp_sf_set_rtw_dwork_info 0000000180010408     sf_runtime:sf_runtime.dll
 0002:00000410       __imp_sf_clear_rtw_identifier 0000000180010410     sf_runtime:sf_runtime.dll
 0002:00000418       __imp_sim_mode_is_modelref_sim 0000000180010418     sf_runtime:sf_runtime.dll
 0002:00000420       __imp_sim_mode_is_external 0000000180010420     sf_runtime:sf_runtime.dll
 0002:00000428       __imp_sim_mode_is_rtw_gen  0000000180010428     sf_runtime:sf_runtime.dll
 0002:00000430       __imp_sf_mark_chart_expressionable_inputs 0000000180010430     sf_runtime:sf_runtime.dll
 0002:00000438       __imp_sf_mark_chart_reusable_outputs 0000000180010438     sf_runtime:sf_runtime.dll
 0002:00000440       __imp_sf_is_chart_inlinable 0000000180010440     sf_runtime:sf_runtime.dll
 0002:00000448       __imp_sf_update_buildInfo  0000000180010448     sf_runtime:sf_runtime.dll
 0002:00000450       __imp_sf_rtw_info_uint_prop 0000000180010450     sf_runtime:sf_runtime.dll
 0002:00000458       __imp_sf_get_chart_instance_ptr 0000000180010458     sf_runtime:sf_runtime.dll
 0002:00000460       __imp_sfrtGetEmlrtCtx      0000000180010460     sf_runtime:sf_runtime.dll
 0002:00000468       __imp_sf_free_ChartRunTimeInfo 0000000180010468     sf_runtime:sf_runtime.dll
 0002:00000470       __imp_sf_init_ChartRunTimeInfo 0000000180010470     sf_runtime:sf_runtime.dll
 0002:00000478       __imp_sf_debug_set_machine_data_thresholds 0000000180010478     sf_runtime:sf_runtime.dll
 0002:00000480       __imp_sf_debug_set_machine_event_thresholds 0000000180010480     sf_runtime:sf_runtime.dll
 0002:00000488       __imp_sf_debug_initialize_machine 0000000180010488     sf_runtime:sf_runtime.dll
 0002:00000490       __imp_sf_load_rtw_optimization_info 0000000180010490     sf_runtime:sf_runtime.dll
 0002:00000498       \177sf_runtime_NULL_THUNK_DATA 0000000180010498     sf_runtime:sf_runtime.dll
 0002:000004a0       __guard_check_icall_fptr   00000001800104a0     MSVCRT:guard_support.obj
 0002:000004a8       __guard_dispatch_icall_fptr 00000001800104a8     MSVCRT:guard_support.obj
 0002:000004b0       __xc_a                     00000001800104b0     MSVCRT:initializers.obj
 0002:000004b8       __xc_z                     00000001800104b8     MSVCRT:initializers.obj
 0002:000004c0       __xi_a                     00000001800104c0     MSVCRT:initializers.obj
 0002:000004c8       __xi_z                     00000001800104c8     MSVCRT:initializers.obj
 0002:000004d0       __xp_a                     00000001800104d0     MSVCRT:initializers.obj
 0002:000004d8       __xp_z                     00000001800104d8     MSVCRT:initializers.obj
 0002:000004e0       __xt_a                     00000001800104e0     MSVCRT:initializers.obj
 0002:000004e8       __xt_z                     00000001800104e8     MSVCRT:initializers.obj
 0002:000004f0       __real@419724689c000000    00000001800104f0     TapFilter_sfun.obj
 0002:000004f8       __real@41c0475497000000    00000001800104f8     TapFilter_sfun.obj
 0002:00000500       __real@41cb14a5cc000000    0000000180010500     TapFilter_sfun.obj
 0002:00000508       __real@41d1b6ee55400000    0000000180010508     TapFilter_sfun.obj
 0002:00000510       __real@41d276bed1c00000    0000000180010510     TapFilter_sfun.obj
 0002:00000518       __real@41d3995e07800000    0000000180010518     TapFilter_sfun.obj
 0002:00000520       __real@41d6eee514400000    0000000180010520     TapFilter_sfun.obj
 0002:00000528       __real@41e7f43361200000    0000000180010528     TapFilter_sfun.obj
 0002:00000530       __real@41e8946fb1e00000    0000000180010530     TapFilter_sfun.obj
 0002:00000538       __real@41e93bdd35400000    0000000180010538     TapFilter_sfun.obj
 0002:00000540       __real@41ebb0fd62000000    0000000180010540     TapFilter_sfun.obj
 0002:00000548       __real@41ec6bd1c8000000    0000000180010548     TapFilter_sfun.obj
 0002:00000550       __real@3ff0000000000000    0000000180010550     c2_TapFilter.obj
 0002:00000558       __real@4000000000000000    0000000180010558     c2_TapFilter.obj
 0002:00000560       __real@4024000000000000    0000000180010560     c2_TapFilter.obj
 0002:00000568       __real@41a95ff050000000    0000000180010568     c2_TapFilter.obj
 0002:00000570       __real@41c2f9cadd000000    0000000180010570     c2_TapFilter.obj
 0002:00000578       __real@41e20f8398800000    0000000180010578     c2_TapFilter.obj
 0002:00000580       __real@41eef65331200000    0000000180010580     c2_TapFilter.obj
 0002:00000588       DYNAMIC_DIMENSION_DEF      0000000180010588     TapFilter_sfun_registry.obj
 0002:000005a0       __real@0000000000000000    00000001800105a0     TapFilter_sfun_registry.obj
 0002:000005a8       __real@4010000000000000    00000001800105a8     TapFilter_sfun_registry.obj
 0002:000005b0       __real@41602cbca0000000    00000001800105b0     TapFilter_sfun_registry.obj
 0002:000005b8       __real@bff0000000000000    00000001800105b8     TapFilter_sfun_registry.obj
 0002:000005d0       _pDefaultRawDllMain        00000001800105d0     MSVCRT:dll_dllmain.obj
 0002:000005d0       _pRawDllMain               00000001800105d0     MSVCRT:dll_dllmain.obj
 0002:00000600       _load_config_used          0000000180010600     MSVCRT:loadcfg.obj
 0002:000008c0       __rtc_iaa                  00000001800108c0     MSVCRT:_initsect_.obj
 0002:000008c8       __rtc_izz                  00000001800108c8     MSVCRT:_initsect_.obj
 0002:000008d0       __rtc_taa                  00000001800108d0     MSVCRT:_initsect_.obj
 0002:000008d8       __rtc_tzz                  00000001800108d8     MSVCRT:_initsect_.obj
 0002:00001194       __IMPORT_DESCRIPTOR_sf_runtime 0000000180011194     sf_runtime:sf_runtime.dll
 0002:000011a8       __IMPORT_DESCRIPTOR_libmx  00000001800111a8     libmx:libmx.dll
 0002:000011bc       __IMPORT_DESCRIPTOR_libmex 00000001800111bc     libmex:libmex.dll
 0002:000011d0       __IMPORT_DESCRIPTOR_libut  00000001800111d0     libut:libut.dll
 0002:000011e4       __IMPORT_DESCRIPTOR_libmwmathutil 00000001800111e4     libmwmathutil:libmwmathutil.dll
 0002:000011f8       __IMPORT_DESCRIPTOR_KERNEL32 00000001800111f8     kernel32:KERNEL32.dll
 0002:0000120c       __IMPORT_DESCRIPTOR_VCRUNTIME140 000000018001120c     vcruntime:VCRUNTIME140.dll
 0002:00001220       __IMPORT_DESCRIPTOR_api-ms-win-crt-string-l1-1-0 0000000180011220     ucrt:api-ms-win-crt-string-l1-1-0.dll
 0002:00001234       __IMPORT_DESCRIPTOR_api-ms-win-crt-heap-l1-1-0 0000000180011234     ucrt:api-ms-win-crt-heap-l1-1-0.dll
 0002:00001248       __IMPORT_DESCRIPTOR_api-ms-win-crt-stdio-l1-1-0 0000000180011248     ucrt:api-ms-win-crt-stdio-l1-1-0.dll
 0002:0000125c       __IMPORT_DESCRIPTOR_api-ms-win-crt-runtime-l1-1-0 000000018001125c     ucrt:api-ms-win-crt-runtime-l1-1-0.dll
 0002:00001270       __NULL_IMPORT_DESCRIPTOR   0000000180011270     sf_runtime:sf_runtime.dll
 0003:00000920       DYNAMIC_DIMENSION          0000000180013920     TapFilter_sfun_registry.obj
 0003:000029b0       __security_cookie          00000001800159b0     MSVCRT:gs_cookie.obj
 0003:000029b8       __security_cookie_complement 00000001800159b8     MSVCRT:gs_cookie.obj
 0003:000029c0       _fltused                   00000001800159c0     MSVCRT:dllsupp.obj
 0003:000029c4       __scrt_native_dllmain_reason 00000001800159c4     MSVCRT:utility.obj
 0003:000029c8       __isa_available            00000001800159c8     MSVCRT:_cpu_disp_.obj
 0003:000029cc       __isa_enabled              00000001800159cc     MSVCRT:_cpu_disp_.obj
 0003:000029d0       __memcpy_nt_iters          00000001800159d0     MSVCRT:_cpu_disp_.obj
 0003:000029e0       __scrt_ucrt_dll_is_in_use  00000001800159e0     MSVCRT:ucrt_stubs.obj
 0003:00002a18       sfGlobalDebugInstanceStruct 0000000180015a18     TapFilter_sfun_registry.obj
 0003:00003f98       __scrt_current_native_startup_state 0000000180016f98     MSVCRT:utility.obj
 0003:00003fa0       __scrt_native_startup_lock 0000000180016fa0     MSVCRT:utility.obj
 0003:00003fe0       ?__type_info_root_node@@3U__type_info_node@@A 0000000180016fe0     MSVCRT:tncleanup.obj
 0003:00003ff0       ?_OptionsStorage@?1??__local_stdio_printf_options@@9@4_KA 0000000180016ff0     MSVCRT:default_local_stdio_options.obj
 0003:00003ff8       ?_OptionsStorage@?1??__local_stdio_scanf_options@@9@4_KA 0000000180016ff8     MSVCRT:default_local_stdio_options.obj
 0003:00004000       __scrt_debugger_hook_flag  0000000180017000     MSVCRT:utility_desktop.obj
 0003:00004004       __favor                    0000000180017004     MSVCRT:_cpu_disp_.obj
 0003:00004008       ?_OptionsStorage@?1??__local_stdio_printf_options@@9@9 0000000180017008     <common>
 0003:00004010       _TapFilterMachineNumber_   0000000180017010     <common>
 0003:00004018       __dyn_tls_init_callback    0000000180017018     <common>

 entry point at        0001:0000dad8

 Static symbols

 0000:00000000       .debug$S                   0000000180000000     sf_runtime:sf_runtime.dll
 0000:00000000       .debug$S                   0000000180000000     TapFilter_sfun.exp
 0000:00000000       .debug$S                   0000000180000000     sf_runtime:sf_runtime.dll
 0000:00000000       .debug$S                   0000000180000000     sf_runtime:sf_runtime.dll
 0000:00000000       .debug$S                   0000000180000000     sf_runtime:sf_runtime.dll
 0000:00000000       .debug$S                   0000000180000000     sf_runtime:sf_runtime.dll
 0000:00000000       .debug$S                   0000000180000000     sf_runtime:sf_runtime.dll
 0000:00000000       .debug$S                   0000000180000000     ucrt:api-ms-win-crt-heap-l1-1-0.dll
 0000:00000000       .debug$S                   0000000180000000     ucrt:api-ms-win-crt-heap-l1-1-0.dll
 0000:00000000       .debug$S                   0000000180000000     ucrt:api-ms-win-crt-runtime-l1-1-0.dll
 0000:00000000       .debug$S                   0000000180000000     ucrt:api-ms-win-crt-runtime-l1-1-0.dll
 0000:00000000       .debug$S                   0000000180000000     ucrt:api-ms-win-crt-runtime-l1-1-0.dll
 0000:00000000       .debug$S                   0000000180000000     ucrt:api-ms-win-crt-runtime-l1-1-0.dll
 0000:00000000       .debug$S                   0000000180000000     ucrt:api-ms-win-crt-runtime-l1-1-0.dll
 0000:00000000       .debug$S                   0000000180000000     ucrt:api-ms-win-crt-runtime-l1-1-0.dll
 0000:00000000       .debug$S                   0000000180000000     ucrt:api-ms-win-crt-runtime-l1-1-0.dll
 0000:00000000       .debug$S                   0000000180000000     ucrt:api-ms-win-crt-runtime-l1-1-0.dll
 0000:00000000       .debug$S                   0000000180000000     ucrt:api-ms-win-crt-runtime-l1-1-0.dll
 0000:00000000       .debug$S                   0000000180000000     ucrt:api-ms-win-crt-runtime-l1-1-0.dll
 0000:00000000       .debug$S                   0000000180000000     ucrt:api-ms-win-crt-runtime-l1-1-0.dll
 0000:00000000       .debug$S                   0000000180000000     ucrt:api-ms-win-crt-runtime-l1-1-0.dll
 0000:00000000       .debug$S                   0000000180000000     ucrt:api-ms-win-crt-stdio-l1-1-0.dll
 0000:00000000       .debug$S                   0000000180000000     sf_runtime:sf_runtime.dll
 0000:00000000       .debug$S                   0000000180000000     ucrt:api-ms-win-crt-string-l1-1-0.dll
 0000:00000000       .debug$S                   0000000180000000     ucrt:api-ms-win-crt-string-l1-1-0.dll
 0000:00000000       .debug$S                   0000000180000000     sf_runtime:sf_runtime.dll
 0000:00000000       .debug$S                   0000000180000000     vcruntime:VCRUNTIME140.dll
 0000:00000000       .debug$S                   0000000180000000     vcruntime:VCRUNTIME140.dll
 0000:00000000       .debug$S                   0000000180000000     vcruntime:VCRUNTIME140.dll
 0000:00000000       .debug$S                   0000000180000000     vcruntime:VCRUNTIME140.dll
 0000:00000000       .debug$S                   0000000180000000     sf_runtime:sf_runtime.dll
 0000:00000000       .debug$S                   0000000180000000     kernel32:KERNEL32.dll
 0000:00000000       .debug$S                   0000000180000000     kernel32:KERNEL32.dll
 0000:00000000       .debug$S                   0000000180000000     kernel32:KERNEL32.dll
 0000:00000000       .debug$S                   0000000180000000     kernel32:KERNEL32.dll
 0000:00000000       .debug$S                   0000000180000000     kernel32:KERNEL32.dll
 0000:00000000       .debug$S                   0000000180000000     kernel32:KERNEL32.dll
 0000:00000000       .debug$S                   0000000180000000     kernel32:KERNEL32.dll
 0000:00000000       .debug$S                   0000000180000000     kernel32:KERNEL32.dll
 0000:00000000       .debug$S                   0000000180000000     kernel32:KERNEL32.dll
 0000:00000000       .debug$S                   0000000180000000     kernel32:KERNEL32.dll
 0000:00000000       .debug$S                   0000000180000000     kernel32:KERNEL32.dll
 0000:00000000       .debug$S                   0000000180000000     kernel32:KERNEL32.dll
 0000:00000000       .debug$S                   0000000180000000     kernel32:KERNEL32.dll
 0000:00000000       .debug$S                   0000000180000000     kernel32:KERNEL32.dll
 0000:00000000       .debug$S                   0000000180000000     kernel32:KERNEL32.dll
 0000:00000000       .debug$S                   0000000180000000     kernel32:KERNEL32.dll
 0000:00000000       .debug$S                   0000000180000000     kernel32:KERNEL32.dll
 0000:00000000       .debug$S                   0000000180000000     sf_runtime:sf_runtime.dll
 0000:00000000       .debug$S                   0000000180000000     sf_runtime:sf_runtime.dll
 0000:00000000       .debug$S                   0000000180000000     sf_runtime:sf_runtime.dll
 0000:00000000       .debug$S                   0000000180000000     sf_runtime:sf_runtime.dll
 0000:00000000       .debug$S                   0000000180000000     sf_runtime:sf_runtime.dll
 0000:00000000       .debug$S                   0000000180000000     sf_runtime:sf_runtime.dll
 0000:00000000       .debug$S                   0000000180000000     sf_runtime:sf_runtime.dll
 0000:00000000       .debug$S                   0000000180000000     sf_runtime:sf_runtime.dll
 0000:00000000       .debug$S                   0000000180000000     sf_runtime:sf_runtime.dll
 0000:00000000       .debug$S                   0000000180000000     sf_runtime:sf_runtime.dll
 0000:00000000       .debug$S                   0000000180000000     sf_runtime:sf_runtime.dll
 0000:00000000       .debug$S                   0000000180000000     sf_runtime:sf_runtime.dll
 0000:00000000       .debug$S                   0000000180000000     sf_runtime:sf_runtime.dll
 0000:00000000       .debug$S                   0000000180000000     sf_runtime:sf_runtime.dll
 0000:00000000       .debug$S                   0000000180000000     sf_runtime:sf_runtime.dll
 0000:00000000       .debug$S                   0000000180000000     sf_runtime:sf_runtime.dll
 0000:00000000       .debug$S                   0000000180000000     sf_runtime:sf_runtime.dll
 0000:00000000       .debug$S                   0000000180000000     sf_runtime:sf_runtime.dll
 0000:00000000       .debug$S                   0000000180000000     sf_runtime:sf_runtime.dll
 0000:00000000       .debug$S                   0000000180000000     sf_runtime:sf_runtime.dll
 0000:00000000       .debug$S                   0000000180000000     sf_runtime:sf_runtime.dll
 0000:00000000       .debug$S                   0000000180000000     sf_runtime:sf_runtime.dll
 0000:00000000       .debug$S                   0000000180000000     sf_runtime:sf_runtime.dll
 0000:00000000       .debug$S                   0000000180000000     sf_runtime:sf_runtime.dll
 0000:00000000       .debug$S                   0000000180000000     sf_runtime:sf_runtime.dll
 0000:00000000       .debug$S                   0000000180000000     sf_runtime:sf_runtime.dll
 0000:00000000       .debug$S                   0000000180000000     libmx:libmx.dll
 0000:00000000       .debug$S                   0000000180000000     sf_runtime:sf_runtime.dll
 0000:00000000       .debug$S                   0000000180000000     sf_runtime:sf_runtime.dll
 0000:00000000       .debug$S                   0000000180000000     sf_runtime:sf_runtime.dll
 0000:00000000       .debug$S                   0000000180000000     sf_runtime:sf_runtime.dll
 0000:00000000       .debug$S                   0000000180000000     sf_runtime:sf_runtime.dll
 0000:00000000       .debug$S                   0000000180000000     sf_runtime:sf_runtime.dll
 0000:00000000       .debug$S                   0000000180000000     sf_runtime:sf_runtime.dll
 0000:00000000       .debug$S                   0000000180000000     sf_runtime:sf_runtime.dll
 0000:00000000       .debug$S                   0000000180000000     sf_runtime:sf_runtime.dll
 0000:00000000       .debug$S                   0000000180000000     sf_runtime:sf_runtime.dll
 0000:00000000       .debug$S                   0000000180000000     sf_runtime:sf_runtime.dll
 0000:00000000       .debug$S                   0000000180000000     sf_runtime:sf_runtime.dll
 0000:00000000       .debug$S                   0000000180000000     sf_runtime:sf_runtime.dll
 0000:00000000       .debug$S                   0000000180000000     sf_runtime:sf_runtime.dll
 0000:00000000       .debug$S                   0000000180000000     sf_runtime:sf_runtime.dll
 0000:00000000       .debug$S                   0000000180000000     sf_runtime:sf_runtime.dll
 0000:00000000       .debug$S                   0000000180000000     sf_runtime:sf_runtime.dll
 0000:00000000       .debug$S                   0000000180000000     sf_runtime:sf_runtime.dll
 0000:00000000       .debug$S                   0000000180000000     sf_runtime:sf_runtime.dll
 0000:00000000       .debug$S                   0000000180000000     sf_runtime:sf_runtime.dll
 0000:00000000       .debug$S                   0000000180000000     sf_runtime:sf_runtime.dll
 0000:00000000       .debug$S                   0000000180000000     sf_runtime:sf_runtime.dll
 0000:00000000       .debug$S                   0000000180000000     sf_runtime:sf_runtime.dll
 0000:00000000       .debug$S                   0000000180000000     sf_runtime:sf_runtime.dll
 0000:00000000       .debug$S                   0000000180000000     sf_runtime:sf_runtime.dll
 0000:00000000       .debug$S                   0000000180000000     sf_runtime:sf_runtime.dll
 0000:00000000       .debug$S                   0000000180000000     sf_runtime:sf_runtime.dll
 0000:00000000       .debug$S                   0000000180000000     sf_runtime:sf_runtime.dll
 0000:00000000       .debug$S                   0000000180000000     sf_runtime:sf_runtime.dll
 0000:00000000       .debug$S                   0000000180000000     sf_runtime:sf_runtime.dll
 0000:00000000       .debug$S                   0000000180000000     sf_runtime:sf_runtime.dll
 0000:00000000       .debug$S                   0000000180000000     sf_runtime:sf_runtime.dll
 0000:00000000       .debug$S                   0000000180000000     sf_runtime:sf_runtime.dll
 0000:00000000       .debug$S                   0000000180000000     sf_runtime:sf_runtime.dll
 0000:00000000       .debug$S                   0000000180000000     libmx:libmx.dll
 0000:00000000       .debug$S                   0000000180000000     libmx:libmx.dll
 0000:00000000       .debug$S                   0000000180000000     libmx:libmx.dll
 0000:00000000       .debug$S                   0000000180000000     libmwmathutil:libmwmathutil.dll
 0000:00000000       .debug$S                   0000000180000000     libmx:libmx.dll
 0000:00000000       .debug$S                   0000000180000000     libut:libut.dll
 0000:00000000       .debug$S                   0000000180000000     libut:libut.dll
 0000:00000000       .debug$S                   0000000180000000     libmx:libmx.dll
 0000:00000000       .debug$S                   0000000180000000     libmex:libmex.dll
 0000:00000000       .debug$S                   0000000180000000     libmex:libmex.dll
 0000:00000000       .debug$S                   0000000180000000     libmex:libmex.dll
 0000:00000000       .debug$S                   0000000180000000     libmex:libmex.dll
 0000:00000000       .debug$S                   0000000180000000     libmex:libmex.dll
 0000:00000000       .debug$S                   0000000180000000     libmex:libmex.dll
 0000:00000000       .debug$S                   0000000180000000     libmex:libmex.dll
 0000:00000000       .debug$S                   0000000180000000     libmx:libmx.dll
 0000:00000000       .debug$S                   0000000180000000     libmx:libmx.dll
 0000:00000000       .debug$S                   0000000180000000     libmx:libmx.dll
 0000:00000000       .debug$S                   0000000180000000     libmx:libmx.dll
 0000:00000000       .debug$S                   0000000180000000     libmx:libmx.dll
 0000:00000000       .debug$S                   0000000180000000     libmx:libmx.dll
 0000:00000000       .debug$S                   0000000180000000     libmx:libmx.dll
 0000:00000000       .debug$S                   0000000180000000     libmx:libmx.dll
 0000:00000000       .debug$S                   0000000180000000     libmx:libmx.dll
 0000:00000000       .debug$S                   0000000180000000     libmx:libmx.dll
 0000:00000000       .debug$S                   0000000180000000     libmx:libmx.dll
 0000:00000000       .debug$S                   0000000180000000     libmx:libmx.dll
 0000:00000000       .debug$S                   0000000180000000     libmx:libmx.dll
 0000:00000000       .debug$S                   0000000180000000     libmx:libmx.dll
 0001:00001160       chart_debug_initialization 0000000180002160 f   c2_TapFilter.obj
 0001:000018a0       chart_debug_initialize_data_addresses 00000001800028a0 f   c2_TapFilter.obj
 0001:000019e0       initialize_c2_TapFilter    00000001800029e0 f   c2_TapFilter.obj
 0001:00001a50       initialize_params_c2_TapFilter 0000000180002a50 f   c2_TapFilter.obj
 0001:00001a60       enable_c2_TapFilter        0000000180002a60 f   c2_TapFilter.obj
 0001:00001a90       disable_c2_TapFilter       0000000180002a90 f   c2_TapFilter.obj
 0001:00001ac0       c2_update_debugger_state_c2_TapFilter 0000000180002ac0 f   c2_TapFilter.obj
 0001:00001ad0       get_sim_state_c2_TapFilter 0000000180002ad0 f   c2_TapFilter.obj
 0001:00001c40       set_sim_state_c2_TapFilter 0000000180002c40 f   c2_TapFilter.obj
 0001:00001d10       finalize_c2_TapFilter      0000000180002d10 f   c2_TapFilter.obj
 0001:00001d20       sf_gateway_c2_TapFilter    0000000180002d20 f   c2_TapFilter.obj
 0001:000024e0       mdl_start_c2_TapFilter     00000001800034e0 f   c2_TapFilter.obj
 0001:000024f0       initSimStructsc2_TapFilter 00000001800034f0 f   c2_TapFilter.obj
 0001:00002500       init_script_number_translation 0000000180003500 f   c2_TapFilter.obj
 0001:00002520       c2_sf_marshallOut          0000000180003520 f   c2_TapFilter.obj
 0001:000025d0       c2_emlrt_marshallIn        00000001800035d0 f   c2_TapFilter.obj
 0001:00002640       c2_b_emlrt_marshallIn      0000000180003640 f   c2_TapFilter.obj
 0001:000026d0       c2_sf_marshallIn           00000001800036d0 f   c2_TapFilter.obj
 0001:00002780       c2_d_emlrt_marshallIn      0000000180003780 f   c2_TapFilter.obj
 0001:000027f0       c2_e_emlrt_marshallIn      00000001800037f0 f   c2_TapFilter.obj
 0001:00002880       init_dsm_address_info      0000000180003880 f   c2_TapFilter.obj
 0001:00002890       init_simulink_io_address   0000000180003890 f   c2_TapFilter.obj
 0001:00003170       sf_get_sim_state_info_c2_TapFilter 0000000180004170 f   c2_TapFilter.obj
 0001:00003240       sf_get_instance_specialization 0000000180004240 f   c2_TapFilter.obj
 0001:00003250       sf_opaque_initialize_c2_TapFilter 0000000180004250 f   c2_TapFilter.obj
 0001:00003290       sf_opaque_enable_c2_TapFilter 0000000180004290 f   c2_TapFilter.obj
 0001:000032b0       sf_opaque_disable_c2_TapFilter 00000001800042b0 f   c2_TapFilter.obj
 0001:000032d0       sf_opaque_gateway_c2_TapFilter 00000001800042d0 f   c2_TapFilter.obj
 0001:000032f0       sf_opaque_get_sim_state_c2_TapFilter 00000001800042f0 f   c2_TapFilter.obj
 0001:00003320       sf_opaque_set_sim_state_c2_TapFilter 0000000180004320 f   c2_TapFilter.obj
 0001:00003350       sf_opaque_terminate_c2_TapFilter 0000000180004350 f   c2_TapFilter.obj
 0001:000033f0       mdlProcessParameters_c2_TapFilter 00000001800043f0 f   c2_TapFilter.obj
 0001:000034b0       mdlSetWorkWidths_c2_TapFilter 00000001800044b0 f   c2_TapFilter.obj
 0001:00003b50       mdlRTW_c2_TapFilter        0000000180004b50 f   c2_TapFilter.obj
 0001:00003b90       mdlStart_c2_TapFilter      0000000180004b90 f   c2_TapFilter.obj
 0001:000062cc       $LN180                     00000001800072cc     TapFilter_sfun_registry.obj
 0001:00008494       $LN17                      0000000180009494     TapFilter_sfun_registry.obj
 0001:00008a1c       $LN26                      0000000180009a1c     TapFilter_sfun_registry.obj
 0001:00009104       $LN23                      000000018000a104     TapFilter_sfun_registry.obj
 0001:000096d4       $LN26                      000000018000a6d4     TapFilter_sfun_registry.obj
 0001:0000b350       sf_debug_api_wrapper       000000018000c350 f   TapFilter_sfun_registry.obj
 0001:0000b3a0       ProcessMexSfunctionCmdLineCall 000000018000c3a0 f   TapFilter_sfun_registry.obj
 0001:0000b710       mdlSetWorkWidths           000000018000c710 f   TapFilter_sfun_registry.obj
 0001:0000b760       mdlProcessParameters       000000018000c760 f   TapFilter_sfun_registry.obj
 0001:0000b790       mdl_start_processing       000000018000c790 f   TapFilter_sfun_registry.obj
 0001:0000b7f0       mdl_terminate_processing   000000018000c7f0 f   TapFilter_sfun_registry.obj
 0001:0000b8b0       mdlStart                   000000018000c8b0 f   TapFilter_sfun_registry.obj
 0001:0000b8e0       mdlTerminate               000000018000c8e0 f   TapFilter_sfun_registry.obj
 0001:0000b910       mdlInitializeSizes         000000018000c910 f   TapFilter_sfun_registry.obj
 0001:0000b940       mdlInitializeSampleTimes   000000018000c940 f   TapFilter_sfun_registry.obj
 0001:0000b970       mdl_outputs_continuous_legacy 000000018000c970 f   TapFilter_sfun_registry.obj
 0001:0000ba70       mdl_outputs_processing     000000018000ca70 f   TapFilter_sfun_registry.obj
 0001:0000bb90       mdl_zeroCrossings_processing 000000018000cb90 f   TapFilter_sfun_registry.obj
 0001:0000bbd0       mdlZeroCrossings           000000018000cbd0 f   TapFilter_sfun_registry.obj
 0001:0000bc00       mdl_derivatives_processing 000000018000cc00 f   TapFilter_sfun_registry.obj
 0001:0000bc50       mdlDerivatives             000000018000cc50 f   TapFilter_sfun_registry.obj
 0001:0000bc80       mdl_initialize_conditions_processing 000000018000cc80 f   TapFilter_sfun_registry.obj
 0001:0000bcd0       mdlInitializeConditions    000000018000ccd0 f   TapFilter_sfun_registry.obj
 0001:0000bd00       mdl_ext_mode_exec_processing 000000018000cd00 f   TapFilter_sfun_registry.obj
 0001:0000bd40       mdlExtModeExec             000000018000cd40 f   TapFilter_sfun_registry.obj
 0001:0000bd70       mdlRTW                     000000018000cd70 f   TapFilter_sfun_registry.obj
 0001:0000bdb0       mdl_enable_processing      000000018000cdb0 f   TapFilter_sfun_registry.obj
 0001:0000bdf0       mdlEnable                  000000018000cdf0 f   TapFilter_sfun_registry.obj
 0001:0000be20       mdl_disable_processing     000000018000ce20 f   TapFilter_sfun_registry.obj
 0001:0000be60       mdlDisable                 000000018000ce60 f   TapFilter_sfun_registry.obj
 0001:0000be90       mdlOutputs                 000000018000ce90 f   TapFilter_sfun_registry.obj
 0001:0000bec0       mdl_update_processing      000000018000cec0 f   TapFilter_sfun_registry.obj
 0001:0000bf10       mdlUpdate                  000000018000cf10 f   TapFilter_sfun_registry.obj
 0001:0000c0f0       mdlGetTimeOfNextVarHit     000000018000d0f0 f   TapFilter_sfun_registry.obj
 0001:0000c140       _RegNumInputPortsCB        000000018000d140 f   TapFilter_sfun_registry.obj
 0001:0000c1c0       _RegNumOutputPortsCB       000000018000d1c0 f   TapFilter_sfun_registry.obj
 0001:0000c240       _CreateSimStruct           000000018000d240 f   TapFilter_sfun_registry.obj
 0001:0000c440       _ProcessMexSfunctionCmdLineCall 000000018000d440 f   TapFilter_sfun_registry.obj
 0001:0000ce80       ReportIndexOutOfBoundsError 000000018000de80 f   TapFilter_sfun_registry.obj
 0001:0000d5ec       capture_current_context    000000018000e5ec f   MSVCRT:gs_report.obj
 0001:0000d65c       capture_previous_context   000000018000e65c f   MSVCRT:gs_report.obj
 0001:0000d750       $$000000                   000000018000e750     MSVCRT:_amdsecgs_.obj
 0001:0000d784       ?dllmain_crt_dispatch@@YAHQEAUHINSTANCE__@@KQEAX@Z 000000018000e784 f   MSVCRT:dll_dllmain.obj
 0001:0000d7d4       ?dllmain_crt_process_attach@@YAHQEAUHINSTANCE__@@QEAX@Z 000000018000e7d4 f   MSVCRT:dll_dllmain.obj
 0001:0000d900       ?dllmain_crt_process_detach@@YAH_N@Z 000000018000e900 f   MSVCRT:dll_dllmain.obj
 0001:0000d984       ?dllmain_dispatch@@YAHQEAUHINSTANCE__@@KQEAX@Z 000000018000e984 f   MSVCRT:dll_dllmain.obj
 0001:0000da7c       ?dllmain_raw@@YAHQEAUHINSTANCE__@@KQEAX@Z 000000018000ea7c f   MSVCRT:dll_dllmain.obj
 0001:0000db70       ?find_pe_section@@YAPEAU_IMAGE_SECTION_HEADER@@QEAE_K@Z 000000018000eb70 f   MSVCRT:utility.obj
 0001:0000dbbc       ?is_potentially_valid_image_base@@YA_NQEAX@Z 000000018000ebbc f   MSVCRT:utility.obj
 0001:0000e6f0       $$000000                   000000018000f6f0     MSVCRT:_guard_dispatch_.obj
 0001:0000e702       ?fin$0@?0??dllmain_crt_process_attach@@YAHQEAUHINSTANCE__@@QEAX@Z@4HA 000000018000f702 f   MSVCRT:dll_dllmain.obj
 0001:0000e719       ?fin$0@?0??dllmain_crt_process_detach@@YAH_N@Z@4HA 000000018000f719 f   MSVCRT:dll_dllmain.obj
 0001:0000e735       ?filt$0@?0??dllmain_dispatch@@YAHQEAUHINSTANCE__@@KQEAX@Z@4HA 000000018000f735 f   MSVCRT:dll_dllmain.obj
 0001:0000e76b       __scrt_is_nonwritable_in_current_image$filt$0 000000018000f76b f   MSVCRT:utility.obj
 0002:000005c0       GS_ExceptionPointers       00000001800105c0     MSVCRT:gs_report.obj
 0002:000008e0       $unwind$load_TapFilter_optimization_info 00000001800108e0     TapFilter_sfun.obj
 0002:000008e8       $unwind$unload_TapFilter_optimization_info 00000001800108e8     TapFilter_sfun.obj
 0002:000008f0       $unwind$sf_TapFilter_method_dispatcher 00000001800108f0     TapFilter_sfun.obj
 0002:000008f8       $unwind$sf_TapFilter_process_check_sum_call 00000001800108f8     TapFilter_sfun.obj
 0002:00000908       $unwind$sf_TapFilter_autoinheritance_info 0000000180010908     TapFilter_sfun.obj
 0002:00000918       $unwind$sf_TapFilter_get_eml_resolved_functions_info 0000000180010918     TapFilter_sfun.obj
 0002:00000928       $unwind$sf_TapFilter_third_party_uses_info 0000000180010928     TapFilter_sfun.obj
 0002:00000938       $unwind$sf_TapFilter_jit_fallback_info 0000000180010938     TapFilter_sfun.obj
 0002:00000948       $unwind$sf_TapFilter_updateBuildInfo_args_info 0000000180010948     TapFilter_sfun.obj
 0002:00000958       $unwind$TapFilter_debug_initialize 0000000180010958     TapFilter_sfun.obj
 0002:00000960       $unwind$sf_c2_TapFilter_get_eml_resolved_functions_info 0000000180010960     c2_TapFilter.obj
 0002:00000968       $unwind$sf_c2_TapFilter_get_check_sum 0000000180010968     c2_TapFilter.obj
 0002:00000970       $unwind$c2_TapFilter_method_dispatcher 0000000180010970     c2_TapFilter.obj
 0002:00000978       $unwind$chart_debug_initialization 0000000180010978     c2_TapFilter.obj
 0002:00000980       $unwind$chart_debug_initialize_data_addresses 0000000180010980     c2_TapFilter.obj
 0002:00000988       $unwind$initialize_c2_TapFilter 0000000180010988     c2_TapFilter.obj
 0002:00000990       $unwind$enable_c2_TapFilter 0000000180010990     c2_TapFilter.obj
 0002:00000998       $unwind$disable_c2_TapFilter 0000000180010998     c2_TapFilter.obj
 0002:000009a0       $unwind$get_sim_state_c2_TapFilter 00000001800109a0     c2_TapFilter.obj
 0002:000009a8       $unwind$set_sim_state_c2_TapFilter 00000001800109a8     c2_TapFilter.obj
 0002:000009b0       $unwind$sf_gateway_c2_TapFilter 00000001800109b0     c2_TapFilter.obj
 0002:000009c0       $unwind$c2_sf_marshallOut  00000001800109c0     c2_TapFilter.obj
 0002:000009c8       $unwind$c2_emlrt_marshallIn 00000001800109c8     c2_TapFilter.obj
 0002:000009d0       $unwind$c2_b_emlrt_marshallIn 00000001800109d0     c2_TapFilter.obj
 0002:000009d8       $unwind$c2_sf_marshallIn   00000001800109d8     c2_TapFilter.obj
 0002:000009e0       $unwind$c2_d_emlrt_marshallIn 00000001800109e0     c2_TapFilter.obj
 0002:000009e8       $unwind$c2_e_emlrt_marshallIn 00000001800109e8     c2_TapFilter.obj
 0002:000009f0       $unwind$init_simulink_io_address 00000001800109f0     c2_TapFilter.obj
 0002:000009f8       $unwind$sf_c2_TapFilter_get_post_codegen_info 00000001800109f8     c2_TapFilter.obj
[...]
 0004:00000120       $pdata$c2_sf_marshallIn    0000000180018120     c2_TapFilter.obj
 0004:0000012c       $pdata$c2_d_emlrt_marshallIn 000000018001812c     c2_TapFilter.obj
 0004:00000138       $pdata$c2_e_emlrt_marshallIn 0000000180018138     c2_TapFilter.obj
 0004:00000144       $pdata$init_simulink_io_address 0000000180018144     c2_TapFilter.obj
 0004:00000150       $pdata$sf_c2_TapFilter_get_post_codegen_info 0000000180018150     c2_TapFilter.obj
 0004:0000015c       $pdata$sf_c2_TapFilter_get_autoinheritance_info 000000018001815c     c2_TapFilter.obj
 0004:00000168       $pdata$sf_c2_TapFilter_third_party_uses_info 0000000180018168     c2_TapFilter.obj
 0004:00000174       $pdata$sf_c2_TapFilter_jit_fallback_info 0000000180018174     c2_TapFilter.obj
 0004:00000180       $pdata$sf_c2_TapFilter_updateBuildInfo_args_info 0000000180018180     c2_TapFilter.obj
 0004:0000018c       $pdata$sf_get_sim_state_info_c2_TapFilter 000000018001818c     c2_TapFilter.obj
 0004:00000198       $pdata$sf_opaque_initialize_c2_TapFilter 0000000180018198     c2_TapFilter.obj
 0004:000001a4       $pdata$sf_opaque_enable_c2_TapFilter 00000001800181a4     c2_TapFilter.obj
 0004:000001b0       $pdata$sf_opaque_disable_c2_TapFilter 00000001800181b0     c2_TapFilter.obj
 0004:000001bc       $pdata$sf_opaque_gateway_c2_TapFilter 00000001800181bc     c2_TapFilter.obj
 0004:000001c8       $pdata$sf_opaque_get_sim_state_c2_TapFilter 00000001800181c8     c2_TapFilter.obj
 0004:000001d4       $pdata$sf_opaque_set_sim_state_c2_TapFilter 00000001800181d4     c2_TapFilter.obj
 0004:000001e0       $pdata$sf_opaque_terminate_c2_TapFilter 00000001800181e0     c2_TapFilter.obj
 0004:000001ec       $pdata$mdlProcessParameters_c2_TapFilter 00000001800181ec     c2_TapFilter.obj
 0004:000001f8       $pdata$mdlSetWorkWidths_c2_TapFilter 00000001800181f8     c2_TapFilter.obj
 0004:00000204       $pdata$mdlRTW_c2_TapFilter 0000000180018204     c2_TapFilter.obj
 0004:00000210       $pdata$mdlStart_c2_TapFilter 0000000180018210     c2_TapFilter.obj
 0004:0000021c       $pdata$mexFunction         000000018001821c     TapFilter_sfun_registry.obj
 0004:00000228       $pdata$_ssSetInputPortDirectFeedThroughFcn 0000000180018228     TapFilter_sfun_registry.obj
 0004:00000234       $pdata$_ssGetInputPortSignalPtrsFcn 0000000180018234     TapFilter_sfun_registry.obj
 0004:00000240       $pdata$_ssGetInputPortSignalFcn 0000000180018240     TapFilter_sfun_registry.obj
 0004:0000024c       $pdata$_ssSetInputPortReusableFcn 000000018001824c     TapFilter_sfun_registry.obj
 0004:00000258       $pdata$_ssSetOutputPortReusableFcn 0000000180018258     TapFilter_sfun_registry.obj
 0004:00000264       $pdata$_ssSetSymbolicDimsSupport 0000000180018264     TapFilter_sfun_registry.obj
 0004:00000270       $pdata$_ssRegisterSymbolicDimsExpr 0000000180018270     TapFilter_sfun_registry.obj
 0004:0000027c       $pdata$_ssRegisterSymbolicDims 000000018001827c     TapFilter_sfun_registry.obj
 0004:00000288       $pdata$_ssRegisterSymbolicDimsString 0000000180018288     TapFilter_sfun_registry.obj
 0004:00000294       $pdata$_ssRegisterSymbolicDimsIntValue 0000000180018294     TapFilter_sfun_registry.obj
 0004:000002a0       $pdata$_ssRegisterSymbolicDimsPlus 00000001800182a0     TapFilter_sfun_registry.obj
 0004:000002ac       $pdata$_ssRegisterSymbolicDimsMinus 00000001800182ac     TapFilter_sfun_registry.obj
 0004:000002b8       $pdata$_ssRegisterSymbolicDimsMultiply 00000001800182b8     TapFilter_sfun_registry.obj
 0004:000002c4       $pdata$_ssRegisterSymbolicDimsDivide 00000001800182c4     TapFilter_sfun_registry.obj
 0004:000002d0       $pdata$_ssGetNumSymbolicDims 00000001800182d0     TapFilter_sfun_registry.obj
 0004:000002dc       $pdata$_ssGetSymbolicDim   00000001800182dc     TapFilter_sfun_registry.obj
 0004:000002e8       $pdata$_ssSetInputPortSymbolicDimsId 00000001800182e8     TapFilter_sfun_registry.obj
 0004:000002f4       $pdata$_ssGetCompInputPortSymbolicDimsId 00000001800182f4     TapFilter_sfun_registry.obj
 0004:00000300       $pdata$_ssSetCompInputPortSymbolicDimsId 0000000180018300     TapFilter_sfun_registry.obj
 0004:0000030c       $pdata$_ssSetOutputPortSymbolicDimsId 000000018001830c     TapFilter_sfun_registry.obj
 0004:00000318       $pdata$_ssGetCompOutputPortSymbolicDimsId 0000000180018318     TapFilter_sfun_registry.obj
 0004:00000324       $pdata$_ssSetCompOutputPortSymbolicDimsId 0000000180018324     TapFilter_sfun_registry.obj
 0004:00000330       $pdata$_ssSetCompDWorkSymbolicDimsId 0000000180018330     TapFilter_sfun_registry.obj
 0004:0000033c       $pdata$ssGetIsZeroCrossControlDisabled 000000018001833c     TapFilter_sfun_registry.obj
 0004:00000348       $pdata$ssSetIsInputPortUsedForContZcSignal 0000000180018348     TapFilter_sfun_registry.obj
 0004:00000354       $pdata$ssSetZcSignalIsZcElementDisc 0000000180018354     TapFilter_sfun_registry.obj
 0004:00000360       $pdata$ssSetZcSignalName   0000000180018360     TapFilter_sfun_registry.obj
 0004:0000036c       $pdata$ssSetZcSignalWidth  000000018001836c     TapFilter_sfun_registry.obj
 0004:00000378       $pdata$ssSetZcSignalZcEventType 0000000180018378     TapFilter_sfun_registry.obj
 0004:00000384       $pdata$ssSetZcSignalType   0000000180018384     TapFilter_sfun_registry.obj
 0004:00000390       $pdata$ssSetZcSignalZcTol  0000000180018390     TapFilter_sfun_registry.obj
 0004:0000039c       $pdata$ssSetZcSignalNeedsEventNotification 000000018001839c     TapFilter_sfun_registry.obj
 0004:000003a8       $pdata$ssCreateAndAddZcSignalInfo 00000001800183a8     TapFilter_sfun_registry.obj
 0004:000003b4       $pdata$ssCloneAndAddZcSignalInfo 00000001800183b4     TapFilter_sfun_registry.obj
 0004:000003c0       $pdata$ssGetNumZcSignals   00000001800183c0     TapFilter_sfun_registry.obj
 0004:000003cc       $pdata$ssGetZcSignalVector 00000001800183cc     TapFilter_sfun_registry.obj
 0004:000003d8       $pdata$ssGetZcSignalName   00000001800183d8     TapFilter_sfun_registry.obj
 0004:000003e4       $pdata$ssGetZcSignalWidth  00000001800183e4     TapFilter_sfun_registry.obj
 0004:000003f0       $pdata$ssGetZcSignalZcEventType 00000001800183f0     TapFilter_sfun_registry.obj
 0004:000003fc       $pdata$ssGetZcSignalZcEvents 00000001800183fc     TapFilter_sfun_registry.obj
 0004:00000408       $pdata$ssGetZcSignalType   0000000180018408     TapFilter_sfun_registry.obj
 0004:00000414       $pdata$ssGetZcSignalZcTol  0000000180018414     TapFilter_sfun_registry.obj
 0004:00000420       $pdata$ssGetZcSignalNeedsEventNotification 0000000180018420     TapFilter_sfun_registry.obj
 0004:0000042c       $pdata$ssGetZcSignalIsZcElementDisc 000000018001842c     TapFilter_sfun_registry.obj
 0004:00000438       $pdata$ssGetIsInputPortElementContinuous 0000000180018438     TapFilter_sfun_registry.obj
 0004:00000444       $pdata$_ssSetIWorkValueFcn 0000000180018444     TapFilter_sfun_registry.obj
 0004:00000450       $pdata$_ssGetIWorkValueFcn 0000000180018450     TapFilter_sfun_registry.obj
 0004:0000045c       $pdata$_ssSetRWorkValueFcn 000000018001845c     TapFilter_sfun_registry.obj
 0004:00000468       $pdata$_ssGetRWorkValueFcn 0000000180018468     TapFilter_sfun_registry.obj
 0004:00000474       $pdata$_ssSetPWorkValueFcn 0000000180018474     TapFilter_sfun_registry.obj
 0004:00000480       $pdata$_ssGetPWorkValueFcn 0000000180018480     TapFilter_sfun_registry.obj
 0004:0000048c       $pdata$ssGetDTypeIdFromMxArray 000000018001848c     TapFilter_sfun_registry.obj
 0004:00000498       $pdata$ssWriteRTWStr       0000000180018498     TapFilter_sfun_registry.obj
 0004:000004a4       $pdata$ssWriteRTWNameValuePair 00000001800184a4     TapFilter_sfun_registry.obj
 0004:000004b0       $pdata$ssWriteRTWParamSettings 00000001800184b0     TapFilter_sfun_registry.obj
 0004:000004bc       $pdata$ssWriteRTWParameters 00000001800184bc     TapFilter_sfun_registry.obj
 0004:000004c8       $pdata$ssWriteRTWWorkVect  00000001800184c8     TapFilter_sfun_registry.obj
 0004:000004d4       $pdata$ssWriteRTWMxVectParam 00000001800184d4     TapFilter_sfun_registry.obj
 0004:000004e0       $pdata$ssWriteRTWMx2dMatParam 00000001800184e0     TapFilter_sfun_registry.obj
 0004:000004ec       $pdata$_ssSetInputPortMatrixDimensions 00000001800184ec     TapFilter_sfun_registry.obj
 0004:000004f8       $pdata$_ssSetOutputPortMatrixDimensions 00000001800184f8     TapFilter_sfun_registry.obj
 0004:00000504       $pdata$_ssSetInputPortVectorDimension 0000000180018504     TapFilter_sfun_registry.obj
 0004:00000510       $pdata$_ssSetOutputPortVectorDimension 0000000180018510     TapFilter_sfun_registry.obj
 0004:0000051c       $pdata$ssIsRunTimeParamTunable 000000018001851c     TapFilter_sfun_registry.obj
 0004:00000528       $pdata$ssGetSFuncBlockHandle 0000000180018528     TapFilter_sfun_registry.obj
 0004:00000534       $pdata$_ssGetCurrentInputPortWidth 0000000180018534     TapFilter_sfun_registry.obj
 0004:00000540       $pdata$_ssGetCurrentOutputPortWidth 0000000180018540     TapFilter_sfun_registry.obj
 0004:0000054c       $pdata$_ssGetCallSystemNumFcnCallDestinations 000000018001854c     TapFilter_sfun_registry.obj
 0004:00000558       $pdata$ssGetParameterTuningCompliance 0000000180018558     TapFilter_sfun_registry.obj
 0004:00000564       $pdata$ssWarning           0000000180018564     TapFilter_sfun_registry.obj
 0004:00000570       $pdata$_ssGetAbsTol        0000000180018570     TapFilter_sfun_registry.obj
 0004:0000057c       $pdata$sf_process_check_sum_call 000000018001857c     TapFilter_sfun_registry.obj
 0004:00000588       $pdata$sf_process_autoinheritance_call 0000000180018588     TapFilter_sfun_registry.obj
 0004:00000594       $pdata$sf_process_get_third_party_uses_info_call 0000000180018594     TapFilter_sfun_registry.obj
 0004:000005a0       $pdata$sf_process_get_jit_fallback_info_call 00000001800185a0     TapFilter_sfun_registry.obj
 0004:000005ac       $pdata$sf_process_get_updateBuildInfo_args_info_call 00000001800185ac     TapFilter_sfun_registry.obj
 0004:000005b8       $pdata$sf_process_get_eml_resolved_functions_info_call 00000001800185b8     TapFilter_sfun_registry.obj
 0004:000005c4       $pdata$sf_mex_unlock_call  00000001800185c4     TapFilter_sfun_registry.obj
 0004:000005d0       $pdata$sf_debug_api_wrapper 00000001800185d0     TapFilter_sfun_registry.obj
 0004:000005dc       $pdata$ProcessMexSfunctionCmdLineCall 00000001800185dc     TapFilter_sfun_registry.obj
 0004:000005e8       $pdata$sf_machine_global_initializer_called 00000001800185e8     TapFilter_sfun_registry.obj
 0004:000005f4       $pdata$sf_machine_global_method_dispatcher 00000001800185f4     TapFilter_sfun_registry.obj
 0004:00000600       $pdata$sf_machine_global_terminator 0000000180018600     TapFilter_sfun_registry.obj
 0004:0000060c       $pdata$sf_register_machine_exported_symbols 000000018001860c     TapFilter_sfun_registry.obj
 0004:00000618       $pdata$sf_machine_global_initializer 0000000180018618     TapFilter_sfun_registry.obj
 0004:00000624       $pdata$mdlGetSimState      0000000180018624     TapFilter_sfun_registry.obj
 0004:00000630       $pdata$mdlSetSimState      0000000180018630     TapFilter_sfun_registry.obj
 0004:0000063c       $pdata$mdlSetWorkWidths    000000018001863c     TapFilter_sfun_registry.obj
 0004:00000648       $pdata$mdlProcessParameters 0000000180018648     TapFilter_sfun_registry.obj
 0004:00000654       $pdata$mdl_start_processing 0000000180018654     TapFilter_sfun_registry.obj
 0004:00000660       $pdata$mdl_terminate_processing 0000000180018660     TapFilter_sfun_registry.obj
 0004:0000066c       $pdata$mdlStart            000000018001866c     TapFilter_sfun_registry.obj
 0004:00000678       $pdata$mdlTerminate        0000000180018678     TapFilter_sfun_registry.obj
 0004:00000684       $pdata$mdlInitializeSizes  0000000180018684     TapFilter_sfun_registry.obj
 0004:00000690       $pdata$mdlInitializeSampleTimes 0000000180018690     TapFilter_sfun_registry.obj
 0004:0000069c       $pdata$mdl_outputs_continuous_legacy 000000018001869c     TapFilter_sfun_registry.obj
 0004:000006a8       $pdata$mdl_outputs_processing 00000001800186a8     TapFilter_sfun_registry.obj
 0004:000006b4       $pdata$mdl_zeroCrossings_processing 00000001800186b4     TapFilter_sfun_registry.obj
 0004:000006c0       $pdata$mdlZeroCrossings    00000001800186c0     TapFilter_sfun_registry.obj
 0004:000006cc       $pdata$mdl_derivatives_processing 00000001800186cc     TapFilter_sfun_registry.obj
 0004:000006d8       $pdata$mdlDerivatives      00000001800186d8     TapFilter_sfun_registry.obj
 0004:000006e4       $pdata$mdl_initialize_conditions_processing 00000001800186e4     TapFilter_sfun_registry.obj
 0004:000006f0       $pdata$mdlInitializeConditions 00000001800186f0     TapFilter_sfun_registry.obj
 0004:000006fc       $pdata$mdl_ext_mode_exec_processing 00000001800186fc     TapFilter_sfun_registry.obj
 0004:00000708       $pdata$mdlExtModeExec      0000000180018708     TapFilter_sfun_registry.obj
 0004:00000714       $pdata$mdlRTW              0000000180018714     TapFilter_sfun_registry.obj
 0004:00000720       $pdata$mdl_enable_processing 0000000180018720     TapFilter_sfun_registry.obj
 0004:0000072c       $pdata$mdlEnable           000000018001872c     TapFilter_sfun_registry.obj
 0004:00000738       $pdata$mdl_disable_processing 0000000180018738     TapFilter_sfun_registry.obj
 0004:00000744       $pdata$mdlDisable          0000000180018744     TapFilter_sfun_registry.obj
 0004:00000750       $pdata$mdlOutputs          0000000180018750     TapFilter_sfun_registry.obj
 0004:0000075c       $pdata$mdl_update_processing 000000018001875c     TapFilter_sfun_registry.obj
 0004:00000768       $pdata$mdlUpdate           0000000180018768     TapFilter_sfun_registry.obj
 0004:00000774       $pdata$ProcessMexSfunctionEveryCall 0000000180018774     TapFilter_sfun_registry.obj
 0004:00000780       $pdata$_RegNumInputPortsCB 0000000180018780     TapFilter_sfun_registry.obj
 0004:0000078c       $pdata$_RegNumOutputPortsCB 000000018001878c     TapFilter_sfun_registry.obj
 0004:00000798       $pdata$_CreateSimStruct    0000000180018798     TapFilter_sfun_registry.obj
 0004:000007a4       $pdata$_ProcessMexSfunctionCmdLineCall 00000001800187a4     TapFilter_sfun_registry.obj
 0004:000007b0       $pdata$ReportIndexOutOfBoundsError 00000001800187b0     TapFilter_sfun_registry.obj
 0004:000007bc       $pdata$_vsnprintf_l        00000001800187bc     TapFilter_sfun_registry.obj
 0004:000007c8       $pdata$_vsprintf_l         00000001800187c8     TapFilter_sfun_registry.obj
 0004:000007d4       $pdata$sprintf             00000001800187d4     TapFilter_sfun_registry.obj
 0004:000007e0       $pdata$__raise_securityfailure 00000001800187e0     MSVCRT:gs_report.obj
 0004:000007ec       $pdata$__report_gsfailure  00000001800187ec     MSVCRT:gs_report.obj
 0004:000007f8       $pdata$__report_rangecheckfailure 00000001800187f8     MSVCRT:gs_report.obj
 0004:00000804       $pdata$__report_securityfailure 0000000180018804     MSVCRT:gs_report.obj
 0004:00000810       $pdata$__report_securityfailureEx 0000000180018810     MSVCRT:gs_report.obj
 0004:0000081c       $pdata$capture_current_context 000000018001881c     MSVCRT:gs_report.obj
 0004:00000828       $pdata$capture_previous_context 0000000180018828     MSVCRT:gs_report.obj
 0004:00000834       $pdata$__GSHandlerCheck    0000000180018834     MSVCRT:_gshandler_.obj
 0004:00000840       $pdata$__GSHandlerCheckCommon 0000000180018840     MSVCRT:_gshandler_.obj
 0004:00000858       $pdata$?dllmain_crt_dispatch@@YAHQEAUHINSTANCE__@@KQEAX@Z 0000000180018858     MSVCRT:dll_dllmain.obj
 0004:00000864       $pdata$?dllmain_crt_process_attach@@YAHQEAUHINSTANCE__@@QEAX@Z 0000000180018864     MSVCRT:dll_dllmain.obj
 0004:00000870       $pdata$?dllmain_crt_process_detach@@YAH_N@Z 0000000180018870     MSVCRT:dll_dllmain.obj
 0004:0000087c       $pdata$?dllmain_dispatch@@YAHQEAUHINSTANCE__@@KQEAX@Z 000000018001887c     MSVCRT:dll_dllmain.obj
 0004:00000888       $pdata$?dllmain_raw@@YAHQEAUHINSTANCE__@@KQEAX@Z 0000000180018888     MSVCRT:dll_dllmain.obj
 0004:00000894       $pdata$_DllMainCRTStartup  0000000180018894     MSVCRT:dll_dllmain.obj
 0004:000008a0       $pdata$?configure_argv@__scrt_narrow_argv_policy@@SAHXZ 00000001800188a0     MSVCRT:utility.obj
 0004:000008ac       $pdata$__scrt_acquire_startup_lock 00000001800188ac     MSVCRT:utility.obj
 0004:000008b8       $pdata$__scrt_dllmain_after_initialize_c 00000001800188b8     MSVCRT:utility.obj
 0004:000008c4       $pdata$__scrt_dllmain_before_initialize_c 00000001800188c4     MSVCRT:utility.obj
 0004:000008d0       $pdata$__scrt_dllmain_crt_thread_attach 00000001800188d0     MSVCRT:utility.obj
 0004:000008dc       $pdata$__scrt_dllmain_crt_thread_detach 00000001800188dc     MSVCRT:utility.obj
 0004:000008e8       $pdata$__scrt_dllmain_exception_filter 00000001800188e8     MSVCRT:utility.obj
 0004:000008f4       $pdata$__scrt_dllmain_uninitialize_c 00000001800188f4     MSVCRT:utility.obj
 0004:00000900       $pdata$__scrt_dllmain_uninitialize_critical 0000000180018900     MSVCRT:utility.obj
 0004:0000090c       $pdata$__scrt_initialize_crt 000000018001890c     MSVCRT:utility.obj
 0004:00000918       $pdata$__scrt_initialize_onexit_tables 0000000180018918     MSVCRT:utility.obj
 0004:00000924       $pdata$__scrt_is_nonwritable_in_current_image 0000000180018924     MSVCRT:utility.obj
 0004:00000930       $pdata$__scrt_release_startup_lock 0000000180018930     MSVCRT:utility.obj
 0004:0000093c       $pdata$__scrt_uninitialize_crt 000000018001893c     MSVCRT:utility.obj
 0004:00000948       $pdata$_onexit             0000000180018948     MSVCRT:utility.obj
 0004:00000954       $pdata$atexit              0000000180018954     MSVCRT:utility.obj
 0004:00000960       $pdata$__security_init_cookie 0000000180018960     MSVCRT:gs_support.obj
 0004:0000096c       $pdata$DllMain             000000018001896c     MSVCRT:dll_dllmain_stub.obj
 0004:00000978       $pdata$__scrt_initialize_default_local_stdio_options 0000000180018978     MSVCRT:default_local_stdio_options.obj
 0004:00000984       $pdata$__scrt_fastfail     0000000180018984     MSVCRT:utility_desktop.obj
 0004:00000990       $pdata$__scrt_get_show_window_mode 0000000180018990     MSVCRT:utility_desktop.obj
 0004:0000099c       $pdata$__scrt_is_managed_app 000000018001899c     MSVCRT:utility_desktop.obj
 0004:000009a8       $pdata$__scrt_unhandled_exception_filter 00000001800189a8     MSVCRT:utility_desktop.obj
 0004:000009b4       $pdata$_RTC_Initialize     00000001800189b4     MSVCRT:_initsect_.obj
 0004:000009c0       $pdata$_RTC_Terminate      00000001800189c0     MSVCRT:_initsect_.obj
 0004:000009cc       $pdata$__isa_available_init 00000001800189cc     MSVCRT:_cpu_disp_.obj
 0004:000009e4       $pdata$?fin$0@?0??dllmain_crt_process_attach@@YAHQEAUHINSTANCE__@@QEAX@Z@4HA 00000001800189e4     MSVCRT:dll_dllmain.obj
 0004:000009f0       $pdata$?fin$0@?0??dllmain_crt_process_detach@@YAH_N@Z@4HA 00000001800189f0     MSVCRT:dll_dllmain.obj
 0004:000009fc       $pdata$?filt$0@?0??dllmain_dispatch@@YAHQEAUHINSTANCE__@@KQEAX@Z@4HA 00000001800189fc     MSVCRT:dll_dllmain.obj
 0004:00000a08       $pdata$__scrt_is_nonwritable_in_current_image$filt$0 0000000180018a08     MSVCRT:utility.obj
 0005:00000000       __guard_fids_?dllmain_crt_process_attach@@YAHQEAUHINSTANCE__@@QEAX@Z 0000000180019000     MSVCRT:dll_dllmain.obj
 0005:00000008       __guard_fids_?dllmain_dispatch@@YAHQEAUHINSTANCE__@@KQEAX@Z 0000000180019008     MSVCRT:dll_dllmain.obj
 0005:0000000c       __guard_fids___scrt_set_unhandled_exception_filter 000000018001900c     MSVCRT:utility_desktop.obj
 0005:00000010       __guard_fids__             0000000180019010     MSVCRT:guard_support.obj
 0005:00000014       __guard_fids__guard_icall_checks_enforced 0000000180019014     MSVCRT:guard_support.obj
